<?xml version="1.0"?>
<link_info>
   <banner>MSP430 Linker PC v4.3.5</banner>
   <copyright>Copyright (c) 2003-2014 Texas Instruments Incorporated</copyright>
   <link_time>0x5797449f</link_time>
   <link_errors>0x0</link_errors>
   <output_file>APasdatahub.out</output_file>
   <entry_point>
      <name>_c_int00</name>
      <address>0xab08</address>
   </entry_point>
   <input_file_list>
      <input_file id="fl-2">
         <path>.\libraries\sensors\</path>
         <kind>object</kind>
         <file>adc_func_set.obj</file>
         <name>adc_func_set.obj</name>
      </input_file>
      <input_file id="fl-3">
         <path>.\libraries\sensors\</path>
         <kind>object</kind>
         <file>adxl362.obj</file>
         <name>adxl362.obj</name>
      </input_file>
      <input_file id="fl-4">
         <path>.\libraries\sensors\</path>
         <kind>object</kind>
         <file>lps25h.obj</file>
         <name>lps25h.obj</name>
      </input_file>
      <input_file id="fl-5">
         <path>.\libraries\sensors\</path>
         <kind>object</kind>
         <file>oa_func_set.obj</file>
         <name>oa_func_set.obj</name>
      </input_file>
      <input_file id="fl-6">
         <path>.\libraries\sensors\</path>
         <kind>object</kind>
         <file>pd_func_set.obj</file>
         <name>pd_func_set.obj</name>
      </input_file>
      <input_file id="fl-7">
         <path>.\libraries\sensors\</path>
         <kind>object</kind>
         <file>sht21.obj</file>
         <name>sht21.obj</name>
      </input_file>
      <input_file id="fl-8">
         <path>.\libraries\general\</path>
         <kind>object</kind>
         <file>gen_func_set.obj</file>
         <name>gen_func_set.obj</name>
      </input_file>
      <input_file id="fl-9">
         <path>.\libraries\comms\</path>
         <kind>object</kind>
         <file>i2c.obj</file>
         <name>i2c.obj</name>
      </input_file>
      <input_file id="fl-a">
         <path>.\libraries\comms\</path>
         <kind>object</kind>
         <file>spi.obj</file>
         <name>spi.obj</name>
      </input_file>
      <input_file id="fl-b">
         <path>.\libraries\comms\</path>
         <kind>object</kind>
         <file>usci.obj</file>
         <name>usci.obj</name>
      </input_file>
      <input_file id="fl-c">
         <path>.\Peer Applications\</path>
         <kind>object</kind>
         <file>SEH_ED_v1.5.obj</file>
         <name>SEH_ED_v1.5.obj</name>
      </input_file>
      <input_file id="fl-d">
         <path>.\Peer Applications\</path>
         <kind>object</kind>
         <file>vlo_rand.obj</file>
         <name>vlo_rand.obj</name>
      </input_file>
      <input_file id="fl-e">
         <path>.\Components\simpliciti\nwk\</path>
         <kind>object</kind>
         <file>nwk.obj</file>
         <name>nwk.obj</name>
      </input_file>
      <input_file id="fl-f">
         <path>.\Components\simpliciti\nwk\</path>
         <kind>object</kind>
         <file>nwk_QMgmt.obj</file>
         <name>nwk_QMgmt.obj</name>
      </input_file>
      <input_file id="fl-10">
         <path>.\Components\simpliciti\nwk\</path>
         <kind>object</kind>
         <file>nwk_api.obj</file>
         <name>nwk_api.obj</name>
      </input_file>
      <input_file id="fl-11">
         <path>.\Components\simpliciti\nwk\</path>
         <kind>object</kind>
         <file>nwk_frame.obj</file>
         <name>nwk_frame.obj</name>
      </input_file>
      <input_file id="fl-12">
         <path>.\Components\simpliciti\nwk\</path>
         <kind>object</kind>
         <file>nwk_globals.obj</file>
         <name>nwk_globals.obj</name>
      </input_file>
      <input_file id="fl-13">
         <path>.\Components\simpliciti\network_applications\</path>
         <kind>object</kind>
         <file>nwk_freq.obj</file>
         <name>nwk_freq.obj</name>
      </input_file>
      <input_file id="fl-14">
         <path>.\Components\simpliciti\network_applications\</path>
         <kind>object</kind>
         <file>nwk_ioctl.obj</file>
         <name>nwk_ioctl.obj</name>
      </input_file>
      <input_file id="fl-15">
         <path>.\Components\simpliciti\network_applications\</path>
         <kind>object</kind>
         <file>nwk_join.obj</file>
         <name>nwk_join.obj</name>
      </input_file>
      <input_file id="fl-16">
         <path>.\Components\simpliciti\network_applications\</path>
         <kind>object</kind>
         <file>nwk_link.obj</file>
         <name>nwk_link.obj</name>
      </input_file>
      <input_file id="fl-17">
         <path>.\Components\simpliciti\network_applications\</path>
         <kind>object</kind>
         <file>nwk_mgmt.obj</file>
         <name>nwk_mgmt.obj</name>
      </input_file>
      <input_file id="fl-18">
         <path>.\Components\simpliciti\network_applications\</path>
         <kind>object</kind>
         <file>nwk_ping.obj</file>
         <name>nwk_ping.obj</name>
      </input_file>
      <input_file id="fl-19">
         <path>.\Components\simpliciti\network_applications\</path>
         <kind>object</kind>
         <file>nwk_security.obj</file>
         <name>nwk_security.obj</name>
      </input_file>
      <input_file id="fl-1a">
         <path>.\Components\mrfi\</path>
         <kind>object</kind>
         <file>mrfi.obj</file>
         <name>mrfi.obj</name>
      </input_file>
      <input_file id="fl-1b">
         <path>.\Components\bsp\</path>
         <kind>object</kind>
         <file>bsp.obj</file>
         <name>bsp.obj</name>
      </input_file>
      <input_file id="fl-48">
         <path>c:\ti\ccsv6\tools\compiler\msp430_4.3.5\lib\</path>
         <kind>archive</kind>
         <file>rts430.lib</file>
         <name>asr32.obj</name>
      </input_file>
      <input_file id="fl-49">
         <path>c:\ti\ccsv6\tools\compiler\msp430_4.3.5\lib\</path>
         <kind>archive</kind>
         <file>rts430.lib</file>
         <name>boot.obj</name>
      </input_file>
      <input_file id="fl-4a">
         <path>c:\ti\ccsv6\tools\compiler\msp430_4.3.5\lib\</path>
         <kind>archive</kind>
         <file>rts430.lib</file>
         <name>copy_decompress_none.obj</name>
      </input_file>
      <input_file id="fl-4b">
         <path>c:\ti\ccsv6\tools\compiler\msp430_4.3.5\lib\</path>
         <kind>archive</kind>
         <file>rts430.lib</file>
         <name>copy_decompress_rle.obj</name>
      </input_file>
      <input_file id="fl-4c">
         <path>c:\ti\ccsv6\tools\compiler\msp430_4.3.5\lib\</path>
         <kind>archive</kind>
         <file>rts430.lib</file>
         <name>copy_zero_init.obj</name>
      </input_file>
      <input_file id="fl-4d">
         <path>c:\ti\ccsv6\tools\compiler\msp430_4.3.5\lib\</path>
         <kind>archive</kind>
         <file>rts430.lib</file>
         <name>div16s.obj</name>
      </input_file>
      <input_file id="fl-4e">
         <path>c:\ti\ccsv6\tools\compiler\msp430_4.3.5\lib\</path>
         <kind>archive</kind>
         <file>rts430.lib</file>
         <name>div16u.obj</name>
      </input_file>
      <input_file id="fl-4f">
         <path>c:\ti\ccsv6\tools\compiler\msp430_4.3.5\lib\</path>
         <kind>archive</kind>
         <file>rts430.lib</file>
         <name>div32u.obj</name>
      </input_file>
      <input_file id="fl-50">
         <path>c:\ti\ccsv6\tools\compiler\msp430_4.3.5\lib\</path>
         <kind>archive</kind>
         <file>rts430.lib</file>
         <name>epilog.obj</name>
      </input_file>
      <input_file id="fl-51">
         <path>c:\ti\ccsv6\tools\compiler\msp430_4.3.5\lib\</path>
         <kind>archive</kind>
         <file>rts430.lib</file>
         <name>exit.obj</name>
      </input_file>
      <input_file id="fl-52">
         <path>c:\ti\ccsv6\tools\compiler\msp430_4.3.5\lib\</path>
         <kind>archive</kind>
         <file>rts430.lib</file>
         <name>fs_add.obj</name>
      </input_file>
      <input_file id="fl-53">
         <path>c:\ti\ccsv6\tools\compiler\msp430_4.3.5\lib\</path>
         <kind>archive</kind>
         <file>rts430.lib</file>
         <name>fs_mpy.obj</name>
      </input_file>
      <input_file id="fl-54">
         <path>c:\ti\ccsv6\tools\compiler\msp430_4.3.5\lib\</path>
         <kind>archive</kind>
         <file>rts430.lib</file>
         <name>fs_toi.obj</name>
      </input_file>
      <input_file id="fl-55">
         <path>c:\ti\ccsv6\tools\compiler\msp430_4.3.5\lib\</path>
         <kind>archive</kind>
         <file>rts430.lib</file>
         <name>fs_tou.obj</name>
      </input_file>
      <input_file id="fl-56">
         <path>c:\ti\ccsv6\tools\compiler\msp430_4.3.5\lib\</path>
         <kind>archive</kind>
         <file>rts430.lib</file>
         <name>fs_utof.obj</name>
      </input_file>
      <input_file id="fl-57">
         <path>c:\ti\ccsv6\tools\compiler\msp430_4.3.5\lib\</path>
         <kind>archive</kind>
         <file>rts430.lib</file>
         <name>int00.obj</name>
      </input_file>
      <input_file id="fl-58">
         <path>c:\ti\ccsv6\tools\compiler\msp430_4.3.5\lib\</path>
         <kind>archive</kind>
         <file>rts430.lib</file>
         <name>int01.obj</name>
      </input_file>
      <input_file id="fl-59">
         <path>c:\ti\ccsv6\tools\compiler\msp430_4.3.5\lib\</path>
         <kind>archive</kind>
         <file>rts430.lib</file>
         <name>int04.obj</name>
      </input_file>
      <input_file id="fl-5a">
         <path>c:\ti\ccsv6\tools\compiler\msp430_4.3.5\lib\</path>
         <kind>archive</kind>
         <file>rts430.lib</file>
         <name>int08.obj</name>
      </input_file>
      <input_file id="fl-5b">
         <path>c:\ti\ccsv6\tools\compiler\msp430_4.3.5\lib\</path>
         <kind>archive</kind>
         <file>rts430.lib</file>
         <name>int09.obj</name>
      </input_file>
      <input_file id="fl-5c">
         <path>c:\ti\ccsv6\tools\compiler\msp430_4.3.5\lib\</path>
         <kind>archive</kind>
         <file>rts430.lib</file>
         <name>int10.obj</name>
      </input_file>
      <input_file id="fl-5d">
         <path>c:\ti\ccsv6\tools\compiler\msp430_4.3.5\lib\</path>
         <kind>archive</kind>
         <file>rts430.lib</file>
         <name>int11.obj</name>
      </input_file>
      <input_file id="fl-5e">
         <path>c:\ti\ccsv6\tools\compiler\msp430_4.3.5\lib\</path>
         <kind>archive</kind>
         <file>rts430.lib</file>
         <name>int12.obj</name>
      </input_file>
      <input_file id="fl-5f">
         <path>c:\ti\ccsv6\tools\compiler\msp430_4.3.5\lib\</path>
         <kind>archive</kind>
         <file>rts430.lib</file>
         <name>int14.obj</name>
      </input_file>
      <input_file id="fl-60">
         <path>c:\ti\ccsv6\tools\compiler\msp430_4.3.5\lib\</path>
         <kind>archive</kind>
         <file>rts430.lib</file>
         <name>isr_trap.obj</name>
      </input_file>
      <input_file id="fl-61">
         <path>c:\ti\ccsv6\tools\compiler\msp430_4.3.5\lib\</path>
         <kind>archive</kind>
         <file>rts430.lib</file>
         <name>lsl32.obj</name>
      </input_file>
      <input_file id="fl-62">
         <path>c:\ti\ccsv6\tools\compiler\msp430_4.3.5\lib\</path>
         <kind>archive</kind>
         <file>rts430.lib</file>
         <name>lsr16.obj</name>
      </input_file>
      <input_file id="fl-63">
         <path>c:\ti\ccsv6\tools\compiler\msp430_4.3.5\lib\</path>
         <kind>archive</kind>
         <file>rts430.lib</file>
         <name>lsr32.obj</name>
      </input_file>
      <input_file id="fl-64">
         <path>c:\ti\ccsv6\tools\compiler\msp430_4.3.5\lib\</path>
         <kind>archive</kind>
         <file>rts430.lib</file>
         <name>memcmp.obj</name>
      </input_file>
      <input_file id="fl-65">
         <path>c:\ti\ccsv6\tools\compiler\msp430_4.3.5\lib\</path>
         <kind>archive</kind>
         <file>rts430.lib</file>
         <name>memcpy.obj</name>
      </input_file>
      <input_file id="fl-66">
         <path>c:\ti\ccsv6\tools\compiler\msp430_4.3.5\lib\</path>
         <kind>archive</kind>
         <file>rts430.lib</file>
         <name>memset.obj</name>
      </input_file>
      <input_file id="fl-67">
         <path>c:\ti\ccsv6\tools\compiler\msp430_4.3.5\lib\</path>
         <kind>archive</kind>
         <file>rts430.lib</file>
         <name>mpu_init.obj</name>
      </input_file>
      <input_file id="fl-68">
         <path>c:\ti\ccsv6\tools\compiler\msp430_4.3.5\lib\</path>
         <kind>archive</kind>
         <file>rts430.lib</file>
         <name>mult16.obj</name>
      </input_file>
      <input_file id="fl-69">
         <path>c:\ti\ccsv6\tools\compiler\msp430_4.3.5\lib\</path>
         <kind>archive</kind>
         <file>rts430.lib</file>
         <name>mult32.obj</name>
      </input_file>
      <input_file id="fl-6a">
         <path>c:\ti\ccsv6\tools\compiler\msp430_4.3.5\lib\</path>
         <kind>archive</kind>
         <file>rts430.lib</file>
         <name>pre_init.obj</name>
      </input_file>
      <input_file id="fl-6b">
         <path>c:\ti\ccsv6\tools\compiler\msp430_4.3.5\lib\</path>
         <kind>archive</kind>
         <file>rts430.lib</file>
         <name>_lock.obj</name>
      </input_file>
      <input_file id="fl-6c">
         <path>c:\ti\ccsv6\tools\compiler\msp430_4.3.5\lib\</path>
         <kind>archive</kind>
         <file>rts430.lib</file>
         <name>args_main.obj</name>
      </input_file>
      <input_file id="fl-6d">
         <path>c:\ti\ccsv6\tools\compiler\msp430_4.3.5\lib\</path>
         <kind>archive</kind>
         <file>rts430.lib</file>
         <name>autoinit.obj</name>
      </input_file>
   </input_file_list>
   <object_component_list>
      <object_component id="oc-33">
         <name>.bss</name>
         <uninitialized>true</uninitialized>
         <run_address>0x372</run_address>
         <size>0x6</size>
         <input_file_ref idref="fl-3"/>
      </object_component>
      <object_component id="oc-39">
         <name>.bss</name>
         <uninitialized>true</uninitialized>
         <run_address>0x378</run_address>
         <size>0x4</size>
         <input_file_ref idref="fl-4"/>
      </object_component>
      <object_component id="oc-4a">
         <name>.bss</name>
         <uninitialized>true</uninitialized>
         <run_address>0x384</run_address>
         <size>0x4</size>
         <input_file_ref idref="fl-7"/>
      </object_component>
      <object_component id="oc-50">
         <name>.bss</name>
         <uninitialized>true</uninitialized>
         <run_address>0x32e</run_address>
         <size>0x14</size>
         <input_file_ref idref="fl-8"/>
      </object_component>
      <object_component id="oc-57">
         <name>.bss</name>
         <uninitialized>true</uninitialized>
         <run_address>0x342</run_address>
         <size>0xf</size>
         <input_file_ref idref="fl-9"/>
      </object_component>
      <object_component id="oc-5e">
         <name>.bss</name>
         <uninitialized>true</uninitialized>
         <run_address>0x314</run_address>
         <size>0x1a</size>
         <input_file_ref idref="fl-a"/>
      </object_component>
      <object_component id="oc-64">
         <name>.bss</name>
         <uninitialized>true</uninitialized>
         <run_address>0x38d</run_address>
         <size>0x1</size>
         <input_file_ref idref="fl-b"/>
      </object_component>
      <object_component id="oc-6b">
         <name>.bss</name>
         <uninitialized>true</uninitialized>
         <run_address>0x2c0</run_address>
         <size>0x2e</size>
         <input_file_ref idref="fl-c"/>
      </object_component>
      <object_component id="oc-78">
         <name>.bss</name>
         <uninitialized>true</uninitialized>
         <run_address>0x2ee</run_address>
         <size>0x26</size>
         <input_file_ref idref="fl-e"/>
      </object_component>
      <object_component id="oc-7f">
         <name>.bss</name>
         <uninitialized>true</uninitialized>
         <run_address>0x200</run_address>
         <size>0x90</size>
         <input_file_ref idref="fl-f"/>
      </object_component>
      <object_component id="oc-85">
         <name>.bss</name>
         <uninitialized>true</uninitialized>
         <run_address>0x369</run_address>
         <size>0x1</size>
         <input_file_ref idref="fl-10"/>
      </object_component>
      <object_component id="oc-8c">
         <name>.bss</name>
         <uninitialized>true</uninitialized>
         <run_address>0x35a</run_address>
         <size>0x8</size>
         <input_file_ref idref="fl-11"/>
      </object_component>
      <object_component id="oc-93">
         <name>.bss</name>
         <uninitialized>true</uninitialized>
         <run_address>0x351</run_address>
         <size>0x9</size>
         <input_file_ref idref="fl-12"/>
      </object_component>
      <object_component id="oc-9b">
         <name>.bss</name>
         <uninitialized>true</uninitialized>
         <run_address>0x38b</run_address>
         <size>0x2</size>
         <input_file_ref idref="fl-13"/>
      </object_component>
      <object_component id="oc-a7">
         <name>.bss</name>
         <uninitialized>true</uninitialized>
         <run_address>0x362</run_address>
         <size>0x7</size>
         <input_file_ref idref="fl-15"/>
      </object_component>
      <object_component id="oc-ae">
         <name>.bss</name>
         <uninitialized>true</uninitialized>
         <run_address>0x36a</run_address>
         <size>0x7</size>
         <input_file_ref idref="fl-16"/>
      </object_component>
      <object_component id="oc-b5">
         <name>.bss</name>
         <uninitialized>true</uninitialized>
         <run_address>0x388</run_address>
         <size>0x3</size>
         <input_file_ref idref="fl-17"/>
      </object_component>
      <object_component id="oc-bc">
         <name>.bss</name>
         <uninitialized>true</uninitialized>
         <run_address>0x371</run_address>
         <size>0x1</size>
         <input_file_ref idref="fl-18"/>
      </object_component>
      <object_component id="oc-c8">
         <name>.bss</name>
         <uninitialized>true</uninitialized>
         <run_address>0x290</run_address>
         <size>0x30</size>
         <input_file_ref idref="fl-1a"/>
      </object_component>
      <object_component id="oc-d8">
         <name>.bss</name>
         <uninitialized>true</uninitialized>
         <run_address>0x380</run_address>
         <size>0x4</size>
         <input_file_ref idref="fl-49"/>
      </object_component>
      <object_component id="oc-155">
         <name>.bss</name>
         <uninitialized>true</uninitialized>
         <run_address>0x37c</run_address>
         <size>0x4</size>
         <input_file_ref idref="fl-6b"/>
      </object_component>
      <object_component id="oc-da">
         <name>.stack</name>
         <uninitialized>true</uninitialized>
         <run_address>0x5b0</run_address>
         <size>0x2</size>
         <input_file_ref idref="fl-49"/>
      </object_component>
      <object_component id="oc-224">
         <name>.stack</name>
         <uninitialized>true</uninitialized>
         <run_address>0x5b0</run_address>
         <size>0x0</size>
      </object_component>
      <object_component id="oc-178">
         <name>.text:linkTo</name>
         <load_address>0x8000</load_address>
         <run_address>0x8000</run_address>
         <size>0x496</size>
         <input_file_ref idref="fl-c"/>
      </object_component>
      <object_component id="oc-1c9">
         <name>.text:status_indicator</name>
         <load_address>0x8496</load_address>
         <run_address>0x8496</run_address>
         <size>0x1a2</size>
         <input_file_ref idref="fl-8"/>
      </object_component>
      <object_component id="oc-184">
         <name>.text:MRFI_Init</name>
         <load_address>0x8638</load_address>
         <run_address>0x8638</run_address>
         <size>0x196</size>
         <input_file_ref idref="fl-1a"/>
      </object_component>
      <object_component id="oc-1f8">
         <name>.text:smpl_send_link_reply</name>
         <load_address>0x87ce</load_address>
         <run_address>0x87ce</run_address>
         <size>0x16c</size>
         <input_file_ref idref="fl-16"/>
      </object_component>
      <object_component id="oc-16e">
         <name>.text:main</name>
         <load_address>0x893a</load_address>
         <run_address>0x893a</run_address>
         <size>0x156</size>
         <input_file_ref idref="fl-c"/>
      </object_component>
      <object_component id="oc-1c8">
         <name>.text:nwk_link</name>
         <load_address>0x8a90</load_address>
         <run_address>0x8a90</run_address>
         <size>0x14a</size>
         <input_file_ref idref="fl-16"/>
      </object_component>
      <object_component id="oc-1da">
         <name>.text:nwk_QfindOldest</name>
         <load_address>0x8bda</load_address>
         <run_address>0x8bda</run_address>
         <size>0x134</size>
         <input_file_ref idref="fl-f"/>
      </object_component>
      <object_component id="oc-107">
         <name>.text</name>
         <load_address>0x8d0e</load_address>
         <run_address>0x8d0e</run_address>
         <size>0x130</size>
         <input_file_ref idref="fl-52"/>
      </object_component>
      <object_component id="oc-18b">
         <name>.text:nwk_join</name>
         <load_address>0x8e3e</load_address>
         <run_address>0x8e3e</run_address>
         <size>0x12c</size>
         <input_file_ref idref="fl-15"/>
      </object_component>
      <object_component id="oc-1d9">
         <name>.text:MRFI_Transmit</name>
         <load_address>0x8f6a</load_address>
         <run_address>0x8f6a</run_address>
         <size>0x102</size>
         <input_file_ref idref="fl-1a"/>
      </object_component>
      <object_component id="oc-1ae">
         <name>.text:nwk_scanForChannels</name>
         <load_address>0x906c</load_address>
         <run_address>0x906c</run_address>
         <size>0xfe</size>
         <input_file_ref idref="fl-13"/>
      </object_component>
      <object_component id="oc-179">
         <name>.text:Mrfi_SyncPinRxIsr</name>
         <load_address>0x916a</load_address>
         <run_address>0x916a</run_address>
         <size>0xd8</size>
         <input_file_ref idref="fl-1a"/>
      </object_component>
      <object_component id="oc-1e3">
         <name>.text:nwk_allocateLocalRxPort</name>
         <load_address>0x9242</load_address>
         <run_address>0x9242</run_address>
         <size>0xd6</size>
         <input_file_ref idref="fl-e"/>
      </object_component>
      <object_component id="oc-10c">
         <name>.text</name>
         <load_address>0x9318</load_address>
         <run_address>0x9318</run_address>
         <size>0xc2</size>
         <input_file_ref idref="fl-53"/>
      </object_component>
      <object_component id="oc-73">
         <name>.text</name>
         <load_address>0x93da</load_address>
         <run_address>0x93da</run_address>
         <size>0xba</size>
         <input_file_ref idref="fl-d"/>
      </object_component>
      <object_component id="oc-168">
         <name>.text:USCIAB0TX_ISR</name>
         <load_address>0x9494</load_address>
         <run_address>0x9494</run_address>
         <size>0xb0</size>
         <input_file_ref idref="fl-b"/>
      </object_component>
      <object_component id="oc-1ad">
         <name>.text:nwk_retrieveFrame</name>
         <load_address>0x9544</load_address>
         <run_address>0x9544</run_address>
         <size>0xac</size>
         <input_file_ref idref="fl-11"/>
      </object_component>
      <object_component id="oc-1d6">
         <name>.text:dispatchFrame</name>
         <load_address>0x95f0</load_address>
         <run_address>0x95f0</run_address>
         <size>0xa6</size>
         <input_file_ref idref="fl-11"/>
      </object_component>
      <object_component id="oc-175">
         <name>.text:SMPL_Ioctl</name>
         <load_address>0x9696</load_address>
         <run_address>0x9696</run_address>
         <size>0xa2</size>
         <input_file_ref idref="fl-10"/>
      </object_component>
      <object_component id="oc-1e2">
         <name>.text:nwk_getNextConnection</name>
         <load_address>0x9738</load_address>
         <run_address>0x9738</run_address>
         <size>0x98</size>
         <input_file_ref idref="fl-e"/>
      </object_component>
      <object_component id="oc-165">
         <name>.text:Port_1</name>
         <load_address>0x97d0</load_address>
         <run_address>0x97d0</run_address>
         <size>0x96</size>
         <input_file_ref idref="fl-8"/>
      </object_component>
      <object_component id="oc-1ab">
         <name>.text:nwk_buildFrame</name>
         <load_address>0x9866</load_address>
         <run_address>0x9866</run_address>
         <size>0x8c</size>
         <input_file_ref idref="fl-11"/>
      </object_component>
      <object_component id="oc-1d4">
         <name>.text:nwk_QfindSlot</name>
         <load_address>0x98f2</load_address>
         <run_address>0x98f2</run_address>
         <size>0x82</size>
         <input_file_ref idref="fl-f"/>
      </object_component>
      <object_component id="oc-1d3">
         <name>.text:spiBurstFifoAccess</name>
         <load_address>0x9974</load_address>
         <run_address>0x9974</run_address>
         <size>0x82</size>
         <input_file_ref idref="fl-1a"/>
      </object_component>
      <object_component id="oc-19a">
         <name>.text:ADXL362_Read_XYZ_Reg_Hi_Res</name>
         <load_address>0x99f6</load_address>
         <run_address>0x99f6</run_address>
         <size>0x7c</size>
         <input_file_ref idref="fl-3"/>
      </object_component>
      <object_component id="oc-17e">
         <name>.text:nwk_radioControl</name>
         <load_address>0x9a72</load_address>
         <run_address>0x9a72</run_address>
         <size>0x78</size>
         <input_file_ref idref="fl-14"/>
      </object_component>
      <object_component id="oc-197">
         <name>.text:ReadPressure</name>
         <load_address>0x9aea</load_address>
         <run_address>0x9aea</run_address>
         <size>0x6e</size>
         <input_file_ref idref="fl-4"/>
      </object_component>
      <object_component id="oc-1f7">
         <name>.text:smpl_send_unlink_reply</name>
         <load_address>0x9b58</load_address>
         <run_address>0x9b58</run_address>
         <size>0x6e</size>
         <input_file_ref idref="fl-16"/>
      </object_component>
      <object_component id="oc-174">
         <name>.text:createRandomAddress</name>
         <load_address>0x9bc6</load_address>
         <run_address>0x9bc6</run_address>
         <size>0x6a</size>
         <input_file_ref idref="fl-8"/>
      </object_component>
      <object_component id="oc-185">
         <name>.text:nwk_nwkInit</name>
         <load_address>0x9c30</load_address>
         <run_address>0x9c30</run_address>
         <size>0x6a</size>
         <input_file_ref idref="fl-e"/>
      </object_component>
      <object_component id="oc-19c">
         <name>.text:SMPL_Send</name>
         <load_address>0x9c9a</load_address>
         <run_address>0x9c9a</run_address>
         <size>0x68</size>
         <input_file_ref idref="fl-10"/>
      </object_component>
      <object_component id="oc-111">
         <name>.text</name>
         <load_address>0x9d02</load_address>
         <run_address>0x9d02</run_address>
         <size>0x68</size>
         <input_file_ref idref="fl-54"/>
      </object_component>
      <object_component id="oc-18e">
         <name>.text:I2C_Slave_Test</name>
         <load_address>0x9d6a</load_address>
         <run_address>0x9d6a</run_address>
         <size>0x64</size>
         <input_file_ref idref="fl-9"/>
      </object_component>
      <object_component id="oc-1e8">
         <name>.text:nwk_isConnectionValid</name>
         <load_address>0x9dce</load_address>
         <run_address>0x9dce</run_address>
         <size>0x64</size>
         <input_file_ref idref="fl-e"/>
      </object_component>
      <object_component id="oc-19b">
         <name>.text:l_lsr_const</name>
         <load_address>0x9e32</load_address>
         <run_address>0x9e32</run_address>
         <size>0x5c</size>
         <input_file_ref idref="fl-63"/>
      </object_component>
      <object_component id="oc-f9">
         <name>.text</name>
         <load_address>0x9e8e</load_address>
         <run_address>0x9e8e</run_address>
         <size>0x58</size>
         <input_file_ref idref="fl-4f"/>
      </object_component>
      <object_component id="oc-186">
         <name>.text:MRFI_WakeUp</name>
         <load_address>0x9ee6</load_address>
         <run_address>0x9ee6</run_address>
         <size>0x54</size>
         <input_file_ref idref="fl-1a"/>
      </object_component>
      <object_component id="oc-17f">
         <name>.text:nwk_rawSend</name>
         <load_address>0x9f3a</load_address>
         <run_address>0x9f3a</run_address>
         <size>0x54</size>
         <input_file_ref idref="fl-14"/>
      </object_component>
      <object_component id="oc-193">
         <name>.text:ADXL362_ReadID</name>
         <load_address>0x9f8e</load_address>
         <run_address>0x9f8e</run_address>
         <size>0x50</size>
         <input_file_ref idref="fl-3"/>
      </object_component>
      <object_component id="oc-129">
         <name>.text</name>
         <load_address>0x9fde</load_address>
         <run_address>0x9fde</run_address>
         <size>0x4c</size>
         <input_file_ref idref="fl-62"/>
      </object_component>
      <object_component id="oc-1ce">
         <name>.text:SHT21_Read_Data</name>
         <load_address>0xa02a</load_address>
         <run_address>0xa02a</run_address>
         <size>0x4a</size>
         <input_file_ref idref="fl-7"/>
      </object_component>
      <object_component id="oc-1fb">
         <name>.text:nwk_findPeer</name>
         <load_address>0xa074</load_address>
         <run_address>0xa074</run_address>
         <size>0x4a</size>
         <input_file_ref idref="fl-e"/>
      </object_component>
      <object_component id="oc-16d">
         <name>.text:_auto_init</name>
         <load_address>0xa0be</load_address>
         <run_address>0xa0be</run_address>
         <size>0x48</size>
         <input_file_ref idref="fl-6d"/>
      </object_component>
      <object_component id="oc-170">
         <name>.text:display_mode</name>
         <load_address>0xa106</load_address>
         <run_address>0xa106</run_address>
         <size>0x48</size>
         <input_file_ref idref="fl-8"/>
      </object_component>
      <object_component id="oc-1a3">
         <name>.text:mrfiSpiCmdStrobe</name>
         <load_address>0xa14e</load_address>
         <run_address>0xa14e</run_address>
         <size>0x48</size>
         <input_file_ref idref="fl-1a"/>
      </object_component>
      <object_component id="oc-18f">
         <name>.text:I2C_Read_Register</name>
         <load_address>0xa196</load_address>
         <run_address>0xa196</run_address>
         <size>0x46</size>
         <input_file_ref idref="fl-9"/>
      </object_component>
      <object_component id="oc-1a0">
         <name>.text:MRFI_RxAddrIsFiltered</name>
         <load_address>0xa1dc</load_address>
         <run_address>0xa1dc</run_address>
         <size>0x46</size>
         <input_file_ref idref="fl-1a"/>
      </object_component>
      <object_component id="oc-1fc">
         <name>.text:nwk_isLinkDuplicate</name>
         <load_address>0xa222</load_address>
         <run_address>0xa222</run_address>
         <size>0x46</size>
         <input_file_ref idref="fl-e"/>
      </object_component>
      <object_component id="oc-116">
         <name>.text</name>
         <load_address>0xa268</load_address>
         <run_address>0xa268</run_address>
         <size>0x46</size>
         <input_file_ref idref="fl-55"/>
      </object_component>
      <object_component id="oc-1f6">
         <name>.text:smpl_send_ping_reply</name>
         <load_address>0xa2ae</load_address>
         <run_address>0xa2ae</run_address>
         <size>0x46</size>
         <input_file_ref idref="fl-18"/>
      </object_component>
      <object_component id="oc-1a9">
         <name>.text:MRFI_Rssi</name>
         <load_address>0xa2f4</load_address>
         <run_address>0xa2f4</run_address>
         <size>0x44</size>
         <input_file_ref idref="fl-1a"/>
      </object_component>
      <object_component id="oc-177">
         <name>.text:SMPL_Init</name>
         <load_address>0xa338</load_address>
         <run_address>0xa338</run_address>
         <size>0x42</size>
         <input_file_ref idref="fl-10"/>
      </object_component>
      <object_component id="oc-194">
         <name>.text:get_voltage</name>
         <load_address>0xa37a</load_address>
         <run_address>0xa37a</run_address>
         <size>0x42</size>
         <input_file_ref idref="fl-8"/>
      </object_component>
      <object_component id="oc-1d2">
         <name>.text:spiRegAccess</name>
         <load_address>0xa3bc</load_address>
         <run_address>0xa3bc</run_address>
         <size>0x42</size>
         <input_file_ref idref="fl-1a"/>
      </object_component>
      <object_component id="oc-1cc">
         <name>.text:l_asr_const</name>
         <load_address>0xa3fe</load_address>
         <run_address>0xa3fe</run_address>
         <size>0x3e</size>
         <input_file_ref idref="fl-48"/>
      </object_component>
      <object_component id="oc-1cd">
         <name>.text:l_lsl_const</name>
         <load_address>0xa43c</load_address>
         <run_address>0xa43c</run_address>
         <size>0x3e</size>
         <input_file_ref idref="fl-61"/>
      </object_component>
      <object_component id="oc-1c5">
         <name>.text:MRFI_ReplyDelay</name>
         <load_address>0xa47a</load_address>
         <run_address>0xa47a</run_address>
         <size>0x3c</size>
         <input_file_ref idref="fl-1a"/>
      </object_component>
      <object_component id="oc-190">
         <name>.text:SPI_Init</name>
         <load_address>0xa4b6</load_address>
         <run_address>0xa4b6</run_address>
         <size>0x3c</size>
         <input_file_ref idref="fl-a"/>
      </object_component>
      <object_component id="oc-181">
         <name>.text:nwk_freqControl</name>
         <load_address>0xa4f2</load_address>
         <run_address>0xa4f2</run_address>
         <size>0x3a</size>
         <input_file_ref idref="fl-13"/>
      </object_component>
      <object_component id="oc-1f2">
         <name>.text:nwk_isValidReply</name>
         <load_address>0xa52c</load_address>
         <run_address>0xa52c</run_address>
         <size>0x3a</size>
         <input_file_ref idref="fl-e"/>
      </object_component>
      <object_component id="oc-1f1">
         <name>.text:nwk_processMgmt</name>
         <load_address>0xa566</load_address>
         <run_address>0xa566</run_address>
         <size>0x3a</size>
         <input_file_ref idref="fl-17"/>
      </object_component>
      <object_component id="oc-1de">
         <name>.text:BSP_Delay</name>
         <load_address>0xa5a0</load_address>
         <run_address>0xa5a0</run_address>
         <size>0x38</size>
         <input_file_ref idref="fl-1b"/>
      </object_component>
      <object_component id="oc-166">
         <name>.text:BSP_GpioPort1Isr</name>
         <load_address>0xa5d8</load_address>
         <run_address>0xa5d8</run_address>
         <size>0x38</size>
         <input_file_ref idref="fl-1a"/>
      </object_component>
      <object_component id="oc-189">
         <name>.text:MRFI_SetRxAddrFilter</name>
         <load_address>0xa610</load_address>
         <run_address>0xa610</run_address>
         <size>0x34</size>
         <input_file_ref idref="fl-1a"/>
      </object_component>
      <object_component id="oc-1b2">
         <name>.text:mrfiSpiInit</name>
         <load_address>0xa644</load_address>
         <run_address>0xa644</run_address>
         <size>0x34</size>
         <input_file_ref idref="fl-1a"/>
      </object_component>
      <object_component id="oc-17d">
         <name>.text:nwk_deviceAddress</name>
         <load_address>0xa678</load_address>
         <run_address>0xa678</run_address>
         <size>0x34</size>
         <input_file_ref idref="fl-14"/>
      </object_component>
      <object_component id="oc-1dc">
         <name>.text:nwk_getAPAddress</name>
         <load_address>0xa6ac</load_address>
         <run_address>0xa6ac</run_address>
         <size>0x34</size>
         <input_file_ref idref="fl-12"/>
      </object_component>
      <object_component id="oc-192">
         <name>.text:ADXL362_Write_Register</name>
         <load_address>0xa6e0</load_address>
         <run_address>0xa6e0</run_address>
         <size>0x32</size>
         <input_file_ref idref="fl-3"/>
      </object_component>
      <object_component id="oc-1b6">
         <name>.text:MRFI_SetLogicalChannel</name>
         <load_address>0xa712</load_address>
         <run_address>0xa712</run_address>
         <size>0x32</size>
         <input_file_ref idref="fl-1a"/>
      </object_component>
      <object_component id="oc-1e1">
         <name>.text:Mrfi_DelayUsecSem</name>
         <load_address>0xa744</load_address>
         <run_address>0xa744</run_address>
         <size>0x32</size>
         <input_file_ref idref="fl-1a"/>
      </object_component>
      <object_component id="oc-169">
         <name>.text:USCIAB0RX_ISR</name>
         <load_address>0xa776</load_address>
         <run_address>0xa776</run_address>
         <size>0x32</size>
         <input_file_ref idref="fl-b"/>
      </object_component>
      <object_component id="oc-1db">
         <name>.text:nwk_QadjustOrder</name>
         <load_address>0xa7a8</load_address>
         <run_address>0xa7a8</run_address>
         <size>0x32</size>
         <input_file_ref idref="fl-f"/>
      </object_component>
      <object_component id="oc-1a4">
         <name>.text:nwk_getConnInfo</name>
         <load_address>0xa7da</load_address>
         <run_address>0xa7da</run_address>
         <size>0x32</size>
         <input_file_ref idref="fl-e"/>
      </object_component>
      <object_component id="oc-1f0">
         <name>.text:nwk_processFreq</name>
         <load_address>0xa80c</load_address>
         <run_address>0xa80c</run_address>
         <size>0x32</size>
         <input_file_ref idref="fl-13"/>
      </object_component>
      <object_component id="oc-1d0">
         <name>.text:SHT21_T_Calib</name>
         <load_address>0xa83e</load_address>
         <run_address>0xa83e</run_address>
         <size>0x30</size>
         <input_file_ref idref="fl-7"/>
      </object_component>
      <object_component id="oc-1d7">
         <name>.text:map_lid2idx</name>
         <load_address>0xa86e</load_address>
         <run_address>0xa86e</run_address>
         <size>0x30</size>
         <input_file_ref idref="fl-e"/>
      </object_component>
      <object_component id="oc-180">
         <name>.text:nwk_rawReceive</name>
         <load_address>0xa89e</load_address>
         <run_address>0xa89e</run_address>
         <size>0x30</size>
         <input_file_ref idref="fl-14"/>
      </object_component>
      <object_component id="oc-1ac">
         <name>.text:nwk_sendFrame</name>
         <load_address>0xa8ce</load_address>
         <run_address>0xa8ce</run_address>
         <size>0x30</size>
         <input_file_ref idref="fl-11"/>
      </object_component>
      <object_component id="oc-18d">
         <name>.text:I2C_Init</name>
         <load_address>0xa8fe</load_address>
         <run_address>0xa8fe</run_address>
         <size>0x2e</size>
         <input_file_ref idref="fl-9"/>
      </object_component>
      <object_component id="oc-195">
         <name>.text:I2C_Write_Register</name>
         <load_address>0xa92c</load_address>
         <run_address>0xa92c</run_address>
         <size>0x2e</size>
         <input_file_ref idref="fl-9"/>
      </object_component>
      <object_component id="oc-1a1">
         <name>.text:Mrfi_CalculateRssi</name>
         <load_address>0xa95a</load_address>
         <run_address>0xa95a</run_address>
         <size>0x2e</size>
         <input_file_ref idref="fl-1a"/>
      </object_component>
      <object_component id="oc-1b3">
         <name>.text:Mrfi_DelayUsec</name>
         <load_address>0xa988</load_address>
         <run_address>0xa988</run_address>
         <size>0x2c</size>
         <input_file_ref idref="fl-1a"/>
      </object_component>
      <object_component id="oc-1b7">
         <name>.text:Mrfi_RxModeOff</name>
         <load_address>0xa9b4</load_address>
         <run_address>0xa9b4</run_address>
         <size>0x2c</size>
         <input_file_ref idref="fl-1a"/>
      </object_component>
      <object_component id="oc-1cf">
         <name>.text:SHT21_RH_Calib</name>
         <load_address>0xa9e0</load_address>
         <run_address>0xa9e0</run_address>
         <size>0x2c</size>
         <input_file_ref idref="fl-7"/>
      </object_component>
      <object_component id="oc-1f4">
         <name>.text:handleLinkRequest</name>
         <load_address>0xaa0c</load_address>
         <run_address>0xaa0c</run_address>
         <size>0x2c</size>
         <input_file_ref idref="fl-16"/>
      </object_component>
      <object_component id="oc-1b9">
         <name>.text:nwk_globalsInit</name>
         <load_address>0xaa38</load_address>
         <run_address>0xaa38</run_address>
         <size>0x2c</size>
         <input_file_ref idref="fl-12"/>
      </object_component>
      <object_component id="oc-ef">
         <name>.text</name>
         <load_address>0xaa64</load_address>
         <run_address>0xaa64</run_address>
         <size>0x2c</size>
         <input_file_ref idref="fl-4d"/>
      </object_component>
      <object_component id="oc-1d1">
         <name>.text:nwk_checkConnInfo</name>
         <load_address>0xaa90</load_address>
         <run_address>0xaa90</run_address>
         <size>0x2a</size>
         <input_file_ref idref="fl-e"/>
      </object_component>
      <object_component id="oc-1ec">
         <name>.text:nwk_processPing</name>
         <load_address>0xaaba</load_address>
         <run_address>0xaaba</run_address>
         <size>0x28</size>
         <input_file_ref idref="fl-18"/>
      </object_component>
      <object_component id="oc-1eb">
         <name>.text:Mrfi_RandomBackoffDelay</name>
         <load_address>0xaae2</load_address>
         <run_address>0xaae2</run_address>
         <size>0x26</size>
         <input_file_ref idref="fl-1a"/>
      </object_component>
      <object_component id="oc-2d">
         <name>.text:_c_int00_noexit</name>
         <load_address>0xab08</load_address>
         <run_address>0xab08</run_address>
         <size>0x26</size>
         <input_file_ref idref="fl-49"/>
      </object_component>
      <object_component id="oc-196">
         <name>.text:delay</name>
         <load_address>0xab2e</load_address>
         <run_address>0xab2e</run_address>
         <size>0x26</size>
         <input_file_ref idref="fl-8"/>
      </object_component>
      <object_component id="oc-17c">
         <name>.text:nwk_connectionControl</name>
         <load_address>0xab54</load_address>
         <run_address>0xab54</run_address>
         <size>0x26</size>
         <input_file_ref idref="fl-14"/>
      </object_component>
      <object_component id="oc-1c0">
         <name>.text:nwk_linkInit</name>
         <load_address>0xab7a</load_address>
         <run_address>0xab7a</run_address>
         <size>0x26</size>
         <input_file_ref idref="fl-16"/>
      </object_component>
      <object_component id="oc-1ed">
         <name>.text:nwk_processLink</name>
         <load_address>0xaba0</load_address>
         <run_address>0xaba0</run_address>
         <size>0x26</size>
         <input_file_ref idref="fl-16"/>
      </object_component>
      <object_component id="oc-14b">
         <name>.text</name>
         <load_address>0xabc6</load_address>
         <run_address>0xabc6</run_address>
         <size>0x26</size>
         <input_file_ref idref="fl-69"/>
      </object_component>
      <object_component id="oc-1aa">
         <name>.text:MRFI_Sleep</name>
         <load_address>0xabec</load_address>
         <run_address>0xabec</run_address>
         <size>0x24</size>
         <input_file_ref idref="fl-1a"/>
      </object_component>
      <object_component id="oc-11b">
         <name>.text</name>
         <load_address>0xac10</load_address>
         <run_address>0xac10</run_address>
         <size>0x24</size>
         <input_file_ref idref="fl-56"/>
      </object_component>
      <object_component id="oc-182">
         <name>.text:BSP_InitBoard</name>
         <load_address>0xac34</load_address>
         <run_address>0xac34</run_address>
         <size>0x22</size>
         <input_file_ref idref="fl-1b"/>
      </object_component>
      <object_component id="oc-18a">
         <name>.text:MRFI_EnableRxAddrFilter</name>
         <load_address>0xac56</load_address>
         <run_address>0xac56</run_address>
         <size>0x22</size>
         <input_file_ref idref="fl-1a"/>
      </object_component>
      <object_component id="oc-1a8">
         <name>.text:MRFI_RxOn</name>
         <load_address>0xac78</load_address>
         <run_address>0xac78</run_address>
         <size>0x22</size>
         <input_file_ref idref="fl-1a"/>
      </object_component>
      <object_component id="oc-1f5">
         <name>.text:handle_freq_cmd</name>
         <load_address>0xac9a</load_address>
         <run_address>0xac9a</run_address>
         <size>0x22</size>
         <input_file_ref idref="fl-13"/>
      </object_component>
      <object_component id="oc-1dd">
         <name>.text:memcmp</name>
         <load_address>0xacbc</load_address>
         <run_address>0xacbc</run_address>
         <size>0x22</size>
         <input_file_ref idref="fl-64"/>
      </object_component>
      <object_component id="oc-176">
         <name>.text:BSP_Init</name>
         <load_address>0xacde</load_address>
         <run_address>0xacde</run_address>
         <size>0x20</size>
         <input_file_ref idref="fl-1b"/>
      </object_component>
      <object_component id="oc-1a2">
         <name>.text:MRFI_RxCompleteISR</name>
         <load_address>0xacfe</load_address>
         <run_address>0xacfe</run_address>
         <size>0x20</size>
         <input_file_ref idref="fl-11"/>
      </object_component>
      <object_component id="oc-1a7">
         <name>.text:MRFI_RxIdle</name>
         <load_address>0xad1e</load_address>
         <run_address>0xad1e</run_address>
         <size>0x20</size>
         <input_file_ref idref="fl-1a"/>
      </object_component>
      <object_component id="oc-1ee">
         <name>.text:nwk_processJoin</name>
         <load_address>0xad3e</load_address>
         <run_address>0xad3e</run_address>
         <size>0x20</size>
         <input_file_ref idref="fl-15"/>
      </object_component>
      <object_component id="oc-19d">
         <name>.text:mrfiSpiReadReg</name>
         <load_address>0xad5e</load_address>
         <run_address>0xad5e</run_address>
         <size>0x1e</size>
         <input_file_ref idref="fl-1a"/>
      </object_component>
      <object_component id="oc-1bb">
         <name>.text:nwk_QInit</name>
         <load_address>0xad7c</load_address>
         <run_address>0xad7c</run_address>
         <size>0x1e</size>
         <input_file_ref idref="fl-f"/>
      </object_component>
      <object_component id="oc-171">
         <name>.text:MRFI_GpioIsr</name>
         <load_address>0xad9a</load_address>
         <run_address>0xad9a</run_address>
         <size>0x1c</size>
         <input_file_ref idref="fl-1a"/>
      </object_component>
      <object_component id="oc-198">
         <name>.text:SHT21_RH_Read</name>
         <load_address>0xadb6</load_address>
         <run_address>0xadb6</run_address>
         <size>0x1c</size>
         <input_file_ref idref="fl-7"/>
      </object_component>
      <object_component id="oc-199">
         <name>.text:SHT21_T_Read</name>
         <load_address>0xadd2</load_address>
         <run_address>0xadd2</run_address>
         <size>0x1c</size>
         <input_file_ref idref="fl-7"/>
      </object_component>
      <object_component id="oc-187">
         <name>.text:nwk_setChannel</name>
         <load_address>0xadee</load_address>
         <run_address>0xadee</run_address>
         <size>0x1c</size>
         <input_file_ref idref="fl-13"/>
      </object_component>
      <object_component id="oc-1a6">
         <name>.text:nwk_setMyAddress</name>
         <load_address>0xae0a</load_address>
         <run_address>0xae0a</run_address>
         <size>0x1c</size>
         <input_file_ref idref="fl-12"/>
      </object_component>
      <object_component id="oc-1b4">
         <name>.text:mrfiSpiWriteReg</name>
         <load_address>0xae26</load_address>
         <run_address>0xae26</run_address>
         <size>0x1a</size>
         <input_file_ref idref="fl-1a"/>
      </object_component>
      <object_component id="oc-1ba">
         <name>.text:nwk_frameInit</name>
         <load_address>0xae40</load_address>
         <run_address>0xae40</run_address>
         <size>0x1a</size>
         <input_file_ref idref="fl-11"/>
      </object_component>
      <object_component id="oc-1be">
         <name>.text:nwk_joinInit</name>
         <load_address>0xae5a</load_address>
         <run_address>0xae5a</run_address>
         <size>0x1a</size>
         <input_file_ref idref="fl-15"/>
      </object_component>
      <object_component id="oc-1e0">
         <name>.text:MRFI_RandomByte</name>
         <load_address>0xae74</load_address>
         <run_address>0xae74</run_address>
         <size>0x16</size>
         <input_file_ref idref="fl-1a"/>
      </object_component>
      <object_component id="oc-1d8">
         <name>.text:Mrfi_RxModeOn</name>
         <load_address>0xae8a</load_address>
         <run_address>0xae8a</run_address>
         <size>0x16</size>
         <input_file_ref idref="fl-1a"/>
      </object_component>
      <object_component id="oc-f4">
         <name>.text</name>
         <load_address>0xaea0</load_address>
         <run_address>0xaea0</run_address>
         <size>0x16</size>
         <input_file_ref idref="fl-4e"/>
      </object_component>
      <object_component id="oc-1cb">
         <name>.text:I2C_Read_Init</name>
         <load_address>0xaeb6</load_address>
         <run_address>0xaeb6</run_address>
         <size>0x14</size>
         <input_file_ref idref="fl-9"/>
      </object_component>
      <object_component id="oc-1ca">
         <name>.text:I2C_Write_Init</name>
         <load_address>0xaeca</load_address>
         <run_address>0xaeca</run_address>
         <size>0x14</size>
         <input_file_ref idref="fl-9"/>
      </object_component>
      <object_component id="oc-19f">
         <name>.text:memset</name>
         <load_address>0xaede</load_address>
         <run_address>0xaede</run_address>
         <size>0x14</size>
         <input_file_ref idref="fl-66"/>
      </object_component>
      <object_component id="oc-146">
         <name>.text</name>
         <load_address>0xaef2</load_address>
         <run_address>0xaef2</run_address>
         <size>0x14</size>
         <input_file_ref idref="fl-68"/>
      </object_component>
      <object_component id="oc-191">
         <name>.text:ADXL362_Present</name>
         <load_address>0xaf06</load_address>
         <run_address>0xaf06</run_address>
         <size>0x12</size>
         <input_file_ref idref="fl-3"/>
      </object_component>
      <object_component id="oc-1b0">
         <name>.text:BSP_InitLeds</name>
         <load_address>0xaf18</load_address>
         <run_address>0xaf18</run_address>
         <size>0x12</size>
         <input_file_ref idref="fl-1b"/>
      </object_component>
      <object_component id="oc-1fa">
         <name>.text:change_channel_cmd</name>
         <load_address>0xaf2a</load_address>
         <run_address>0xaf2a</run_address>
         <size>0x12</size>
         <input_file_ref idref="fl-13"/>
      </object_component>
      <object_component id="oc-172">
         <name>.text:memcpy</name>
         <load_address>0xaf3c</load_address>
         <run_address>0xaf3c</run_address>
         <size>0x12</size>
         <input_file_ref idref="fl-65"/>
      </object_component>
      <object_component id="oc-188">
         <name>.text:nwk_getMyAddress</name>
         <load_address>0xaf4e</load_address>
         <run_address>0xaf4e</run_address>
         <size>0x12</size>
         <input_file_ref idref="fl-12"/>
      </object_component>
      <object_component id="oc-1c6">
         <name>.text:nwk_setLinkToken</name>
         <load_address>0xaf60</load_address>
         <run_address>0xaf60</run_address>
         <size>0x12</size>
         <input_file_ref idref="fl-16"/>
      </object_component>
      <object_component id="oc-1b8">
         <name>.text:l_asr</name>
         <load_address>0xaf72</load_address>
         <run_address>0xaf72</run_address>
         <size>0x10</size>
         <input_file_ref idref="fl-48"/>
      </object_component>
      <object_component id="oc-173">
         <name>.text</name>
         <load_address>0xaf82</load_address>
         <run_address>0xaf82</run_address>
         <size>0x10</size>
         <input_file_ref idref="fl-50"/>
      </object_component>
      <object_component id="oc-1d5">
         <name>.text:MRFI_Receive</name>
         <load_address>0xaf92</load_address>
         <run_address>0xaf92</run_address>
         <size>0xe</size>
         <input_file_ref idref="fl-1a"/>
      </object_component>
      <object_component id="oc-1e5">
         <name>.text:StatusBlink_led1</name>
         <load_address>0xafa0</load_address>
         <run_address>0xafa0</run_address>
         <size>0xe</size>
         <input_file_ref idref="fl-8"/>
      </object_component>
      <object_component id="oc-1e6">
         <name>.text:StatusBlink_led2</name>
         <load_address>0xafae</load_address>
         <run_address>0xafae</run_address>
         <size>0xe</size>
         <input_file_ref idref="fl-8"/>
      </object_component>
      <object_component id="oc-1ea">
         <name>.text:mrfiSpiWriteTxFifo</name>
         <load_address>0xafbc</load_address>
         <run_address>0xafbc</run_address>
         <size>0xe</size>
         <input_file_ref idref="fl-1a"/>
      </object_component>
      <object_component id="oc-1c7">
         <name>.text:nwk_setAPAddress</name>
         <load_address>0xafca</load_address>
         <run_address>0xafca</run_address>
         <size>0xe</size>
         <input_file_ref idref="fl-12"/>
      </object_component>
      <object_component id="oc-1e9">
         <name>.text:MRFI_PostKillSem</name>
         <load_address>0xafd8</load_address>
         <run_address>0xafd8</run_address>
         <size>0xc</size>
         <input_file_ref idref="fl-1a"/>
      </object_component>
      <object_component id="oc-1f3">
         <name>.text:handlePingRequest</name>
         <load_address>0xafe4</load_address>
         <run_address>0xafe4</run_address>
         <size>0xc</size>
         <input_file_ref idref="fl-18"/>
      </object_component>
      <object_component id="oc-19e">
         <name>.text:mrfiSpiReadRxFifo</name>
         <load_address>0xaff0</load_address>
         <run_address>0xaff0</run_address>
         <size>0xc</size>
         <input_file_ref idref="fl-1a"/>
      </object_component>
      <object_component id="oc-1b1">
         <name>.text:BSP_InitButtons</name>
         <load_address>0xaffc</load_address>
         <run_address>0xaffc</run_address>
         <size>0xa</size>
         <input_file_ref idref="fl-1b"/>
      </object_component>
      <object_component id="oc-183">
         <name>.text:BSP_InitDrivers</name>
         <load_address>0xb006</load_address>
         <run_address>0xb006</run_address>
         <size>0xa</size>
         <input_file_ref idref="fl-1b"/>
      </object_component>
      <object_component id="oc-1bc">
         <name>.text:nwk_freqInit</name>
         <load_address>0xb010</load_address>
         <run_address>0xb010</run_address>
         <size>0xa</size>
         <input_file_ref idref="fl-13"/>
      </object_component>
      <object_component id="oc-1bf">
         <name>.text:nwk_mgmtInit</name>
         <load_address>0xb01a</load_address>
         <run_address>0xb01a</run_address>
         <size>0xa</size>
         <input_file_ref idref="fl-17"/>
      </object_component>
      <object_component id="oc-1bd">
         <name>.text:nwk_pingInit</name>
         <load_address>0xb024</load_address>
         <run_address>0xb024</run_address>
         <size>0xa</size>
         <input_file_ref idref="fl-18"/>
      </object_component>
      <object_component id="oc-167">
         <name>.text:ADC10_ISR</name>
         <load_address>0xb02e</load_address>
         <run_address>0xb02e</run_address>
         <size>0x8</size>
         <input_file_ref idref="fl-8"/>
      </object_component>
      <object_component id="oc-16a">
         <name>.text:TimerB_ISR</name>
         <load_address>0xb036</load_address>
         <run_address>0xb036</run_address>
         <size>0x8</size>
         <input_file_ref idref="fl-8"/>
      </object_component>
      <object_component id="oc-1af">
         <name>.text:nwk_getChannel</name>
         <load_address>0xb03e</load_address>
         <run_address>0xb03e</run_address>
         <size>0x8</size>
         <input_file_ref idref="fl-13"/>
      </object_component>
      <object_component id="oc-1c4">
         <name>.text:MRFI_GetRadioState</name>
         <load_address>0xb046</load_address>
         <run_address>0xb046</run_address>
         <size>0x6</size>
         <input_file_ref idref="fl-1a"/>
      </object_component>
      <object_component id="oc-18c">
         <name>.text:SMPL_Link</name>
         <load_address>0xb04c</load_address>
         <run_address>0xb04c</run_address>
         <size>0x6</size>
         <input_file_ref idref="fl-10"/>
      </object_component>
      <object_component id="oc-120">
         <name>.text:_isr:__TI_ISR_TRAP</name>
         <load_address>0xb052</load_address>
         <run_address>0xb052</run_address>
         <size>0x6</size>
         <input_file_ref idref="fl-60"/>
      </object_component>
      <object_component id="oc-1a5">
         <name>.text:nwk_freeConnection</name>
         <load_address>0xb058</load_address>
         <run_address>0xb058</run_address>
         <size>0x6</size>
         <input_file_ref idref="fl-e"/>
      </object_component>
      <object_component id="oc-1c2">
         <name>.text:nwk_getBCastAddress</name>
         <load_address>0xb05e</load_address>
         <run_address>0xb05e</run_address>
         <size>0x6</size>
         <input_file_ref idref="fl-12"/>
      </object_component>
      <object_component id="oc-17b">
         <name>.text:nwk_getFWVersion</name>
         <load_address>0xb064</load_address>
         <run_address>0xb064</run_address>
         <size>0x6</size>
         <input_file_ref idref="fl-12"/>
      </object_component>
      <object_component id="oc-1e4">
         <name>.text:nwk_getMyRxType</name>
         <load_address>0xb06a</load_address>
         <run_address>0xb06a</run_address>
         <size>0x6</size>
         <input_file_ref idref="fl-11"/>
      </object_component>
      <object_component id="oc-17a">
         <name>.text:nwk_getProtocolVersion</name>
         <load_address>0xb070</load_address>
         <run_address>0xb070</run_address>
         <size>0x6</size>
         <input_file_ref idref="fl-12"/>
      </object_component>
      <object_component id="oc-16c">
         <name>.text:_system_pre_init</name>
         <load_address>0xb076</load_address>
         <run_address>0xb076</run_address>
         <size>0x4</size>
         <input_file_ref idref="fl-6a"/>
      </object_component>
      <object_component id="oc-16f">
         <name>.text:abort</name>
         <load_address>0xb07a</load_address>
         <run_address>0xb07a</run_address>
         <size>0x4</size>
         <input_file_ref idref="fl-51"/>
      </object_component>
      <object_component id="oc-1ef">
         <name>.text:nwk_processSecurity</name>
         <load_address>0xb07e</load_address>
         <run_address>0xb07e</run_address>
         <size>0x4</size>
         <input_file_ref idref="fl-19"/>
      </object_component>
      <object_component id="oc-1f9">
         <name>.text:send_ping_reply</name>
         <load_address>0xb082</load_address>
         <run_address>0xb082</run_address>
         <size>0x4</size>
         <input_file_ref idref="fl-13"/>
      </object_component>
      <object_component id="oc-16b">
         <name>.text:_nop</name>
         <load_address>0xb086</load_address>
         <run_address>0xb086</run_address>
         <size>0x2</size>
         <input_file_ref idref="fl-6b"/>
      </object_component>
      <object_component id="oc-1c1">
         <name>.text:nwk_securityInit</name>
         <load_address>0xb088</load_address>
         <run_address>0xb088</run_address>
         <size>0x2</size>
         <input_file_ref idref="fl-19"/>
      </object_component>
      <object_component id="oc-52">
         <name>.cinit</name>
         <load_address>0xb08a</load_address>
         <run_address>0xb08a</run_address>
         <size>0x2b</size>
         <input_file_ref idref="fl-8"/>
      </object_component>
      <object_component id="oc-b0">
         <name>.cinit</name>
         <load_address>0xb0b6</load_address>
         <run_address>0xb0b6</run_address>
         <size>0x19</size>
         <input_file_ref idref="fl-16"/>
      </object_component>
      <object_component id="oc-ca">
         <name>.cinit</name>
         <load_address>0xb0d0</load_address>
         <run_address>0xb0d0</run_address>
         <size>0x17</size>
         <input_file_ref idref="fl-1a"/>
      </object_component>
      <object_component id="oc-7a">
         <name>.cinit</name>
         <load_address>0xb0e8</load_address>
         <run_address>0xb0e8</run_address>
         <size>0x13</size>
         <input_file_ref idref="fl-e"/>
      </object_component>
      <object_component id="oc-a9">
         <name>.cinit</name>
         <load_address>0xb0fc</load_address>
         <run_address>0xb0fc</run_address>
         <size>0x13</size>
         <input_file_ref idref="fl-15"/>
      </object_component>
      <object_component id="oc-6d">
         <name>.cinit</name>
         <load_address>0xb110</load_address>
         <run_address>0xb110</run_address>
         <size>0xb</size>
         <input_file_ref idref="fl-c"/>
      </object_component>
      <object_component id="oc-59">
         <name>.cinit</name>
         <load_address>0xb11c</load_address>
         <run_address>0xb11c</run_address>
         <size>0xb</size>
         <input_file_ref idref="fl-9"/>
      </object_component>
      <object_component id="oc-9d">
         <name>.cinit</name>
         <load_address>0xb128</load_address>
         <run_address>0xb128</run_address>
         <size>0xb</size>
         <input_file_ref idref="fl-13"/>
      </object_component>
      <object_component id="oc-3b">
         <name>.cinit</name>
         <load_address>0xb134</load_address>
         <run_address>0xb134</run_address>
         <size>0x8</size>
         <input_file_ref idref="fl-4"/>
      </object_component>
      <object_component id="oc-8e">
         <name>.cinit</name>
         <load_address>0xb13c</load_address>
         <run_address>0xb13c</run_address>
         <size>0x6</size>
         <input_file_ref idref="fl-11"/>
      </object_component>
      <object_component id="oc-87">
         <name>.cinit</name>
         <load_address>0xb142</load_address>
         <run_address>0xb142</run_address>
         <size>0x5</size>
         <input_file_ref idref="fl-10"/>
      </object_component>
      <object_component id="oc-95">
         <name>.cinit</name>
         <load_address>0xb148</load_address>
         <run_address>0xb148</run_address>
         <size>0x5</size>
         <input_file_ref idref="fl-12"/>
      </object_component>
      <object_component id="oc-b7">
         <name>.cinit</name>
         <load_address>0xb14e</load_address>
         <run_address>0xb14e</run_address>
         <size>0x5</size>
         <input_file_ref idref="fl-17"/>
      </object_component>
      <object_component id="oc-be">
         <name>.cinit</name>
         <load_address>0xb154</load_address>
         <run_address>0xb154</run_address>
         <size>0x5</size>
         <input_file_ref idref="fl-18"/>
      </object_component>
      <object_component id="oc-66">
         <name>.cinit</name>
         <load_address>0xb15a</load_address>
         <run_address>0xb15a</run_address>
         <size>0x5</size>
         <input_file_ref idref="fl-b"/>
      </object_component>
      <object_component id="oc-1b5">
         <name>.const:mrfiRadioCfg</name>
         <load_address>0xb162</load_address>
         <run_address>0xb162</run_address>
         <size>0x3e</size>
         <input_file_ref idref="fl-1a"/>
      </object_component>
      <object_component id="oc-96">
         <name>.const</name>
         <load_address>0xb1a0</load_address>
         <run_address>0xb1a0</run_address>
         <size>0xd</size>
         <input_file_ref idref="fl-12"/>
      </object_component>
      <object_component id="oc-1e7">
         <name>.const:func</name>
         <load_address>0xb1ae</load_address>
         <run_address>0xb1ae</run_address>
         <size>0xc</size>
         <input_file_ref idref="fl-11"/>
      </object_component>
      <object_component id="oc-1c3">
         <name>.const:.string:mrfiBroadcastAddr</name>
         <load_address>0xb1ba</load_address>
         <run_address>0xb1ba</run_address>
         <size>0x4</size>
         <input_file_ref idref="fl-1a"/>
      </object_component>
      <object_component id="oc-1df">
         <name>.const:.string:mrfiLogicalChanTable</name>
         <load_address>0xb1be</load_address>
         <run_address>0xb1be</run_address>
         <size>0x4</size>
         <input_file_ref idref="fl-1a"/>
      </object_component>
      <object_component id="oc-6e">
         <name>.const:.string</name>
         <load_address>0xb1c2</load_address>
         <run_address>0xb1c2</run_address>
         <size>0x2</size>
         <input_file_ref idref="fl-c"/>
      </object_component>
      <object_component id="oc-1e">
         <name>.int00</name>
         <load_address>0xffe0</load_address>
         <run_address>0xffe0</run_address>
         <size>0x2</size>
         <input_file_ref idref="fl-57"/>
      </object_component>
      <object_component id="oc-1f">
         <name>.int01</name>
         <load_address>0xffe2</load_address>
         <run_address>0xffe2</run_address>
         <size>0x2</size>
         <input_file_ref idref="fl-58"/>
      </object_component>
      <object_component id="oc-20">
         <name>.int02</name>
         <load_address>0xffe4</load_address>
         <run_address>0xffe4</run_address>
         <size>0x2</size>
         <input_file_ref idref="fl-8"/>
      </object_component>
      <object_component id="oc-21">
         <name>.int03</name>
         <load_address>0xffe6</load_address>
         <run_address>0xffe6</run_address>
         <size>0x2</size>
         <input_file_ref idref="fl-1a"/>
      </object_component>
      <object_component id="oc-22">
         <name>.int04</name>
         <load_address>0xffe8</load_address>
         <run_address>0xffe8</run_address>
         <size>0x2</size>
         <input_file_ref idref="fl-59"/>
      </object_component>
      <object_component id="oc-23">
         <name>.int05</name>
         <load_address>0xffea</load_address>
         <run_address>0xffea</run_address>
         <size>0x2</size>
         <input_file_ref idref="fl-8"/>
      </object_component>
      <object_component id="oc-24">
         <name>.int06</name>
         <load_address>0xffec</load_address>
         <run_address>0xffec</run_address>
         <size>0x2</size>
         <input_file_ref idref="fl-b"/>
      </object_component>
      <object_component id="oc-25">
         <name>.int07</name>
         <load_address>0xffee</load_address>
         <run_address>0xffee</run_address>
         <size>0x2</size>
         <input_file_ref idref="fl-b"/>
      </object_component>
      <object_component id="oc-26">
         <name>.int08</name>
         <load_address>0xfff0</load_address>
         <run_address>0xfff0</run_address>
         <size>0x2</size>
         <input_file_ref idref="fl-5a"/>
      </object_component>
      <object_component id="oc-27">
         <name>.int09</name>
         <load_address>0xfff2</load_address>
         <run_address>0xfff2</run_address>
         <size>0x2</size>
         <input_file_ref idref="fl-5b"/>
      </object_component>
      <object_component id="oc-28">
         <name>.int10</name>
         <load_address>0xfff4</load_address>
         <run_address>0xfff4</run_address>
         <size>0x2</size>
         <input_file_ref idref="fl-5c"/>
      </object_component>
      <object_component id="oc-29">
         <name>.int11</name>
         <load_address>0xfff6</load_address>
         <run_address>0xfff6</run_address>
         <size>0x2</size>
         <input_file_ref idref="fl-5d"/>
      </object_component>
      <object_component id="oc-2a">
         <name>.int12</name>
         <load_address>0xfff8</load_address>
         <run_address>0xfff8</run_address>
         <size>0x2</size>
         <input_file_ref idref="fl-5e"/>
      </object_component>
      <object_component id="oc-2b">
         <name>.int13</name>
         <load_address>0xfffa</load_address>
         <run_address>0xfffa</run_address>
         <size>0x2</size>
         <input_file_ref idref="fl-8"/>
      </object_component>
      <object_component id="oc-2c">
         <name>.int14</name>
         <load_address>0xfffc</load_address>
         <run_address>0xfffc</run_address>
         <size>0x2</size>
         <input_file_ref idref="fl-5f"/>
      </object_component>
      <object_component id="oc-db">
         <name>.reset</name>
         <load_address>0xfffe</load_address>
         <run_address>0xfffe</run_address>
         <size>0x2</size>
         <input_file_ref idref="fl-49"/>
      </object_component>
      <object_component id="oc-2e">
         <name>.debug_info</name>
         <load_address>0x0</load_address>
         <run_address>0x0</run_address>
         <size>0x2da</size>
         <input_file_ref idref="fl-2"/>
      </object_component>
      <object_component id="oc-34">
         <name>.debug_info</name>
         <load_address>0x2da</load_address>
         <run_address>0x2da</run_address>
         <size>0x71b</size>
         <input_file_ref idref="fl-3"/>
      </object_component>
      <object_component id="oc-3a">
         <name>.debug_info</name>
         <load_address>0x9f5</load_address>
         <run_address>0x9f5</run_address>
         <size>0x4a6</size>
         <input_file_ref idref="fl-4"/>
      </object_component>
      <object_component id="oc-40">
         <name>.debug_info</name>
         <load_address>0xe9b</load_address>
         <run_address>0xe9b</run_address>
         <size>0x28a</size>
         <input_file_ref idref="fl-5"/>
      </object_component>
      <object_component id="oc-45">
         <name>.debug_info</name>
         <load_address>0x1125</load_address>
         <run_address>0x1125</run_address>
         <size>0x305</size>
         <input_file_ref idref="fl-6"/>
      </object_component>
      <object_component id="oc-4b">
         <name>.debug_info</name>
         <load_address>0x142a</load_address>
         <run_address>0x142a</run_address>
         <size>0x86f</size>
         <input_file_ref idref="fl-7"/>
      </object_component>
      <object_component id="oc-51">
         <name>.debug_info</name>
         <load_address>0x1c99</load_address>
         <run_address>0x1c99</run_address>
         <size>0xf40</size>
         <input_file_ref idref="fl-8"/>
      </object_component>
      <object_component id="oc-58">
         <name>.debug_info</name>
         <load_address>0x2bd9</load_address>
         <run_address>0x2bd9</run_address>
         <size>0x97a</size>
         <input_file_ref idref="fl-9"/>
      </object_component>
      <object_component id="oc-5f">
         <name>.debug_info</name>
         <load_address>0x3553</load_address>
         <run_address>0x3553</run_address>
         <size>0x438</size>
         <input_file_ref idref="fl-a"/>
      </object_component>
      <object_component id="oc-65">
         <name>.debug_info</name>
         <load_address>0x398b</load_address>
         <run_address>0x398b</run_address>
         <size>0x4e2</size>
         <input_file_ref idref="fl-b"/>
      </object_component>
      <object_component id="oc-6c">
         <name>.debug_info</name>
         <load_address>0x3e6d</load_address>
         <run_address>0x3e6d</run_address>
         <size>0x13ca</size>
         <input_file_ref idref="fl-c"/>
      </object_component>
      <object_component id="oc-74">
         <name>.debug_info</name>
         <load_address>0x5237</load_address>
         <run_address>0x5237</run_address>
         <size>0x12b</size>
         <input_file_ref idref="fl-d"/>
      </object_component>
      <object_component id="oc-79">
         <name>.debug_info</name>
         <load_address>0x5362</load_address>
         <run_address>0x5362</run_address>
         <size>0x13fd</size>
         <input_file_ref idref="fl-e"/>
      </object_component>
      <object_component id="oc-80">
         <name>.debug_info</name>
         <load_address>0x675f</load_address>
         <run_address>0x675f</run_address>
         <size>0xbf6</size>
         <input_file_ref idref="fl-f"/>
      </object_component>
      <object_component id="oc-86">
         <name>.debug_info</name>
         <load_address>0x7355</load_address>
         <run_address>0x7355</run_address>
         <size>0x149d</size>
         <input_file_ref idref="fl-10"/>
      </object_component>
      <object_component id="oc-8d">
         <name>.debug_info</name>
         <load_address>0x87f2</load_address>
         <run_address>0x87f2</run_address>
         <size>0x12de</size>
         <input_file_ref idref="fl-11"/>
      </object_component>
      <object_component id="oc-94">
         <name>.debug_info</name>
         <load_address>0x9ad0</load_address>
         <run_address>0x9ad0</run_address>
         <size>0x9d9</size>
         <input_file_ref idref="fl-12"/>
      </object_component>
      <object_component id="oc-9c">
         <name>.debug_info</name>
         <load_address>0xa4a9</load_address>
         <run_address>0xa4a9</run_address>
         <size>0x14ec</size>
         <input_file_ref idref="fl-13"/>
      </object_component>
      <object_component id="oc-a2">
         <name>.debug_info</name>
         <load_address>0xb995</load_address>
         <run_address>0xb995</run_address>
         <size>0x11ca</size>
         <input_file_ref idref="fl-14"/>
      </object_component>
      <object_component id="oc-a8">
         <name>.debug_info</name>
         <load_address>0xcb5f</load_address>
         <run_address>0xcb5f</run_address>
         <size>0xfcf</size>
         <input_file_ref idref="fl-15"/>
      </object_component>
      <object_component id="oc-af">
         <name>.debug_info</name>
         <load_address>0xdb2e</load_address>
         <run_address>0xdb2e</run_address>
         <size>0x189c</size>
         <input_file_ref idref="fl-16"/>
      </object_component>
      <object_component id="oc-b6">
         <name>.debug_info</name>
         <load_address>0xf3ca</load_address>
         <run_address>0xf3ca</run_address>
         <size>0xa64</size>
         <input_file_ref idref="fl-17"/>
      </object_component>
      <object_component id="oc-bd">
         <name>.debug_info</name>
         <load_address>0xfe2e</load_address>
         <run_address>0xfe2e</run_address>
         <size>0x1034</size>
         <input_file_ref idref="fl-18"/>
      </object_component>
      <object_component id="oc-c3">
         <name>.debug_info</name>
         <load_address>0x10e62</load_address>
         <run_address>0x10e62</run_address>
         <size>0x48b</size>
         <input_file_ref idref="fl-19"/>
      </object_component>
      <object_component id="oc-c9">
         <name>.debug_info</name>
         <load_address>0x112ed</load_address>
         <run_address>0x112ed</run_address>
         <size>0x2a2d</size>
         <input_file_ref idref="fl-1a"/>
      </object_component>
      <object_component id="oc-cf">
         <name>.debug_info</name>
         <load_address>0x13d1a</load_address>
         <run_address>0x13d1a</run_address>
         <size>0x9e2</size>
         <input_file_ref idref="fl-1b"/>
      </object_component>
      <object_component id="oc-d4">
         <name>.debug_info</name>
         <load_address>0x146fc</load_address>
         <run_address>0x146fc</run_address>
         <size>0xf1</size>
         <input_file_ref idref="fl-48"/>
      </object_component>
      <object_component id="oc-d9">
         <name>.debug_info</name>
         <load_address>0x147ed</load_address>
         <run_address>0x147ed</run_address>
         <size>0x3d9</size>
         <input_file_ref idref="fl-49"/>
      </object_component>
      <object_component id="oc-e0">
         <name>.debug_info</name>
         <load_address>0x14bc6</load_address>
         <run_address>0x14bc6</run_address>
         <size>0x276</size>
         <input_file_ref idref="fl-4a"/>
      </object_component>
      <object_component id="oc-e5">
         <name>.debug_info</name>
         <load_address>0x14e3c</load_address>
         <run_address>0x14e3c</run_address>
         <size>0x21b</size>
         <input_file_ref idref="fl-4b"/>
      </object_component>
      <object_component id="oc-ea">
         <name>.debug_info</name>
         <load_address>0x15057</load_address>
         <run_address>0x15057</run_address>
         <size>0x231</size>
         <input_file_ref idref="fl-4c"/>
      </object_component>
      <object_component id="oc-f0">
         <name>.debug_info</name>
         <load_address>0x15288</load_address>
         <run_address>0x15288</run_address>
         <size>0xcb</size>
         <input_file_ref idref="fl-4d"/>
      </object_component>
      <object_component id="oc-f5">
         <name>.debug_info</name>
         <load_address>0x15353</load_address>
         <run_address>0x15353</run_address>
         <size>0xbe</size>
         <input_file_ref idref="fl-4e"/>
      </object_component>
      <object_component id="oc-fa">
         <name>.debug_info</name>
         <load_address>0x15411</load_address>
         <run_address>0x15411</run_address>
         <size>0xc0</size>
         <input_file_ref idref="fl-4f"/>
      </object_component>
      <object_component id="oc-fe">
         <name>.debug_info</name>
         <load_address>0x154d1</load_address>
         <run_address>0x154d1</run_address>
         <size>0xc7</size>
         <input_file_ref idref="fl-50"/>
      </object_component>
      <object_component id="oc-102">
         <name>.debug_info</name>
         <load_address>0x15598</load_address>
         <run_address>0x15598</run_address>
         <size>0x29b</size>
         <input_file_ref idref="fl-51"/>
      </object_component>
      <object_component id="oc-108">
         <name>.debug_info</name>
         <load_address>0x15833</load_address>
         <run_address>0x15833</run_address>
         <size>0xc2</size>
         <input_file_ref idref="fl-52"/>
[...]
         <object_component_ref idref="oc-19d"/>
      </symbol>
      <symbol id="sm-57a">
         <name>mrfiSpiReadRxFifo</name>
         <value>0xaff0</value>
         <object_component_ref idref="oc-19e"/>
      </symbol>
      <symbol id="sm-57b">
         <name>MRFI_ReplyDelay</name>
         <value>0xa47a</value>
         <object_component_ref idref="oc-1c5"/>
      </symbol>
      <symbol id="sm-57c">
         <name>MRFI_WakeUp</name>
         <value>0x9ee6</value>
         <object_component_ref idref="oc-186"/>
      </symbol>
      <symbol id="sm-57d">
         <name>MRFI_Transmit</name>
         <value>0x8f6a</value>
         <object_component_ref idref="oc-1d9"/>
      </symbol>
      <symbol id="sm-57e">
         <name>mrfiSpiWriteReg</name>
         <value>0xae26</value>
         <object_component_ref idref="oc-1b4"/>
      </symbol>
      <symbol id="sm-57f">
         <name>mrfiSpiWriteTxFifo</name>
         <value>0xafbc</value>
         <object_component_ref idref="oc-1ea"/>
      </symbol>
      <symbol id="sm-580">
         <name>MRFI_RxIdle</name>
         <value>0xad1e</value>
         <object_component_ref idref="oc-1a7"/>
      </symbol>
      <symbol id="sm-581">
         <name>MRFI_GetRadioState</name>
         <value>0xb046</value>
         <object_component_ref idref="oc-1c4"/>
      </symbol>
      <symbol id="sm-582">
         <name>MRFI_EnableRxAddrFilter</name>
         <value>0xac56</value>
         <object_component_ref idref="oc-18a"/>
      </symbol>
      <symbol id="sm-583">
         <name>mrfiSpiInit</name>
         <value>0xa644</value>
         <object_component_ref idref="oc-1b2"/>
      </symbol>
      <symbol id="sm-584">
         <name>MRFI_Receive</name>
         <value>0xaf92</value>
         <object_component_ref idref="oc-1d5"/>
      </symbol>
      <symbol id="sm-585">
         <name>BSP_GpioPort1Isr</name>
         <value>0xa5d8</value>
         <object_component_ref idref="oc-166"/>
      </symbol>
      <symbol id="sm-5a1">
         <name>BSP_Init</name>
         <value>0xacde</value>
         <object_component_ref idref="oc-176"/>
      </symbol>
      <symbol id="sm-5a2">
         <name>BSP_InitButtons</name>
         <value>0xaffc</value>
         <object_component_ref idref="oc-1b1"/>
      </symbol>
      <symbol id="sm-5a3">
         <name>BSP_InitBoard</name>
         <value>0xac34</value>
         <object_component_ref idref="oc-182"/>
      </symbol>
      <symbol id="sm-5a4">
         <name>BSP_InitLeds</name>
         <value>0xaf18</value>
         <object_component_ref idref="oc-1b0"/>
      </symbol>
      <symbol id="sm-5a5">
         <name>BSP_Delay</name>
         <value>0xa5a0</value>
         <object_component_ref idref="oc-1de"/>
      </symbol>
      <symbol id="sm-5a6">
         <name>BSP_InitDrivers</name>
         <value>0xb006</value>
         <object_component_ref idref="oc-183"/>
      </symbol>
      <symbol id="sm-5b6">
         <name>L_ASR_12</name>
         <value>0xa40a</value>
         <object_component_ref idref="oc-1cc"/>
      </symbol>
      <symbol id="sm-5b7">
         <name>L_ASR_13</name>
         <value>0xa406</value>
         <object_component_ref idref="oc-1cc"/>
      </symbol>
      <symbol id="sm-5b8">
         <name>L_ASR_10</name>
         <value>0xa412</value>
         <object_component_ref idref="oc-1cc"/>
      </symbol>
      <symbol id="sm-5b9">
         <name>L_ASR_11</name>
         <value>0xa40e</value>
         <object_component_ref idref="oc-1cc"/>
      </symbol>
      <symbol id="sm-5ba">
         <name>L_ASR_14</name>
         <value>0xa402</value>
         <object_component_ref idref="oc-1cc"/>
      </symbol>
      <symbol id="sm-5bb">
         <name>L_ASR_15</name>
         <value>0xa3fe</value>
         <object_component_ref idref="oc-1cc"/>
      </symbol>
      <symbol id="sm-5bc">
         <name>L_ASR_3</name>
         <value>0xa42e</value>
         <object_component_ref idref="oc-1cc"/>
      </symbol>
      <symbol id="sm-5bd">
         <name>L_ASR_2</name>
         <value>0xa432</value>
         <object_component_ref idref="oc-1cc"/>
      </symbol>
      <symbol id="sm-5be">
         <name>L_ASR_1</name>
         <value>0xa436</value>
         <object_component_ref idref="oc-1cc"/>
      </symbol>
      <symbol id="sm-5bf">
         <name>L_ASR_7</name>
         <value>0xa41e</value>
         <object_component_ref idref="oc-1cc"/>
      </symbol>
      <symbol id="sm-5c0">
         <name>L_ASR_6</name>
         <value>0xa422</value>
         <object_component_ref idref="oc-1cc"/>
      </symbol>
      <symbol id="sm-5c1">
         <name>L_ASR_5</name>
         <value>0xa426</value>
         <object_component_ref idref="oc-1cc"/>
      </symbol>
      <symbol id="sm-5c2">
         <name>L_ASR_4</name>
         <value>0xa42a</value>
         <object_component_ref idref="oc-1cc"/>
      </symbol>
      <symbol id="sm-5c3">
         <name>L_ASR_9</name>
         <value>0xa416</value>
         <object_component_ref idref="oc-1cc"/>
      </symbol>
      <symbol id="sm-5c4">
         <name>L_ASR_8</name>
         <value>0xa41a</value>
         <object_component_ref idref="oc-1cc"/>
      </symbol>
      <symbol id="sm-5c5">
         <name>L_ASR</name>
         <value>0xaf72</value>
         <object_component_ref idref="oc-1b8"/>
      </symbol>
      <symbol id="sm-5d8">
         <name>_c_int00_noexit</name>
         <value>0xab08</value>
         <object_component_ref idref="oc-2d"/>
      </symbol>
      <symbol id="sm-5d9">
         <name>_c_int00</name>
         <value>0xab08</value>
         <object_component_ref idref="oc-2d"/>
      </symbol>
      <symbol id="sm-5da">
         <name>_stack</name>
         <value>0x5b0</value>
         <object_component_ref idref="oc-da"/>
      </symbol>
      <symbol id="sm-5db">
         <name>__TI_dtors_ptr</name>
         <value>0x382</value>
         <object_component_ref idref="oc-d8"/>
      </symbol>
      <symbol id="sm-5dc">
         <name>__TI_cleanup_ptr</name>
         <value>0x380</value>
         <object_component_ref idref="oc-d8"/>
      </symbol>
      <symbol id="sm-5dd">
         <name>_reset_vector</name>
         <value>0xfffe</value>
         <object_component_ref idref="oc-db"/>
      </symbol>
      <symbol id="sm-608">
         <name>__remi</name>
         <value>0xaa64</value>
         <object_component_ref idref="oc-ef"/>
      </symbol>
      <symbol id="sm-609">
         <name>__divi</name>
         <value>0xaa64</value>
         <object_component_ref idref="oc-ef"/>
      </symbol>
      <symbol id="sm-617">
         <name>__remu</name>
         <value>0xaea0</value>
         <object_component_ref idref="oc-f4"/>
      </symbol>
      <symbol id="sm-618">
         <name>__divu</name>
         <value>0xaea0</value>
         <object_component_ref idref="oc-f4"/>
      </symbol>
      <symbol id="sm-62a">
         <name>__divul</name>
         <value>0x9e8e</value>
         <object_component_ref idref="oc-f9"/>
      </symbol>
      <symbol id="sm-62b">
         <name>__remul</name>
         <value>0x9e8e</value>
         <object_component_ref idref="oc-f9"/>
      </symbol>
      <symbol id="sm-638">
         <name>func_epilog_1</name>
         <value>0xaf8e</value>
         <object_component_ref idref="oc-173"/>
      </symbol>
      <symbol id="sm-639">
         <name>func_epilog_2</name>
         <value>0xaf8c</value>
         <object_component_ref idref="oc-173"/>
      </symbol>
      <symbol id="sm-63a">
         <name>func_epilog_3</name>
         <value>0xaf8a</value>
         <object_component_ref idref="oc-173"/>
      </symbol>
      <symbol id="sm-63b">
         <name>func_epilog_4</name>
         <value>0xaf88</value>
         <object_component_ref idref="oc-173"/>
      </symbol>
      <symbol id="sm-63c">
         <name>func_epilog_5</name>
         <value>0xaf86</value>
         <object_component_ref idref="oc-173"/>
      </symbol>
      <symbol id="sm-63d">
         <name>func_epilog_6</name>
         <value>0xaf84</value>
         <object_component_ref idref="oc-173"/>
      </symbol>
      <symbol id="sm-63e">
         <name>func_epilog_7</name>
         <value>0xaf82</value>
         <object_component_ref idref="oc-173"/>
      </symbol>
      <symbol id="sm-64b">
         <name>C$$EXIT</name>
         <value>0xb07a</value>
         <object_component_ref idref="oc-16f"/>
      </symbol>
      <symbol id="sm-64c">
         <name>abort</name>
         <value>0xb07a</value>
         <object_component_ref idref="oc-16f"/>
      </symbol>
      <symbol id="sm-64d">
         <name>__TI_exit</name>
         <value>0x1</value>
      </symbol>
      <symbol id="sm-66c">
         <name>__fs_add</name>
         <value>0x8d14</value>
         <object_component_ref idref="oc-107"/>
      </symbol>
      <symbol id="sm-66d">
         <name>__fs_sub</name>
         <value>0x8d0e</value>
         <object_component_ref idref="oc-107"/>
      </symbol>
      <symbol id="sm-688">
         <name>__fs_mpy</name>
         <value>0x9318</value>
         <object_component_ref idref="oc-10c"/>
      </symbol>
      <symbol id="sm-69e">
         <name>__fs_toi</name>
         <value>0x9d02</value>
         <object_component_ref idref="oc-111"/>
      </symbol>
      <symbol id="sm-6b1">
         <name>__fs_tou</name>
         <value>0xa268</value>
         <object_component_ref idref="oc-116"/>
      </symbol>
      <symbol id="sm-6c0">
         <name>__fs_utof</name>
         <value>0xac10</value>
         <object_component_ref idref="oc-11b"/>
      </symbol>
      <symbol id="sm-6c4">
         <name>__TI_int00</name>
         <value>0xffe0</value>
         <object_component_ref idref="oc-1e"/>
      </symbol>
      <symbol id="sm-6c8">
         <name>__TI_int01</name>
         <value>0xffe2</value>
         <object_component_ref idref="oc-1f"/>
      </symbol>
      <symbol id="sm-6cc">
         <name>__TI_int04</name>
         <value>0xffe8</value>
         <object_component_ref idref="oc-22"/>
      </symbol>
      <symbol id="sm-6d0">
         <name>__TI_int08</name>
         <value>0xfff0</value>
         <object_component_ref idref="oc-26"/>
      </symbol>
      <symbol id="sm-6d4">
         <name>__TI_int09</name>
         <value>0xfff2</value>
         <object_component_ref idref="oc-27"/>
      </symbol>
      <symbol id="sm-6d8">
         <name>__TI_int10</name>
         <value>0xfff4</value>
         <object_component_ref idref="oc-28"/>
      </symbol>
      <symbol id="sm-6dc">
         <name>__TI_int11</name>
         <value>0xfff6</value>
         <object_component_ref idref="oc-29"/>
      </symbol>
      <symbol id="sm-6e0">
         <name>__TI_int12</name>
         <value>0xfff8</value>
         <object_component_ref idref="oc-2a"/>
      </symbol>
      <symbol id="sm-6e4">
         <name>__TI_int14</name>
         <value>0xfffc</value>
         <object_component_ref idref="oc-2c"/>
      </symbol>
      <symbol id="sm-6f0">
         <name>__TI_ISR_TRAP</name>
         <value>0xb052</value>
         <object_component_ref idref="oc-120"/>
      </symbol>
      <symbol id="sm-6fc">
         <name>L_LSL_3</name>
         <value>0xa46c</value>
         <object_component_ref idref="oc-1cd"/>
      </symbol>
      <symbol id="sm-6fd">
         <name>L_LSL_2</name>
         <value>0xa470</value>
         <object_component_ref idref="oc-1cd"/>
      </symbol>
      <symbol id="sm-6fe">
         <name>L_LSL_1</name>
         <value>0xa474</value>
         <object_component_ref idref="oc-1cd"/>
      </symbol>
      <symbol id="sm-6ff">
         <name>L_LSL_7</name>
         <value>0xa45c</value>
         <object_component_ref idref="oc-1cd"/>
      </symbol>
      <symbol id="sm-700">
         <name>L_LSL_6</name>
         <value>0xa460</value>
         <object_component_ref idref="oc-1cd"/>
      </symbol>
      <symbol id="sm-701">
         <name>L_LSL_5</name>
         <value>0xa464</value>
         <object_component_ref idref="oc-1cd"/>
      </symbol>
      <symbol id="sm-702">
         <name>L_LSL_4</name>
         <value>0xa468</value>
         <object_component_ref idref="oc-1cd"/>
      </symbol>
      <symbol id="sm-703">
         <name>L_LSL_9</name>
         <value>0xa454</value>
         <object_component_ref idref="oc-1cd"/>
      </symbol>
      <symbol id="sm-704">
         <name>L_LSL_8</name>
         <value>0xa458</value>
         <object_component_ref idref="oc-1cd"/>
      </symbol>
      <symbol id="sm-705">
         <name>L_LSL_12</name>
         <value>0xa448</value>
         <object_component_ref idref="oc-1cd"/>
      </symbol>
      <symbol id="sm-706">
         <name>L_LSL_13</name>
         <value>0xa444</value>
         <object_component_ref idref="oc-1cd"/>
      </symbol>
      <symbol id="sm-707">
         <name>L_LSL_10</name>
         <value>0xa450</value>
         <object_component_ref idref="oc-1cd"/>
      </symbol>
      <symbol id="sm-708">
         <name>L_LSL_11</name>
         <value>0xa44c</value>
         <object_component_ref idref="oc-1cd"/>
      </symbol>
      <symbol id="sm-709">
         <name>L_LSL_14</name>
         <value>0xa440</value>
         <object_component_ref idref="oc-1cd"/>
      </symbol>
      <symbol id="sm-70a">
         <name>L_LSL_15</name>
         <value>0xa43c</value>
         <object_component_ref idref="oc-1cd"/>
      </symbol>
      <symbol id="sm-716">
         <name>I_LSR</name>
         <value>0x9fde</value>
         <object_component_ref idref="oc-129"/>
      </symbol>
      <symbol id="sm-717">
         <name>I_LSR_12</name>
         <value>0x9ff8</value>
         <object_component_ref idref="oc-129"/>
      </symbol>
      <symbol id="sm-718">
         <name>I_LSR_13</name>
         <value>0x9ff4</value>
         <object_component_ref idref="oc-129"/>
      </symbol>
      <symbol id="sm-719">
         <name>I_LSR_10</name>
         <value>0xa000</value>
         <object_component_ref idref="oc-129"/>
      </symbol>
      <symbol id="sm-71a">
         <name>I_LSR_11</name>
         <value>0x9ffc</value>
         <object_component_ref idref="oc-129"/>
      </symbol>
      <symbol id="sm-71b">
         <name>I_LSR_14</name>
         <value>0x9ff0</value>
         <object_component_ref idref="oc-129"/>
      </symbol>
      <symbol id="sm-71c">
         <name>I_LSR_15</name>
         <value>0x9fec</value>
         <object_component_ref idref="oc-129"/>
      </symbol>
      <symbol id="sm-71d">
         <name>I_LSR_3</name>
         <value>0xa01c</value>
         <object_component_ref idref="oc-129"/>
      </symbol>
      <symbol id="sm-71e">
         <name>I_LSR_2</name>
         <value>0xa020</value>
         <object_component_ref idref="oc-129"/>
      </symbol>
      <symbol id="sm-71f">
         <name>I_LSR_1</name>
         <value>0xa024</value>
         <object_component_ref idref="oc-129"/>
      </symbol>
      <symbol id="sm-720">
         <name>I_LSR_7</name>
         <value>0xa00c</value>
         <object_component_ref idref="oc-129"/>
      </symbol>
      <symbol id="sm-721">
         <name>I_LSR_6</name>
         <value>0xa010</value>
         <object_component_ref idref="oc-129"/>
      </symbol>
      <symbol id="sm-722">
         <name>I_LSR_5</name>
         <value>0xa014</value>
         <object_component_ref idref="oc-129"/>
      </symbol>
      <symbol id="sm-723">
         <name>I_LSR_4</name>
         <value>0xa018</value>
         <object_component_ref idref="oc-129"/>
      </symbol>
      <symbol id="sm-724">
         <name>I_LSR_9</name>
         <value>0xa004</value>
         <object_component_ref idref="oc-129"/>
      </symbol>
      <symbol id="sm-725">
         <name>I_LSR_8</name>
         <value>0xa008</value>
         <object_component_ref idref="oc-129"/>
      </symbol>
      <symbol id="sm-731">
         <name>L_LSR_12</name>
         <value>0x9e44</value>
         <object_component_ref idref="oc-19b"/>
      </symbol>
      <symbol id="sm-732">
         <name>L_LSR_13</name>
         <value>0x9e3e</value>
         <object_component_ref idref="oc-19b"/>
      </symbol>
      <symbol id="sm-733">
         <name>L_LSR_10</name>
         <value>0x9e50</value>
         <object_component_ref idref="oc-19b"/>
      </symbol>
      <symbol id="sm-734">
         <name>L_LSR_11</name>
         <value>0x9e4a</value>
         <object_component_ref idref="oc-19b"/>
      </symbol>
      <symbol id="sm-735">
         <name>L_LSR_14</name>
         <value>0x9e38</value>
         <object_component_ref idref="oc-19b"/>
      </symbol>
      <symbol id="sm-736">
         <name>L_LSR_15</name>
         <value>0x9e32</value>
         <object_component_ref idref="oc-19b"/>
      </symbol>
      <symbol id="sm-737">
         <name>L_LSR_3</name>
         <value>0x9e7a</value>
         <object_component_ref idref="oc-19b"/>
      </symbol>
      <symbol id="sm-738">
         <name>L_LSR_2</name>
         <value>0x9e80</value>
         <object_component_ref idref="oc-19b"/>
      </symbol>
      <symbol id="sm-739">
         <name>L_LSR_1</name>
         <value>0x9e86</value>
         <object_component_ref idref="oc-19b"/>
      </symbol>
      <symbol id="sm-73a">
         <name>L_LSR_7</name>
         <value>0x9e62</value>
         <object_component_ref idref="oc-19b"/>
      </symbol>
      <symbol id="sm-73b">
         <name>L_LSR_6</name>
         <value>0x9e68</value>
         <object_component_ref idref="oc-19b"/>
      </symbol>
      <symbol id="sm-73c">
         <name>L_LSR_5</name>
         <value>0x9e6e</value>
         <object_component_ref idref="oc-19b"/>
      </symbol>
      <symbol id="sm-73d">
         <name>L_LSR_4</name>
         <value>0x9e74</value>
         <object_component_ref idref="oc-19b"/>
      </symbol>
      <symbol id="sm-73e">
         <name>L_LSR_9</name>
         <value>0x9e56</value>
         <object_component_ref idref="oc-19b"/>
      </symbol>
      <symbol id="sm-73f">
         <name>L_LSR_8</name>
         <value>0x9e5c</value>
         <object_component_ref idref="oc-19b"/>
      </symbol>
      <symbol id="sm-74e">
         <name>memcmp</name>
         <value>0xacbc</value>
         <object_component_ref idref="oc-1dd"/>
      </symbol>
      <symbol id="sm-75c">
         <name>memcpy</name>
         <value>0xaf3c</value>
         <object_component_ref idref="oc-172"/>
      </symbol>
      <symbol id="sm-76a">
         <name>memset</name>
         <value>0xaede</value>
         <object_component_ref idref="oc-19f"/>
      </symbol>
      <symbol id="sm-781">
         <name>__mpyi</name>
         <value>0xaef2</value>
         <object_component_ref idref="oc-146"/>
      </symbol>
      <symbol id="sm-78f">
         <name>__mpyl</name>
         <value>0xabc6</value>
         <object_component_ref idref="oc-14b"/>
      </symbol>
      <symbol id="sm-79b">
         <name>_system_pre_init</name>
         <value>0xb076</value>
         <object_component_ref idref="oc-16c"/>
      </symbol>
      <symbol id="sm-7a9">
         <name>_nop</name>
         <value>0xb086</value>
         <object_component_ref idref="oc-16b"/>
      </symbol>
      <symbol id="sm-7aa">
         <name>_lock</name>
         <value>0x37c</value>
         <object_component_ref idref="oc-155"/>
      </symbol>
      <symbol id="sm-7ab">
         <name>_unlock</name>
         <value>0x37e</value>
         <object_component_ref idref="oc-155"/>
      </symbol>
      <symbol id="sm-7b5">
         <name>__TI_args_main</name>
         <value>0x1</value>
      </symbol>
      <symbol id="sm-7c7">
         <name>_auto_init</name>
         <value>0xa0be</value>
         <object_component_ref idref="oc-16d"/>
      </symbol>
      <symbol id="sm-7c8">
         <name>__TI_auto_init</name>
         <value>0x1</value>
      </symbol>
   </symbol_table>
   <title>Link successful</title>
</link_info>
