<?xml version="1.0"?>
<link_info>
   <banner>MSP430 Linker PC v4.3.5</banner>
   <copyright>Copyright (c) 2003-2014 Texas Instruments Incorporated</copyright>
   <link_time>0x579646e2</link_time>
   <link_errors>0x0</link_errors>
   <output_file>APasdatahub.out</output_file>
   <entry_point>
      <name>_c_int00</name>
      <address>0xaaae</address>
   </entry_point>
   <input_file_list>
      <input_file id="fl-2">
         <path>.\libraries\sensors\</path>
         <kind>object</kind>
         <file>sht21.obj</file>
         <name>sht21.obj</name>
      </input_file>
      <input_file id="fl-3">
         <path>.\libraries\comms\</path>
         <kind>object</kind>
         <file>i2c.obj</file>
         <name>i2c.obj</name>
      </input_file>
      <input_file id="fl-4">
         <path>.\libraries\comms\</path>
         <kind>object</kind>
         <file>spi.obj</file>
         <name>spi.obj</name>
      </input_file>
      <input_file id="fl-5">
         <path>.\libraries\comms\</path>
         <kind>object</kind>
         <file>usci.obj</file>
         <name>usci.obj</name>
      </input_file>
      <input_file id="fl-6">
         <path>.\Peer Applications\</path>
         <kind>object</kind>
         <file>SEH_ED_v1.5.obj</file>
         <name>SEH_ED_v1.5.obj</name>
      </input_file>
      <input_file id="fl-7">
         <path>.\Peer Applications\</path>
         <kind>object</kind>
         <file>vlo_rand.obj</file>
         <name>vlo_rand.obj</name>
      </input_file>
      <input_file id="fl-8">
         <path>.\Components\simpliciti\nwk\</path>
         <kind>object</kind>
         <file>nwk.obj</file>
         <name>nwk.obj</name>
      </input_file>
      <input_file id="fl-9">
         <path>.\Components\simpliciti\nwk\</path>
         <kind>object</kind>
         <file>nwk_QMgmt.obj</file>
         <name>nwk_QMgmt.obj</name>
      </input_file>
      <input_file id="fl-a">
         <path>.\Components\simpliciti\nwk\</path>
         <kind>object</kind>
         <file>nwk_api.obj</file>
         <name>nwk_api.obj</name>
      </input_file>
      <input_file id="fl-b">
         <path>.\Components\simpliciti\nwk\</path>
         <kind>object</kind>
         <file>nwk_frame.obj</file>
         <name>nwk_frame.obj</name>
      </input_file>
      <input_file id="fl-c">
         <path>.\Components\simpliciti\nwk\</path>
         <kind>object</kind>
         <file>nwk_globals.obj</file>
         <name>nwk_globals.obj</name>
      </input_file>
      <input_file id="fl-d">
         <path>.\Components\simpliciti\network_applications\</path>
         <kind>object</kind>
         <file>nwk_freq.obj</file>
         <name>nwk_freq.obj</name>
      </input_file>
      <input_file id="fl-e">
         <path>.\Components\simpliciti\network_applications\</path>
         <kind>object</kind>
         <file>nwk_ioctl.obj</file>
         <name>nwk_ioctl.obj</name>
      </input_file>
      <input_file id="fl-f">
         <path>.\Components\simpliciti\network_applications\</path>
         <kind>object</kind>
         <file>nwk_join.obj</file>
         <name>nwk_join.obj</name>
      </input_file>
      <input_file id="fl-10">
         <path>.\Components\simpliciti\network_applications\</path>
         <kind>object</kind>
         <file>nwk_link.obj</file>
         <name>nwk_link.obj</name>
      </input_file>
      <input_file id="fl-11">
         <path>.\Components\simpliciti\network_applications\</path>
         <kind>object</kind>
         <file>nwk_mgmt.obj</file>
         <name>nwk_mgmt.obj</name>
      </input_file>
      <input_file id="fl-12">
         <path>.\Components\simpliciti\network_applications\</path>
         <kind>object</kind>
         <file>nwk_ping.obj</file>
         <name>nwk_ping.obj</name>
      </input_file>
      <input_file id="fl-13">
         <path>.\Components\simpliciti\network_applications\</path>
         <kind>object</kind>
         <file>nwk_security.obj</file>
         <name>nwk_security.obj</name>
      </input_file>
      <input_file id="fl-14">
         <path>.\Components\mrfi\</path>
         <kind>object</kind>
         <file>mrfi.obj</file>
         <name>mrfi.obj</name>
      </input_file>
      <input_file id="fl-15">
         <path>.\Components\bsp\</path>
         <kind>object</kind>
         <file>bsp.obj</file>
         <name>bsp.obj</name>
      </input_file>
      <input_file id="fl-42">
         <path>c:\ti\ccsv6\tools\compiler\msp430_4.3.5\lib\</path>
         <kind>archive</kind>
         <file>rts430.lib</file>
         <name>asr32.obj</name>
      </input_file>
      <input_file id="fl-43">
         <path>c:\ti\ccsv6\tools\compiler\msp430_4.3.5\lib\</path>
         <kind>archive</kind>
         <file>rts430.lib</file>
         <name>boot.obj</name>
      </input_file>
      <input_file id="fl-44">
         <path>c:\ti\ccsv6\tools\compiler\msp430_4.3.5\lib\</path>
         <kind>archive</kind>
         <file>rts430.lib</file>
         <name>copy_decompress_none.obj</name>
      </input_file>
      <input_file id="fl-45">
         <path>c:\ti\ccsv6\tools\compiler\msp430_4.3.5\lib\</path>
         <kind>archive</kind>
         <file>rts430.lib</file>
         <name>copy_decompress_rle.obj</name>
      </input_file>
      <input_file id="fl-46">
         <path>c:\ti\ccsv6\tools\compiler\msp430_4.3.5\lib\</path>
         <kind>archive</kind>
         <file>rts430.lib</file>
         <name>copy_zero_init.obj</name>
      </input_file>
      <input_file id="fl-47">
         <path>c:\ti\ccsv6\tools\compiler\msp430_4.3.5\lib\</path>
         <kind>archive</kind>
         <file>rts430.lib</file>
         <name>div16s.obj</name>
      </input_file>
      <input_file id="fl-48">
         <path>c:\ti\ccsv6\tools\compiler\msp430_4.3.5\lib\</path>
         <kind>archive</kind>
         <file>rts430.lib</file>
         <name>div16u.obj</name>
      </input_file>
      <input_file id="fl-49">
         <path>c:\ti\ccsv6\tools\compiler\msp430_4.3.5\lib\</path>
         <kind>archive</kind>
         <file>rts430.lib</file>
         <name>div32u.obj</name>
      </input_file>
      <input_file id="fl-4a">
         <path>c:\ti\ccsv6\tools\compiler\msp430_4.3.5\lib\</path>
         <kind>archive</kind>
         <file>rts430.lib</file>
         <name>epilog.obj</name>
      </input_file>
      <input_file id="fl-4b">
         <path>c:\ti\ccsv6\tools\compiler\msp430_4.3.5\lib\</path>
         <kind>archive</kind>
         <file>rts430.lib</file>
         <name>exit.obj</name>
      </input_file>
      <input_file id="fl-4c">
         <path>c:\ti\ccsv6\tools\compiler\msp430_4.3.5\lib\</path>
         <kind>archive</kind>
         <file>rts430.lib</file>
         <name>fs_add.obj</name>
      </input_file>
      <input_file id="fl-4d">
         <path>c:\ti\ccsv6\tools\compiler\msp430_4.3.5\lib\</path>
         <kind>archive</kind>
         <file>rts430.lib</file>
         <name>fs_mpy.obj</name>
      </input_file>
      <input_file id="fl-4e">
         <path>c:\ti\ccsv6\tools\compiler\msp430_4.3.5\lib\</path>
         <kind>archive</kind>
         <file>rts430.lib</file>
         <name>fs_toi.obj</name>
      </input_file>
      <input_file id="fl-4f">
         <path>c:\ti\ccsv6\tools\compiler\msp430_4.3.5\lib\</path>
         <kind>archive</kind>
         <file>rts430.lib</file>
         <name>fs_tou.obj</name>
      </input_file>
      <input_file id="fl-50">
         <path>c:\ti\ccsv6\tools\compiler\msp430_4.3.5\lib\</path>
         <kind>archive</kind>
         <file>rts430.lib</file>
         <name>fs_utof.obj</name>
      </input_file>
      <input_file id="fl-51">
         <path>c:\ti\ccsv6\tools\compiler\msp430_4.3.5\lib\</path>
         <kind>archive</kind>
         <file>rts430.lib</file>
         <name>int00.obj</name>
      </input_file>
      <input_file id="fl-52">
         <path>c:\ti\ccsv6\tools\compiler\msp430_4.3.5\lib\</path>
         <kind>archive</kind>
         <file>rts430.lib</file>
         <name>int01.obj</name>
      </input_file>
      <input_file id="fl-53">
         <path>c:\ti\ccsv6\tools\compiler\msp430_4.3.5\lib\</path>
         <kind>archive</kind>
         <file>rts430.lib</file>
         <name>int04.obj</name>
      </input_file>
      <input_file id="fl-54">
         <path>c:\ti\ccsv6\tools\compiler\msp430_4.3.5\lib\</path>
         <kind>archive</kind>
         <file>rts430.lib</file>
         <name>int08.obj</name>
      </input_file>
      <input_file id="fl-55">
         <path>c:\ti\ccsv6\tools\compiler\msp430_4.3.5\lib\</path>
         <kind>archive</kind>
         <file>rts430.lib</file>
         <name>int09.obj</name>
      </input_file>
      <input_file id="fl-56">
         <path>c:\ti\ccsv6\tools\compiler\msp430_4.3.5\lib\</path>
         <kind>archive</kind>
         <file>rts430.lib</file>
         <name>int10.obj</name>
      </input_file>
      <input_file id="fl-57">
         <path>c:\ti\ccsv6\tools\compiler\msp430_4.3.5\lib\</path>
         <kind>archive</kind>
         <file>rts430.lib</file>
         <name>int11.obj</name>
      </input_file>
      <input_file id="fl-58">
         <path>c:\ti\ccsv6\tools\compiler\msp430_4.3.5\lib\</path>
         <kind>archive</kind>
         <file>rts430.lib</file>
         <name>int12.obj</name>
      </input_file>
      <input_file id="fl-59">
         <path>c:\ti\ccsv6\tools\compiler\msp430_4.3.5\lib\</path>
         <kind>archive</kind>
         <file>rts430.lib</file>
         <name>int14.obj</name>
      </input_file>
      <input_file id="fl-5a">
         <path>c:\ti\ccsv6\tools\compiler\msp430_4.3.5\lib\</path>
         <kind>archive</kind>
         <file>rts430.lib</file>
         <name>isr_trap.obj</name>
      </input_file>
      <input_file id="fl-5b">
         <path>c:\ti\ccsv6\tools\compiler\msp430_4.3.5\lib\</path>
         <kind>archive</kind>
         <file>rts430.lib</file>
         <name>lsl32.obj</name>
      </input_file>
      <input_file id="fl-5c">
         <path>c:\ti\ccsv6\tools\compiler\msp430_4.3.5\lib\</path>
         <kind>archive</kind>
         <file>rts430.lib</file>
         <name>lsr16.obj</name>
      </input_file>
      <input_file id="fl-5d">
         <path>c:\ti\ccsv6\tools\compiler\msp430_4.3.5\lib\</path>
         <kind>archive</kind>
         <file>rts430.lib</file>
         <name>lsr32.obj</name>
      </input_file>
      <input_file id="fl-5e">
         <path>c:\ti\ccsv6\tools\compiler\msp430_4.3.5\lib\</path>
         <kind>archive</kind>
         <file>rts430.lib</file>
         <name>memcmp.obj</name>
      </input_file>
      <input_file id="fl-5f">
         <path>c:\ti\ccsv6\tools\compiler\msp430_4.3.5\lib\</path>
         <kind>archive</kind>
         <file>rts430.lib</file>
         <name>memcpy.obj</name>
      </input_file>
      <input_file id="fl-60">
         <path>c:\ti\ccsv6\tools\compiler\msp430_4.3.5\lib\</path>
         <kind>archive</kind>
         <file>rts430.lib</file>
         <name>memset.obj</name>
      </input_file>
      <input_file id="fl-61">
         <path>c:\ti\ccsv6\tools\compiler\msp430_4.3.5\lib\</path>
         <kind>archive</kind>
         <file>rts430.lib</file>
         <name>mpu_init.obj</name>
      </input_file>
      <input_file id="fl-62">
         <path>c:\ti\ccsv6\tools\compiler\msp430_4.3.5\lib\</path>
         <kind>archive</kind>
         <file>rts430.lib</file>
         <name>mult16.obj</name>
      </input_file>
      <input_file id="fl-63">
         <path>c:\ti\ccsv6\tools\compiler\msp430_4.3.5\lib\</path>
         <kind>archive</kind>
         <file>rts430.lib</file>
         <name>mult32.obj</name>
      </input_file>
      <input_file id="fl-64">
         <path>c:\ti\ccsv6\tools\compiler\msp430_4.3.5\lib\</path>
         <kind>archive</kind>
         <file>rts430.lib</file>
         <name>pre_init.obj</name>
      </input_file>
      <input_file id="fl-65">
         <path>c:\ti\ccsv6\tools\compiler\msp430_4.3.5\lib\</path>
         <kind>archive</kind>
         <file>rts430.lib</file>
         <name>_lock.obj</name>
      </input_file>
      <input_file id="fl-66">
         <path>c:\ti\ccsv6\tools\compiler\msp430_4.3.5\lib\</path>
         <kind>archive</kind>
         <file>rts430.lib</file>
         <name>args_main.obj</name>
      </input_file>
      <input_file id="fl-67">
         <path>c:\ti\ccsv6\tools\compiler\msp430_4.3.5\lib\</path>
         <kind>archive</kind>
         <file>rts430.lib</file>
         <name>autoinit.obj</name>
      </input_file>
   </input_file_list>
   <object_component_list>
      <object_component id="oc-2e">
         <name>.bss</name>
         <uninitialized>true</uninitialized>
         <run_address>0x386</run_address>
         <size>0x4</size>
         <input_file_ref idref="fl-2"/>
      </object_component>
      <object_component id="oc-34">
         <name>.bss</name>
         <uninitialized>true</uninitialized>
         <run_address>0x34e</run_address>
         <size>0xf</size>
         <input_file_ref idref="fl-3"/>
      </object_component>
      <object_component id="oc-3b">
         <name>.bss</name>
         <uninitialized>true</uninitialized>
         <run_address>0x334</run_address>
         <size>0x1a</size>
         <input_file_ref idref="fl-4"/>
      </object_component>
      <object_component id="oc-3e">
         <name>.bss</name>
         <uninitialized>true</uninitialized>
         <run_address>0x38f</run_address>
         <size>0x1</size>
         <input_file_ref idref="fl-5"/>
      </object_component>
      <object_component id="oc-45">
         <name>.bss</name>
         <uninitialized>true</uninitialized>
         <run_address>0x290</run_address>
         <size>0x4e</size>
         <input_file_ref idref="fl-6"/>
      </object_component>
      <object_component id="oc-52">
         <name>.bss</name>
         <uninitialized>true</uninitialized>
         <run_address>0x30e</run_address>
         <size>0x26</size>
         <input_file_ref idref="fl-8"/>
      </object_component>
      <object_component id="oc-59">
         <name>.bss</name>
         <uninitialized>true</uninitialized>
         <run_address>0x200</run_address>
         <size>0x90</size>
         <input_file_ref idref="fl-9"/>
      </object_component>
      <object_component id="oc-5f">
         <name>.bss</name>
         <uninitialized>true</uninitialized>
         <run_address>0x375</run_address>
         <size>0x1</size>
         <input_file_ref idref="fl-a"/>
      </object_component>
      <object_component id="oc-66">
         <name>.bss</name>
         <uninitialized>true</uninitialized>
         <run_address>0x366</run_address>
         <size>0x8</size>
         <input_file_ref idref="fl-b"/>
      </object_component>
      <object_component id="oc-6d">
         <name>.bss</name>
         <uninitialized>true</uninitialized>
         <run_address>0x35d</run_address>
         <size>0x9</size>
         <input_file_ref idref="fl-c"/>
      </object_component>
      <object_component id="oc-75">
         <name>.bss</name>
         <uninitialized>true</uninitialized>
         <run_address>0x38d</run_address>
         <size>0x2</size>
         <input_file_ref idref="fl-d"/>
      </object_component>
      <object_component id="oc-81">
         <name>.bss</name>
         <uninitialized>true</uninitialized>
         <run_address>0x36e</run_address>
         <size>0x7</size>
         <input_file_ref idref="fl-f"/>
      </object_component>
      <object_component id="oc-88">
         <name>.bss</name>
         <uninitialized>true</uninitialized>
         <run_address>0x376</run_address>
         <size>0x7</size>
         <input_file_ref idref="fl-10"/>
      </object_component>
      <object_component id="oc-8f">
         <name>.bss</name>
         <uninitialized>true</uninitialized>
         <run_address>0x38a</run_address>
         <size>0x3</size>
         <input_file_ref idref="fl-11"/>
      </object_component>
      <object_component id="oc-96">
         <name>.bss</name>
         <uninitialized>true</uninitialized>
         <run_address>0x37d</run_address>
         <size>0x1</size>
         <input_file_ref idref="fl-12"/>
      </object_component>
      <object_component id="oc-a2">
         <name>.bss</name>
         <uninitialized>true</uninitialized>
         <run_address>0x2de</run_address>
         <size>0x30</size>
         <input_file_ref idref="fl-14"/>
      </object_component>
      <object_component id="oc-b2">
         <name>.bss</name>
         <uninitialized>true</uninitialized>
         <run_address>0x382</run_address>
         <size>0x4</size>
         <input_file_ref idref="fl-43"/>
      </object_component>
      <object_component id="oc-12f">
         <name>.bss</name>
         <uninitialized>true</uninitialized>
         <run_address>0x37e</run_address>
         <size>0x4</size>
         <input_file_ref idref="fl-65"/>
      </object_component>
      <object_component id="oc-b4">
         <name>.stack</name>
         <uninitialized>true</uninitialized>
         <run_address>0x5b0</run_address>
         <size>0x2</size>
         <input_file_ref idref="fl-43"/>
      </object_component>
      <object_component id="oc-1fe">
         <name>.stack</name>
         <uninitialized>true</uninitialized>
         <run_address>0x5b0</run_address>
         <size>0x0</size>
      </object_component>
      <object_component id="oc-152">
         <name>.text:linkTo</name>
         <load_address>0x8000</load_address>
         <run_address>0x8000</run_address>
         <size>0x474</size>
         <input_file_ref idref="fl-6"/>
      </object_component>
      <object_component id="oc-1a3">
         <name>.text:status_indicator</name>
         <load_address>0x8474</load_address>
         <run_address>0x8474</run_address>
         <size>0x1a2</size>
         <input_file_ref idref="fl-6"/>
      </object_component>
      <object_component id="oc-15e">
         <name>.text:MRFI_Init</name>
         <load_address>0x8616</load_address>
         <run_address>0x8616</run_address>
         <size>0x196</size>
         <input_file_ref idref="fl-14"/>
      </object_component>
      <object_component id="oc-1d2">
         <name>.text:smpl_send_link_reply</name>
         <load_address>0x87ac</load_address>
         <run_address>0x87ac</run_address>
         <size>0x16c</size>
         <input_file_ref idref="fl-10"/>
      </object_component>
      <object_component id="oc-148">
         <name>.text:main</name>
         <load_address>0x8918</load_address>
         <run_address>0x8918</run_address>
         <size>0x156</size>
         <input_file_ref idref="fl-6"/>
      </object_component>
      <object_component id="oc-1a2">
         <name>.text:nwk_link</name>
         <load_address>0x8a6e</load_address>
         <run_address>0x8a6e</run_address>
         <size>0x14a</size>
         <input_file_ref idref="fl-10"/>
      </object_component>
      <object_component id="oc-1b4">
         <name>.text:nwk_QfindOldest</name>
         <load_address>0x8bb8</load_address>
         <run_address>0x8bb8</run_address>
         <size>0x134</size>
         <input_file_ref idref="fl-9"/>
      </object_component>
      <object_component id="oc-e1">
         <name>.text</name>
         <load_address>0x8cec</load_address>
         <run_address>0x8cec</run_address>
         <size>0x130</size>
         <input_file_ref idref="fl-4c"/>
      </object_component>
      <object_component id="oc-165">
         <name>.text:nwk_join</name>
         <load_address>0x8e1c</load_address>
         <run_address>0x8e1c</run_address>
         <size>0x12c</size>
         <input_file_ref idref="fl-f"/>
      </object_component>
      <object_component id="oc-1b3">
         <name>.text:MRFI_Transmit</name>
         <load_address>0x8f48</load_address>
         <run_address>0x8f48</run_address>
         <size>0x102</size>
         <input_file_ref idref="fl-14"/>
      </object_component>
      <object_component id="oc-188">
         <name>.text:nwk_scanForChannels</name>
         <load_address>0x904a</load_address>
         <run_address>0x904a</run_address>
         <size>0xfe</size>
         <input_file_ref idref="fl-d"/>
      </object_component>
      <object_component id="oc-153">
         <name>.text:Mrfi_SyncPinRxIsr</name>
         <load_address>0x9148</load_address>
         <run_address>0x9148</run_address>
         <size>0xd8</size>
         <input_file_ref idref="fl-14"/>
      </object_component>
      <object_component id="oc-1bd">
         <name>.text:nwk_allocateLocalRxPort</name>
         <load_address>0x9220</load_address>
         <run_address>0x9220</run_address>
         <size>0xd6</size>
         <input_file_ref idref="fl-8"/>
      </object_component>
      <object_component id="oc-e6">
         <name>.text</name>
         <load_address>0x92f6</load_address>
         <run_address>0x92f6</run_address>
         <size>0xc2</size>
         <input_file_ref idref="fl-4d"/>
      </object_component>
      <object_component id="oc-4d">
         <name>.text</name>
         <load_address>0x93b8</load_address>
         <run_address>0x93b8</run_address>
         <size>0xba</size>
         <input_file_ref idref="fl-7"/>
      </object_component>
      <object_component id="oc-142">
         <name>.text:USCIAB0TX_ISR</name>
         <load_address>0x9472</load_address>
         <run_address>0x9472</run_address>
         <size>0xb0</size>
         <input_file_ref idref="fl-5"/>
      </object_component>
      <object_component id="oc-187">
         <name>.text:nwk_retrieveFrame</name>
         <load_address>0x9522</load_address>
         <run_address>0x9522</run_address>
         <size>0xac</size>
         <input_file_ref idref="fl-b"/>
      </object_component>
      <object_component id="oc-1b0">
         <name>.text:dispatchFrame</name>
         <load_address>0x95ce</load_address>
         <run_address>0x95ce</run_address>
         <size>0xa6</size>
         <input_file_ref idref="fl-b"/>
      </object_component>
      <object_component id="oc-14f">
         <name>.text:SMPL_Ioctl</name>
         <load_address>0x9674</load_address>
         <run_address>0x9674</run_address>
         <size>0xa2</size>
         <input_file_ref idref="fl-a"/>
      </object_component>
      <object_component id="oc-1bc">
         <name>.text:nwk_getNextConnection</name>
         <load_address>0x9716</load_address>
         <run_address>0x9716</run_address>
         <size>0x98</size>
         <input_file_ref idref="fl-8"/>
      </object_component>
      <object_component id="oc-13f">
         <name>.text:Port_1</name>
         <load_address>0x97ae</load_address>
         <run_address>0x97ae</run_address>
         <size>0x96</size>
         <input_file_ref idref="fl-6"/>
      </object_component>
      <object_component id="oc-185">
         <name>.text:nwk_buildFrame</name>
         <load_address>0x9844</load_address>
         <run_address>0x9844</run_address>
         <size>0x8c</size>
         <input_file_ref idref="fl-b"/>
      </object_component>
      <object_component id="oc-1ae">
         <name>.text:nwk_QfindSlot</name>
         <load_address>0x98d0</load_address>
         <run_address>0x98d0</run_address>
         <size>0x82</size>
         <input_file_ref idref="fl-9"/>
      </object_component>
      <object_component id="oc-1ad">
         <name>.text:spiBurstFifoAccess</name>
         <load_address>0x9952</load_address>
         <run_address>0x9952</run_address>
         <size>0x82</size>
         <input_file_ref idref="fl-14"/>
      </object_component>
      <object_component id="oc-174">
         <name>.text:ADXL362_Read_XYZ_Reg_Hi_Res</name>
         <load_address>0x99d4</load_address>
         <run_address>0x99d4</run_address>
         <size>0x7c</size>
         <input_file_ref idref="fl-6"/>
      </object_component>
      <object_component id="oc-158">
         <name>.text:nwk_radioControl</name>
         <load_address>0x9a50</load_address>
         <run_address>0x9a50</run_address>
         <size>0x78</size>
         <input_file_ref idref="fl-e"/>
      </object_component>
      <object_component id="oc-171">
         <name>.text:ReadPressure</name>
         <load_address>0x9ac8</load_address>
         <run_address>0x9ac8</run_address>
         <size>0x6e</size>
         <input_file_ref idref="fl-6"/>
      </object_component>
      <object_component id="oc-1d1">
         <name>.text:smpl_send_unlink_reply</name>
         <load_address>0x9b36</load_address>
         <run_address>0x9b36</run_address>
         <size>0x6e</size>
         <input_file_ref idref="fl-10"/>
      </object_component>
      <object_component id="oc-14e">
         <name>.text:createRandomAddress</name>
         <load_address>0x9ba4</load_address>
         <run_address>0x9ba4</run_address>
         <size>0x6a</size>
         <input_file_ref idref="fl-6"/>
      </object_component>
      <object_component id="oc-15f">
         <name>.text:nwk_nwkInit</name>
         <load_address>0x9c0e</load_address>
         <run_address>0x9c0e</run_address>
         <size>0x6a</size>
         <input_file_ref idref="fl-8"/>
      </object_component>
      <object_component id="oc-176">
         <name>.text:SMPL_Send</name>
         <load_address>0x9c78</load_address>
         <run_address>0x9c78</run_address>
         <size>0x68</size>
         <input_file_ref idref="fl-a"/>
      </object_component>
      <object_component id="oc-eb">
         <name>.text</name>
         <load_address>0x9ce0</load_address>
         <run_address>0x9ce0</run_address>
         <size>0x68</size>
         <input_file_ref idref="fl-4e"/>
      </object_component>
      <object_component id="oc-168">
         <name>.text:I2C_Slave_Test</name>
         <load_address>0x9d48</load_address>
         <run_address>0x9d48</run_address>
         <size>0x64</size>
         <input_file_ref idref="fl-3"/>
      </object_component>
      <object_component id="oc-1c2">
         <name>.text:nwk_isConnectionValid</name>
         <load_address>0x9dac</load_address>
         <run_address>0x9dac</run_address>
         <size>0x64</size>
         <input_file_ref idref="fl-8"/>
      </object_component>
      <object_component id="oc-175">
         <name>.text:l_lsr_const</name>
         <load_address>0x9e10</load_address>
         <run_address>0x9e10</run_address>
         <size>0x5c</size>
         <input_file_ref idref="fl-5d"/>
      </object_component>
      <object_component id="oc-d3">
         <name>.text</name>
         <load_address>0x9e6c</load_address>
         <run_address>0x9e6c</run_address>
         <size>0x58</size>
         <input_file_ref idref="fl-49"/>
      </object_component>
      <object_component id="oc-160">
         <name>.text:MRFI_WakeUp</name>
         <load_address>0x9ec4</load_address>
         <run_address>0x9ec4</run_address>
         <size>0x54</size>
         <input_file_ref idref="fl-14"/>
      </object_component>
      <object_component id="oc-159">
         <name>.text:nwk_rawSend</name>
         <load_address>0x9f18</load_address>
         <run_address>0x9f18</run_address>
         <size>0x54</size>
         <input_file_ref idref="fl-e"/>
      </object_component>
      <object_component id="oc-16d">
         <name>.text:ADXL362_ReadID</name>
         <load_address>0x9f6c</load_address>
         <run_address>0x9f6c</run_address>
         <size>0x50</size>
         <input_file_ref idref="fl-6"/>
      </object_component>
      <object_component id="oc-103">
         <name>.text</name>
         <load_address>0x9fbc</load_address>
         <run_address>0x9fbc</run_address>
         <size>0x4c</size>
         <input_file_ref idref="fl-5c"/>
      </object_component>
      <object_component id="oc-1a8">
         <name>.text:SHT21_Read_Data</name>
         <load_address>0xa008</load_address>
         <run_address>0xa008</run_address>
         <size>0x4a</size>
         <input_file_ref idref="fl-2"/>
      </object_component>
      <object_component id="oc-1d5">
         <name>.text:nwk_findPeer</name>
         <load_address>0xa052</load_address>
         <run_address>0xa052</run_address>
         <size>0x4a</size>
         <input_file_ref idref="fl-8"/>
      </object_component>
      <object_component id="oc-147">
         <name>.text:_auto_init</name>
         <load_address>0xa09c</load_address>
         <run_address>0xa09c</run_address>
         <size>0x48</size>
         <input_file_ref idref="fl-67"/>
      </object_component>
      <object_component id="oc-14a">
         <name>.text:display_mode</name>
         <load_address>0xa0e4</load_address>
         <run_address>0xa0e4</run_address>
         <size>0x48</size>
         <input_file_ref idref="fl-6"/>
      </object_component>
      <object_component id="oc-17d">
         <name>.text:mrfiSpiCmdStrobe</name>
         <load_address>0xa12c</load_address>
         <run_address>0xa12c</run_address>
         <size>0x48</size>
         <input_file_ref idref="fl-14"/>
      </object_component>
      <object_component id="oc-169">
         <name>.text:I2C_Read_Register</name>
         <load_address>0xa174</load_address>
         <run_address>0xa174</run_address>
         <size>0x46</size>
         <input_file_ref idref="fl-3"/>
      </object_component>
      <object_component id="oc-17a">
         <name>.text:MRFI_RxAddrIsFiltered</name>
         <load_address>0xa1ba</load_address>
         <run_address>0xa1ba</run_address>
         <size>0x46</size>
         <input_file_ref idref="fl-14"/>
      </object_component>
      <object_component id="oc-1d6">
         <name>.text:nwk_isLinkDuplicate</name>
         <load_address>0xa200</load_address>
         <run_address>0xa200</run_address>
         <size>0x46</size>
         <input_file_ref idref="fl-8"/>
      </object_component>
      <object_component id="oc-f0">
         <name>.text</name>
         <load_address>0xa246</load_address>
         <run_address>0xa246</run_address>
         <size>0x46</size>
         <input_file_ref idref="fl-4f"/>
      </object_component>
      <object_component id="oc-1d0">
         <name>.text:smpl_send_ping_reply</name>
         <load_address>0xa28c</load_address>
         <run_address>0xa28c</run_address>
         <size>0x46</size>
         <input_file_ref idref="fl-12"/>
      </object_component>
      <object_component id="oc-183">
         <name>.text:MRFI_Rssi</name>
         <load_address>0xa2d2</load_address>
         <run_address>0xa2d2</run_address>
         <size>0x44</size>
         <input_file_ref idref="fl-14"/>
      </object_component>
      <object_component id="oc-151">
         <name>.text:SMPL_Init</name>
         <load_address>0xa316</load_address>
         <run_address>0xa316</run_address>
         <size>0x42</size>
         <input_file_ref idref="fl-a"/>
      </object_component>
      <object_component id="oc-16e">
         <name>.text:get_voltage</name>
         <load_address>0xa358</load_address>
         <run_address>0xa358</run_address>
         <size>0x42</size>
         <input_file_ref idref="fl-6"/>
      </object_component>
      <object_component id="oc-1ac">
         <name>.text:spiRegAccess</name>
         <load_address>0xa39a</load_address>
         <run_address>0xa39a</run_address>
         <size>0x42</size>
         <input_file_ref idref="fl-14"/>
      </object_component>
      <object_component id="oc-1a6">
         <name>.text:l_asr_const</name>
         <load_address>0xa3dc</load_address>
         <run_address>0xa3dc</run_address>
         <size>0x3e</size>
         <input_file_ref idref="fl-42"/>
      </object_component>
      <object_component id="oc-1a7">
         <name>.text:l_lsl_const</name>
         <load_address>0xa41a</load_address>
         <run_address>0xa41a</run_address>
         <size>0x3e</size>
         <input_file_ref idref="fl-5b"/>
      </object_component>
      <object_component id="oc-19f">
         <name>.text:MRFI_ReplyDelay</name>
         <load_address>0xa458</load_address>
         <run_address>0xa458</run_address>
         <size>0x3c</size>
         <input_file_ref idref="fl-14"/>
      </object_component>
      <object_component id="oc-16a">
         <name>.text:SPI_Init</name>
         <load_address>0xa494</load_address>
         <run_address>0xa494</run_address>
         <size>0x3c</size>
         <input_file_ref idref="fl-6"/>
      </object_component>
      <object_component id="oc-15b">
         <name>.text:nwk_freqControl</name>
         <load_address>0xa4d0</load_address>
         <run_address>0xa4d0</run_address>
         <size>0x3a</size>
         <input_file_ref idref="fl-d"/>
      </object_component>
      <object_component id="oc-1cc">
         <name>.text:nwk_isValidReply</name>
         <load_address>0xa50a</load_address>
         <run_address>0xa50a</run_address>
         <size>0x3a</size>
         <input_file_ref idref="fl-8"/>
      </object_component>
      <object_component id="oc-1cb">
         <name>.text:nwk_processMgmt</name>
         <load_address>0xa544</load_address>
         <run_address>0xa544</run_address>
         <size>0x3a</size>
         <input_file_ref idref="fl-11"/>
      </object_component>
      <object_component id="oc-1b8">
         <name>.text:BSP_Delay</name>
         <load_address>0xa57e</load_address>
         <run_address>0xa57e</run_address>
         <size>0x38</size>
         <input_file_ref idref="fl-15"/>
      </object_component>
      <object_component id="oc-163">
         <name>.text:MRFI_SetRxAddrFilter</name>
         <load_address>0xa5b6</load_address>
         <run_address>0xa5b6</run_address>
         <size>0x34</size>
         <input_file_ref idref="fl-14"/>
      </object_component>
      <object_component id="oc-18c">
         <name>.text:mrfiSpiInit</name>
         <load_address>0xa5ea</load_address>
         <run_address>0xa5ea</run_address>
         <size>0x34</size>
         <input_file_ref idref="fl-14"/>
      </object_component>
      <object_component id="oc-157">
         <name>.text:nwk_deviceAddress</name>
         <load_address>0xa61e</load_address>
         <run_address>0xa61e</run_address>
         <size>0x34</size>
         <input_file_ref idref="fl-e"/>
      </object_component>
      <object_component id="oc-1b6">
         <name>.text:nwk_getAPAddress</name>
         <load_address>0xa652</load_address>
         <run_address>0xa652</run_address>
         <size>0x34</size>
         <input_file_ref idref="fl-c"/>
      </object_component>
      <object_component id="oc-16c">
         <name>.text:ADXL362_Write_Register</name>
         <load_address>0xa686</load_address>
         <run_address>0xa686</run_address>
         <size>0x32</size>
         <input_file_ref idref="fl-6"/>
      </object_component>
      <object_component id="oc-190">
         <name>.text:MRFI_SetLogicalChannel</name>
         <load_address>0xa6b8</load_address>
         <run_address>0xa6b8</run_address>
         <size>0x32</size>
         <input_file_ref idref="fl-14"/>
      </object_component>
      <object_component id="oc-1bb">
         <name>.text:Mrfi_DelayUsecSem</name>
         <load_address>0xa6ea</load_address>
         <run_address>0xa6ea</run_address>
         <size>0x32</size>
         <input_file_ref idref="fl-14"/>
      </object_component>
      <object_component id="oc-143">
         <name>.text:USCIAB0RX_ISR</name>
         <load_address>0xa71c</load_address>
         <run_address>0xa71c</run_address>
         <size>0x32</size>
         <input_file_ref idref="fl-5"/>
      </object_component>
      <object_component id="oc-1b5">
         <name>.text:nwk_QadjustOrder</name>
         <load_address>0xa74e</load_address>
         <run_address>0xa74e</run_address>
         <size>0x32</size>
         <input_file_ref idref="fl-9"/>
      </object_component>
      <object_component id="oc-17e">
         <name>.text:nwk_getConnInfo</name>
         <load_address>0xa780</load_address>
         <run_address>0xa780</run_address>
         <size>0x32</size>
         <input_file_ref idref="fl-8"/>
      </object_component>
      <object_component id="oc-1ca">
         <name>.text:nwk_processFreq</name>
         <load_address>0xa7b2</load_address>
         <run_address>0xa7b2</run_address>
         <size>0x32</size>
         <input_file_ref idref="fl-d"/>
      </object_component>
      <object_component id="oc-1aa">
         <name>.text:SHT21_T_Calib</name>
         <load_address>0xa7e4</load_address>
         <run_address>0xa7e4</run_address>
         <size>0x30</size>
         <input_file_ref idref="fl-2"/>
      </object_component>
      <object_component id="oc-1b1">
         <name>.text:map_lid2idx</name>
         <load_address>0xa814</load_address>
         <run_address>0xa814</run_address>
         <size>0x30</size>
         <input_file_ref idref="fl-8"/>
      </object_component>
      <object_component id="oc-15a">
         <name>.text:nwk_rawReceive</name>
         <load_address>0xa844</load_address>
         <run_address>0xa844</run_address>
         <size>0x30</size>
         <input_file_ref idref="fl-e"/>
      </object_component>
      <object_component id="oc-186">
         <name>.text:nwk_sendFrame</name>
         <load_address>0xa874</load_address>
         <run_address>0xa874</run_address>
         <size>0x30</size>
         <input_file_ref idref="fl-b"/>
      </object_component>
      <object_component id="oc-167">
         <name>.text:I2C_Init</name>
         <load_address>0xa8a4</load_address>
         <run_address>0xa8a4</run_address>
         <size>0x2e</size>
         <input_file_ref idref="fl-3"/>
      </object_component>
      <object_component id="oc-16f">
         <name>.text:I2C_Write_Register</name>
         <load_address>0xa8d2</load_address>
         <run_address>0xa8d2</run_address>
         <size>0x2e</size>
         <input_file_ref idref="fl-3"/>
      </object_component>
      <object_component id="oc-17b">
         <name>.text:Mrfi_CalculateRssi</name>
         <load_address>0xa900</load_address>
         <run_address>0xa900</run_address>
         <size>0x2e</size>
         <input_file_ref idref="fl-14"/>
      </object_component>
      <object_component id="oc-18d">
         <name>.text:Mrfi_DelayUsec</name>
         <load_address>0xa92e</load_address>
         <run_address>0xa92e</run_address>
         <size>0x2c</size>
         <input_file_ref idref="fl-14"/>
      </object_component>
      <object_component id="oc-191">
         <name>.text:Mrfi_RxModeOff</name>
         <load_address>0xa95a</load_address>
         <run_address>0xa95a</run_address>
         <size>0x2c</size>
         <input_file_ref idref="fl-14"/>
      </object_component>
      <object_component id="oc-1a9">
         <name>.text:SHT21_RH_Calib</name>
         <load_address>0xa986</load_address>
         <run_address>0xa986</run_address>
         <size>0x2c</size>
         <input_file_ref idref="fl-2"/>
      </object_component>
      <object_component id="oc-1ce">
         <name>.text:handleLinkRequest</name>
         <load_address>0xa9b2</load_address>
         <run_address>0xa9b2</run_address>
         <size>0x2c</size>
         <input_file_ref idref="fl-10"/>
      </object_component>
      <object_component id="oc-193">
         <name>.text:nwk_globalsInit</name>
         <load_address>0xa9de</load_address>
         <run_address>0xa9de</run_address>
         <size>0x2c</size>
         <input_file_ref idref="fl-c"/>
      </object_component>
      <object_component id="oc-c9">
         <name>.text</name>
         <load_address>0xaa0a</load_address>
         <run_address>0xaa0a</run_address>
         <size>0x2c</size>
         <input_file_ref idref="fl-47"/>
      </object_component>
      <object_component id="oc-1ab">
         <name>.text:nwk_checkConnInfo</name>
         <load_address>0xaa36</load_address>
         <run_address>0xaa36</run_address>
         <size>0x2a</size>
         <input_file_ref idref="fl-8"/>
      </object_component>
      <object_component id="oc-1c6">
         <name>.text:nwk_processPing</name>
         <load_address>0xaa60</load_address>
         <run_address>0xaa60</run_address>
         <size>0x28</size>
         <input_file_ref idref="fl-12"/>
      </object_component>
      <object_component id="oc-1c5">
         <name>.text:Mrfi_RandomBackoffDelay</name>
         <load_address>0xaa88</load_address>
         <run_address>0xaa88</run_address>
         <size>0x26</size>
         <input_file_ref idref="fl-14"/>
      </object_component>
      <object_component id="oc-2d">
         <name>.text:_c_int00_noexit</name>
         <load_address>0xaaae</load_address>
         <run_address>0xaaae</run_address>
         <size>0x26</size>
         <input_file_ref idref="fl-43"/>
      </object_component>
      <object_component id="oc-170">
         <name>.text:delay</name>
         <load_address>0xaad4</load_address>
         <run_address>0xaad4</run_address>
         <size>0x26</size>
         <input_file_ref idref="fl-6"/>
      </object_component>
      <object_component id="oc-156">
         <name>.text:nwk_connectionControl</name>
         <load_address>0xaafa</load_address>
         <run_address>0xaafa</run_address>
         <size>0x26</size>
         <input_file_ref idref="fl-e"/>
      </object_component>
      <object_component id="oc-19a">
         <name>.text:nwk_linkInit</name>
         <load_address>0xab20</load_address>
         <run_address>0xab20</run_address>
         <size>0x26</size>
         <input_file_ref idref="fl-10"/>
      </object_component>
      <object_component id="oc-1c7">
         <name>.text:nwk_processLink</name>
         <load_address>0xab46</load_address>
         <run_address>0xab46</run_address>
         <size>0x26</size>
         <input_file_ref idref="fl-10"/>
      </object_component>
      <object_component id="oc-125">
         <name>.text</name>
         <load_address>0xab6c</load_address>
         <run_address>0xab6c</run_address>
         <size>0x26</size>
         <input_file_ref idref="fl-63"/>
      </object_component>
      <object_component id="oc-184">
         <name>.text:MRFI_Sleep</name>
         <load_address>0xab92</load_address>
         <run_address>0xab92</run_address>
         <size>0x24</size>
         <input_file_ref idref="fl-14"/>
      </object_component>
      <object_component id="oc-f5">
         <name>.text</name>
         <load_address>0xabb6</load_address>
         <run_address>0xabb6</run_address>
         <size>0x24</size>
         <input_file_ref idref="fl-50"/>
      </object_component>
      <object_component id="oc-15c">
         <name>.text:BSP_InitBoard</name>
         <load_address>0xabda</load_address>
         <run_address>0xabda</run_address>
         <size>0x22</size>
         <input_file_ref idref="fl-15"/>
      </object_component>
      <object_component id="oc-164">
         <name>.text:MRFI_EnableRxAddrFilter</name>
         <load_address>0xabfc</load_address>
         <run_address>0xabfc</run_address>
         <size>0x22</size>
         <input_file_ref idref="fl-14"/>
      </object_component>
      <object_component id="oc-182">
         <name>.text:MRFI_RxOn</name>
         <load_address>0xac1e</load_address>
         <run_address>0xac1e</run_address>
         <size>0x22</size>
         <input_file_ref idref="fl-14"/>
      </object_component>
      <object_component id="oc-1cf">
         <name>.text:handle_freq_cmd</name>
         <load_address>0xac40</load_address>
         <run_address>0xac40</run_address>
         <size>0x22</size>
         <input_file_ref idref="fl-d"/>
      </object_component>
      <object_component id="oc-1b7">
         <name>.text:memcmp</name>
         <load_address>0xac62</load_address>
         <run_address>0xac62</run_address>
         <size>0x22</size>
         <input_file_ref idref="fl-5e"/>
      </object_component>
      <object_component id="oc-150">
         <name>.text:BSP_Init</name>
         <load_address>0xac84</load_address>
         <run_address>0xac84</run_address>
         <size>0x20</size>
         <input_file_ref idref="fl-15"/>
      </object_component>
      <object_component id="oc-17c">
         <name>.text:MRFI_RxCompleteISR</name>
         <load_address>0xaca4</load_address>
         <run_address>0xaca4</run_address>
         <size>0x20</size>
         <input_file_ref idref="fl-b"/>
      </object_component>
      <object_component id="oc-181">
         <name>.text:MRFI_RxIdle</name>
         <load_address>0xacc4</load_address>
         <run_address>0xacc4</run_address>
         <size>0x20</size>
         <input_file_ref idref="fl-14"/>
      </object_component>
      <object_component id="oc-1c8">
         <name>.text:nwk_processJoin</name>
         <load_address>0xace4</load_address>
         <run_address>0xace4</run_address>
         <size>0x20</size>
         <input_file_ref idref="fl-f"/>
      </object_component>
      <object_component id="oc-177">
         <name>.text:mrfiSpiReadReg</name>
         <load_address>0xad04</load_address>
         <run_address>0xad04</run_address>
         <size>0x1e</size>
         <input_file_ref idref="fl-14"/>
      </object_component>
      <object_component id="oc-195">
         <name>.text:nwk_QInit</name>
         <load_address>0xad22</load_address>
         <run_address>0xad22</run_address>
         <size>0x1e</size>
         <input_file_ref idref="fl-9"/>
      </object_component>
      <object_component id="oc-14b">
         <name>.text:MRFI_GpioIsr</name>
         <load_address>0xad40</load_address>
         <run_address>0xad40</run_address>
         <size>0x1c</size>
         <input_file_ref idref="fl-14"/>
      </object_component>
      <object_component id="oc-172">
         <name>.text:SHT21_RH_Read</name>
         <load_address>0xad5c</load_address>
         <run_address>0xad5c</run_address>
         <size>0x1c</size>
         <input_file_ref idref="fl-2"/>
      </object_component>
      <object_component id="oc-173">
         <name>.text:SHT21_T_Read</name>
         <load_address>0xad78</load_address>
         <run_address>0xad78</run_address>
         <size>0x1c</size>
         <input_file_ref idref="fl-2"/>
      </object_component>
      <object_component id="oc-161">
         <name>.text:nwk_setChannel</name>
         <load_address>0xad94</load_address>
         <run_address>0xad94</run_address>
         <size>0x1c</size>
         <input_file_ref idref="fl-d"/>
      </object_component>
      <object_component id="oc-180">
         <name>.text:nwk_setMyAddress</name>
         <load_address>0xadb0</load_address>
         <run_address>0xadb0</run_address>
         <size>0x1c</size>
         <input_file_ref idref="fl-c"/>
      </object_component>
      <object_component id="oc-140">
         <name>.text:BSP_GpioPort1Isr</name>
         <load_address>0xadcc</load_address>
         <run_address>0xadcc</run_address>
         <size>0x1a</size>
         <input_file_ref idref="fl-14"/>
      </object_component>
      <object_component id="oc-18e">
         <name>.text:mrfiSpiWriteReg</name>
         <load_address>0xade6</load_address>
         <run_address>0xade6</run_address>
         <size>0x1a</size>
         <input_file_ref idref="fl-14"/>
      </object_component>
      <object_component id="oc-194">
         <name>.text:nwk_frameInit</name>
         <load_address>0xae00</load_address>
         <run_address>0xae00</run_address>
         <size>0x1a</size>
         <input_file_ref idref="fl-b"/>
      </object_component>
      <object_component id="oc-198">
         <name>.text:nwk_joinInit</name>
         <load_address>0xae1a</load_address>
         <run_address>0xae1a</run_address>
         <size>0x1a</size>
         <input_file_ref idref="fl-f"/>
      </object_component>
      <object_component id="oc-1ba">
         <name>.text:MRFI_RandomByte</name>
         <load_address>0xae34</load_address>
         <run_address>0xae34</run_address>
         <size>0x16</size>
         <input_file_ref idref="fl-14"/>
      </object_component>
      <object_component id="oc-1b2">
         <name>.text:Mrfi_RxModeOn</name>
         <load_address>0xae4a</load_address>
         <run_address>0xae4a</run_address>
         <size>0x16</size>
         <input_file_ref idref="fl-14"/>
      </object_component>
      <object_component id="oc-ce">
         <name>.text</name>
         <load_address>0xae60</load_address>
         <run_address>0xae60</run_address>
         <size>0x16</size>
         <input_file_ref idref="fl-48"/>
      </object_component>
      <object_component id="oc-1a5">
         <name>.text:I2C_Read_Init</name>
         <load_address>0xae76</load_address>
         <run_address>0xae76</run_address>
         <size>0x14</size>
         <input_file_ref idref="fl-3"/>
      </object_component>
      <object_component id="oc-1a4">
         <name>.text:I2C_Write_Init</name>
         <load_address>0xae8a</load_address>
         <run_address>0xae8a</run_address>
         <size>0x14</size>
         <input_file_ref idref="fl-3"/>
      </object_component>
      <object_component id="oc-179">
         <name>.text:memset</name>
         <load_address>0xae9e</load_address>
         <run_address>0xae9e</run_address>
         <size>0x14</size>
         <input_file_ref idref="fl-60"/>
      </object_component>
      <object_component id="oc-120">
         <name>.text</name>
         <load_address>0xaeb2</load_address>
         <run_address>0xaeb2</run_address>
         <size>0x14</size>
         <input_file_ref idref="fl-62"/>
      </object_component>
      <object_component id="oc-16b">
         <name>.text:ADXL362_Present</name>
         <load_address>0xaec6</load_address>
         <run_address>0xaec6</run_address>
         <size>0x12</size>
         <input_file_ref idref="fl-6"/>
      </object_component>
      <object_component id="oc-18a">
         <name>.text:BSP_InitLeds</name>
         <load_address>0xaed8</load_address>
         <run_address>0xaed8</run_address>
         <size>0x12</size>
         <input_file_ref idref="fl-15"/>
      </object_component>
      <object_component id="oc-1d4">
         <name>.text:change_channel_cmd</name>
         <load_address>0xaeea</load_address>
         <run_address>0xaeea</run_address>
         <size>0x12</size>
         <input_file_ref idref="fl-d"/>
      </object_component>
      <object_component id="oc-14c">
         <name>.text:memcpy</name>
         <load_address>0xaefc</load_address>
         <run_address>0xaefc</run_address>
         <size>0x12</size>
         <input_file_ref idref="fl-5f"/>
      </object_component>
      <object_component id="oc-162">
         <name>.text:nwk_getMyAddress</name>
         <load_address>0xaf0e</load_address>
         <run_address>0xaf0e</run_address>
         <size>0x12</size>
         <input_file_ref idref="fl-c"/>
      </object_component>
      <object_component id="oc-1a0">
         <name>.text:nwk_setLinkToken</name>
         <load_address>0xaf20</load_address>
         <run_address>0xaf20</run_address>
         <size>0x12</size>
         <input_file_ref idref="fl-10"/>
      </object_component>
      <object_component id="oc-192">
         <name>.text:l_asr</name>
         <load_address>0xaf32</load_address>
         <run_address>0xaf32</run_address>
         <size>0x10</size>
         <input_file_ref idref="fl-42"/>
      </object_component>
      <object_component id="oc-14d">
         <name>.text</name>
         <load_address>0xaf42</load_address>
         <run_address>0xaf42</run_address>
         <size>0x10</size>
         <input_file_ref idref="fl-4a"/>
      </object_component>
      <object_component id="oc-1af">
         <name>.text:MRFI_Receive</name>
         <load_address>0xaf52</load_address>
         <run_address>0xaf52</run_address>
         <size>0xe</size>
         <input_file_ref idref="fl-14"/>
      </object_component>
      <object_component id="oc-1bf">
         <name>.text:StatusBlink_led1</name>
         <load_address>0xaf60</load_address>
         <run_address>0xaf60</run_address>
         <size>0xe</size>
         <input_file_ref idref="fl-6"/>
      </object_component>
      <object_component id="oc-1c0">
         <name>.text:StatusBlink_led2</name>
         <load_address>0xaf6e</load_address>
         <run_address>0xaf6e</run_address>
         <size>0xe</size>
         <input_file_ref idref="fl-6"/>
      </object_component>
      <object_component id="oc-1c4">
         <name>.text:mrfiSpiWriteTxFifo</name>
         <load_address>0xaf7c</load_address>
         <run_address>0xaf7c</run_address>
         <size>0xe</size>
         <input_file_ref idref="fl-14"/>
      </object_component>
      <object_component id="oc-1a1">
         <name>.text:nwk_setAPAddress</name>
         <load_address>0xaf8a</load_address>
         <run_address>0xaf8a</run_address>
         <size>0xe</size>
         <input_file_ref idref="fl-c"/>
      </object_component>
      <object_component id="oc-1c3">
         <name>.text:MRFI_PostKillSem</name>
         <load_address>0xaf98</load_address>
         <run_address>0xaf98</run_address>
         <size>0xc</size>
         <input_file_ref idref="fl-14"/>
      </object_component>
      <object_component id="oc-1cd">
         <name>.text:handlePingRequest</name>
         <load_address>0xafa4</load_address>
         <run_address>0xafa4</run_address>
         <size>0xc</size>
         <input_file_ref idref="fl-12"/>
      </object_component>
      <object_component id="oc-178">
         <name>.text:mrfiSpiReadRxFifo</name>
         <load_address>0xafb0</load_address>
         <run_address>0xafb0</run_address>
         <size>0xc</size>
         <input_file_ref idref="fl-14"/>
      </object_component>
      <object_component id="oc-18b">
         <name>.text:BSP_InitButtons</name>
         <load_address>0xafbc</load_address>
         <run_address>0xafbc</run_address>
         <size>0xa</size>
         <input_file_ref idref="fl-15"/>
      </object_component>
      <object_component id="oc-15d">
         <name>.text:BSP_InitDrivers</name>
         <load_address>0xafc6</load_address>
         <run_address>0xafc6</run_address>
         <size>0xa</size>
         <input_file_ref idref="fl-15"/>
      </object_component>
      <object_component id="oc-196">
         <name>.text:nwk_freqInit</name>
         <load_address>0xafd0</load_address>
         <run_address>0xafd0</run_address>
         <size>0xa</size>
         <input_file_ref idref="fl-d"/>
      </object_component>
      <object_component id="oc-199">
         <name>.text:nwk_mgmtInit</name>
         <load_address>0xafda</load_address>
         <run_address>0xafda</run_address>
         <size>0xa</size>
         <input_file_ref idref="fl-11"/>
      </object_component>
      <object_component id="oc-197">
         <name>.text:nwk_pingInit</name>
         <load_address>0xafe4</load_address>
         <run_address>0xafe4</run_address>
         <size>0xa</size>
         <input_file_ref idref="fl-12"/>
      </object_component>
      <object_component id="oc-141">
         <name>.text:ADC10_ISR</name>
         <load_address>0xafee</load_address>
         <run_address>0xafee</run_address>
         <size>0x8</size>
         <input_file_ref idref="fl-6"/>
      </object_component>
      <object_component id="oc-144">
         <name>.text:TimerB_ISR</name>
         <load_address>0xaff6</load_address>
         <run_address>0xaff6</run_address>
         <size>0x8</size>
         <input_file_ref idref="fl-6"/>
      </object_component>
      <object_component id="oc-189">
         <name>.text:nwk_getChannel</name>
         <load_address>0xaffe</load_address>
         <run_address>0xaffe</run_address>
         <size>0x8</size>
         <input_file_ref idref="fl-d"/>
      </object_component>
      <object_component id="oc-19e">
         <name>.text:MRFI_GetRadioState</name>
         <load_address>0xb006</load_address>
         <run_address>0xb006</run_address>
         <size>0x6</size>
         <input_file_ref idref="fl-14"/>
      </object_component>
      <object_component id="oc-166">
         <name>.text:SMPL_Link</name>
         <load_address>0xb00c</load_address>
         <run_address>0xb00c</run_address>
         <size>0x6</size>
         <input_file_ref idref="fl-a"/>
      </object_component>
      <object_component id="oc-fa">
         <name>.text:_isr:__TI_ISR_TRAP</name>
         <load_address>0xb012</load_address>
         <run_address>0xb012</run_address>
         <size>0x6</size>
         <input_file_ref idref="fl-5a"/>
      </object_component>
      <object_component id="oc-17f">
         <name>.text:nwk_freeConnection</name>
         <load_address>0xb018</load_address>
         <run_address>0xb018</run_address>
         <size>0x6</size>
         <input_file_ref idref="fl-8"/>
      </object_component>
      <object_component id="oc-19c">
         <name>.text:nwk_getBCastAddress</name>
         <load_address>0xb01e</load_address>
         <run_address>0xb01e</run_address>
         <size>0x6</size>
         <input_file_ref idref="fl-c"/>
      </object_component>
      <object_component id="oc-155">
         <name>.text:nwk_getFWVersion</name>
         <load_address>0xb024</load_address>
         <run_address>0xb024</run_address>
         <size>0x6</size>
         <input_file_ref idref="fl-c"/>
      </object_component>
      <object_component id="oc-1be">
         <name>.text:nwk_getMyRxType</name>
         <load_address>0xb02a</load_address>
         <run_address>0xb02a</run_address>
         <size>0x6</size>
         <input_file_ref idref="fl-b"/>
      </object_component>
      <object_component id="oc-154">
         <name>.text:nwk_getProtocolVersion</name>
         <load_address>0xb030</load_address>
         <run_address>0xb030</run_address>
         <size>0x6</size>
         <input_file_ref idref="fl-c"/>
      </object_component>
      <object_component id="oc-146">
         <name>.text:_system_pre_init</name>
         <load_address>0xb036</load_address>
         <run_address>0xb036</run_address>
         <size>0x4</size>
         <input_file_ref idref="fl-64"/>
      </object_component>
      <object_component id="oc-149">
         <name>.text:abort</name>
         <load_address>0xb03a</load_address>
         <run_address>0xb03a</run_address>
         <size>0x4</size>
         <input_file_ref idref="fl-4b"/>
      </object_component>
      <object_component id="oc-1c9">
         <name>.text:nwk_processSecurity</name>
         <load_address>0xb03e</load_address>
         <run_address>0xb03e</run_address>
         <size>0x4</size>
         <input_file_ref idref="fl-13"/>
      </object_component>
      <object_component id="oc-1d3">
         <name>.text:send_ping_reply</name>
         <load_address>0xb042</load_address>
         <run_address>0xb042</run_address>
         <size>0x4</size>
         <input_file_ref idref="fl-d"/>
      </object_component>
      <object_component id="oc-145">
         <name>.text:_nop</name>
         <load_address>0xb046</load_address>
         <run_address>0xb046</run_address>
         <size>0x2</size>
         <input_file_ref idref="fl-65"/>
      </object_component>
      <object_component id="oc-19b">
         <name>.text:nwk_securityInit</name>
         <load_address>0xb048</load_address>
         <run_address>0xb048</run_address>
         <size>0x2</size>
         <input_file_ref idref="fl-13"/>
      </object_component>
      <object_component id="oc-47">
         <name>.cinit</name>
         <load_address>0xb04a</load_address>
         <run_address>0xb04a</run_address>
         <size>0x34</size>
         <input_file_ref idref="fl-6"/>
      </object_component>
      <object_component id="oc-8a">
         <name>.cinit</name>
         <load_address>0xb07e</load_address>
         <run_address>0xb07e</run_address>
         <size>0x19</size>
         <input_file_ref idref="fl-10"/>
      </object_component>
      <object_component id="oc-a4">
         <name>.cinit</name>
         <load_address>0xb098</load_address>
         <run_address>0xb098</run_address>
         <size>0x17</size>
         <input_file_ref idref="fl-14"/>
      </object_component>
      <object_component id="oc-54">
         <name>.cinit</name>
         <load_address>0xb0b0</load_address>
         <run_address>0xb0b0</run_address>
         <size>0x13</size>
         <input_file_ref idref="fl-8"/>
      </object_component>
      <object_component id="oc-83">
         <name>.cinit</name>
         <load_address>0xb0c4</load_address>
         <run_address>0xb0c4</run_address>
         <size>0x13</size>
         <input_file_ref idref="fl-f"/>
      </object_component>
      <object_component id="oc-36">
         <name>.cinit</name>
         <load_address>0xb0d8</load_address>
         <run_address>0xb0d8</run_address>
         <size>0xb</size>
         <input_file_ref idref="fl-3"/>
      </object_component>
      <object_component id="oc-77">
         <name>.cinit</name>
         <load_address>0xb0e4</load_address>
         <run_address>0xb0e4</run_address>
         <size>0xb</size>
         <input_file_ref idref="fl-d"/>
      </object_component>
      <object_component id="oc-68">
         <name>.cinit</name>
         <load_address>0xb0f0</load_address>
         <run_address>0xb0f0</run_address>
         <size>0x6</size>
         <input_file_ref idref="fl-b"/>
      </object_component>
      <object_component id="oc-61">
         <name>.cinit</name>
         <load_address>0xb0f6</load_address>
         <run_address>0xb0f6</run_address>
         <size>0x5</size>
         <input_file_ref idref="fl-a"/>
      </object_component>
      <object_component id="oc-6f">
         <name>.cinit</name>
         <load_address>0xb0fc</load_address>
         <run_address>0xb0fc</run_address>
         <size>0x5</size>
         <input_file_ref idref="fl-c"/>
      </object_component>
      <object_component id="oc-91">
         <name>.cinit</name>
         <load_address>0xb102</load_address>
         <run_address>0xb102</run_address>
         <size>0x5</size>
         <input_file_ref idref="fl-11"/>
      </object_component>
      <object_component id="oc-98">
         <name>.cinit</name>
         <load_address>0xb108</load_address>
         <run_address>0xb108</run_address>
         <size>0x5</size>
         <input_file_ref idref="fl-12"/>
      </object_component>
      <object_component id="oc-40">
         <name>.cinit</name>
         <load_address>0xb10e</load_address>
         <run_address>0xb10e</run_address>
         <size>0x5</size>
         <input_file_ref idref="fl-5"/>
      </object_component>
      <object_component id="oc-18f">
         <name>.const:mrfiRadioCfg</name>
         <load_address>0xb116</load_address>
         <run_address>0xb116</run_address>
         <size>0x3e</size>
         <input_file_ref idref="fl-14"/>
      </object_component>
      <object_component id="oc-70">
         <name>.const</name>
         <load_address>0xb154</load_address>
         <run_address>0xb154</run_address>
         <size>0xd</size>
         <input_file_ref idref="fl-c"/>
      </object_component>
      <object_component id="oc-1c1">
         <name>.const:func</name>
         <load_address>0xb162</load_address>
         <run_address>0xb162</run_address>
         <size>0xc</size>
         <input_file_ref idref="fl-b"/>
      </object_component>
      <object_component id="oc-19d">
         <name>.const:.string:mrfiBroadcastAddr</name>
         <load_address>0xb16e</load_address>
         <run_address>0xb16e</run_address>
         <size>0x4</size>
         <input_file_ref idref="fl-14"/>
      </object_component>
      <object_component id="oc-1b9">
         <name>.const:.string:mrfiLogicalChanTable</name>
         <load_address>0xb172</load_address>
         <run_address>0xb172</run_address>
         <size>0x4</size>
         <input_file_ref idref="fl-14"/>
      </object_component>
      <object_component id="oc-48">
         <name>.const:.string</name>
         <load_address>0xb176</load_address>
         <run_address>0xb176</run_address>
         <size>0x2</size>
         <input_file_ref idref="fl-6"/>
      </object_component>
      <object_component id="oc-1e">
         <name>.int00</name>
         <load_address>0xffe0</load_address>
         <run_address>0xffe0</run_address>
         <size>0x2</size>
         <input_file_ref idref="fl-51"/>
      </object_component>
      <object_component id="oc-1f">
         <name>.int01</name>
         <load_address>0xffe2</load_address>
         <run_address>0xffe2</run_address>
         <size>0x2</size>
         <input_file_ref idref="fl-52"/>
      </object_component>
      <object_component id="oc-20">
         <name>.int02</name>
         <load_address>0xffe4</load_address>
         <run_address>0xffe4</run_address>
         <size>0x2</size>
         <input_file_ref idref="fl-6"/>
      </object_component>
      <object_component id="oc-21">
         <name>.int03</name>
         <load_address>0xffe6</load_address>
         <run_address>0xffe6</run_address>
         <size>0x2</size>
         <input_file_ref idref="fl-14"/>
      </object_component>
      <object_component id="oc-22">
         <name>.int04</name>
         <load_address>0xffe8</load_address>
         <run_address>0xffe8</run_address>
         <size>0x2</size>
         <input_file_ref idref="fl-53"/>
      </object_component>
      <object_component id="oc-23">
         <name>.int05</name>
         <load_address>0xffea</load_address>
         <run_address>0xffea</run_address>
         <size>0x2</size>
         <input_file_ref idref="fl-6"/>
      </object_component>
      <object_component id="oc-24">
         <name>.int06</name>
         <load_address>0xffec</load_address>
         <run_address>0xffec</run_address>
         <size>0x2</size>
         <input_file_ref idref="fl-5"/>
      </object_component>
      <object_component id="oc-25">
         <name>.int07</name>
         <load_address>0xffee</load_address>
         <run_address>0xffee</run_address>
         <size>0x2</size>
         <input_file_ref idref="fl-5"/>
      </object_component>
      <object_component id="oc-26">
         <name>.int08</name>
         <load_address>0xfff0</load_address>
         <run_address>0xfff0</run_address>
         <size>0x2</size>
         <input_file_ref idref="fl-54"/>
      </object_component>
      <object_component id="oc-27">
         <name>.int09</name>
         <load_address>0xfff2</load_address>
         <run_address>0xfff2</run_address>
         <size>0x2</size>
         <input_file_ref idref="fl-55"/>
      </object_component>
      <object_component id="oc-28">
         <name>.int10</name>
         <load_address>0xfff4</load_address>
         <run_address>0xfff4</run_address>
         <size>0x2</size>
         <input_file_ref idref="fl-56"/>
      </object_component>
      <object_component id="oc-29">
         <name>.int11</name>
         <load_address>0xfff6</load_address>
         <run_address>0xfff6</run_address>
         <size>0x2</size>
         <input_file_ref idref="fl-57"/>
      </object_component>
      <object_component id="oc-2a">
         <name>.int12</name>
         <load_address>0xfff8</load_address>
         <run_address>0xfff8</run_address>
         <size>0x2</size>
         <input_file_ref idref="fl-58"/>
      </object_component>
      <object_component id="oc-2b">
         <name>.int13</name>
         <load_address>0xfffa</load_address>
         <run_address>0xfffa</run_address>
         <size>0x2</size>
         <input_file_ref idref="fl-6"/>
      </object_component>
      <object_component id="oc-2c">
         <name>.int14</name>
         <load_address>0xfffc</load_address>
         <run_address>0xfffc</run_address>
         <size>0x2</size>
         <input_file_ref idref="fl-59"/>
      </object_component>
      <object_component id="oc-b5">
         <name>.reset</name>
         <load_address>0xfffe</load_address>
         <run_address>0xfffe</run_address>
         <size>0x2</size>
         <input_file_ref idref="fl-43"/>
      </object_component>
      <object_component id="oc-2f">
         <name>.debug_info</name>
         <load_address>0x0</load_address>
         <run_address>0x0</run_address>
         <size>0x86f</size>
         <input_file_ref idref="fl-2"/>
      </object_component>
      <object_component id="oc-35">
         <name>.debug_info</name>
         <load_address>0x86f</load_address>
         <run_address>0x86f</run_address>
         <size>0x969</size>
         <input_file_ref idref="fl-3"/>
      </object_component>
      <object_component id="oc-3c">
         <name>.debug_info</name>
         <load_address>0x11d8</load_address>
         <run_address>0x11d8</run_address>
         <size>0x291</size>
         <input_file_ref idref="fl-4"/>
      </object_component>
      <object_component id="oc-3f">
         <name>.debug_info</name>
         <load_address>0x1469</load_address>
         <run_address>0x1469</run_address>
         <size>0x4e2</size>
         <input_file_ref idref="fl-5"/>
      </object_component>
      <object_component id="oc-46">
         <name>.debug_info</name>
         <load_address>0x194b</load_address>
         <run_address>0x194b</run_address>
         <size>0x249b</size>
         <input_file_ref idref="fl-6"/>
      </object_component>
      <object_component id="oc-4e">
         <name>.debug_info</name>
         <load_address>0x3de6</load_address>
         <run_address>0x3de6</run_address>
         <size>0x12b</size>
         <input_file_ref idref="fl-7"/>
      </object_component>
      <object_component id="oc-53">
         <name>.debug_info</name>
         <load_address>0x3f11</load_address>
         <run_address>0x3f11</run_address>
         <size>0x13fd</size>
         <input_file_ref idref="fl-8"/>
      </object_component>
      <object_component id="oc-5a">
         <name>.debug_info</name>
         <load_address>0x530e</load_address>
         <run_address>0x530e</run_address>
         <size>0xbf6</size>
         <input_file_ref idref="fl-9"/>
      </object_component>
      <object_component id="oc-60">
         <name>.debug_info</name>
         <load_address>0x5f04</load_address>
         <run_address>0x5f04</run_address>
         <size>0x149d</size>
         <input_file_ref idref="fl-a"/>
      </object_component>
      <object_component id="oc-67">
         <name>.debug_info</name>
         <load_address>0x73a1</load_address>
         <run_address>0x73a1</run_address>
         <size>0x12de</size>
         <input_file_ref idref="fl-b"/>
      </object_component>
      <object_component id="oc-6e">
         <name>.debug_info</name>
         <load_address>0x867f</load_address>
         <run_address>0x867f</run_address>
         <size>0x9d9</size>
         <input_file_ref idref="fl-c"/>
      </object_component>
      <object_component id="oc-76">
         <name>.debug_info</name>
         <load_address>0x9058</load_address>
         <run_address>0x9058</run_address>
         <size>0x14ec</size>
         <input_file_ref idref="fl-d"/>
      </object_component>
      <object_component id="oc-7c">
         <name>.debug_info</name>
         <load_address>0xa544</load_address>
         <run_address>0xa544</run_address>
         <size>0x11ca</size>
         <input_file_ref idref="fl-e"/>
      </object_component>
      <object_component id="oc-82">
         <name>.debug_info</name>
         <load_address>0xb70e</load_address>
         <run_address>0xb70e</run_address>
         <size>0xfcf</size>
         <input_file_ref idref="fl-f"/>
      </object_component>
      <object_component id="oc-89">
         <name>.debug_info</name>
         <load_address>0xc6dd</load_address>
         <run_address>0xc6dd</run_address>
         <size>0x189c</size>
         <input_file_ref idref="fl-10"/>
      </object_component>
      <object_component id="oc-90">
         <name>.debug_info</name>
         <load_address>0xdf79</load_address>
         <run_address>0xdf79</run_address>
         <size>0xa64</size>
         <input_file_ref idref="fl-11"/>
      </object_component>
      <object_component id="oc-97">
         <name>.debug_info</name>
         <load_address>0xe9dd</load_address>
         <run_address>0xe9dd</run_address>
         <size>0x1034</size>
         <input_file_ref idref="fl-12"/>
      </object_component>
      <object_component id="oc-9d">
         <name>.debug_info</name>
         <load_address>0xfa11</load_address>
         <run_address>0xfa11</run_address>
         <size>0x48b</size>
         <input_file_ref idref="fl-13"/>
      </object_component>
      <object_component id="oc-a3">
         <name>.debug_info</name>
         <load_address>0xfe9c</load_address>
         <run_address>0xfe9c</run_address>
         <size>0x299c</size>
         <input_file_ref idref="fl-14"/>
      </object_component>
      <object_component id="oc-a9">
         <name>.debug_info</name>
         <load_address>0x12838</load_address>
         <run_address>0x12838</run_address>
         <size>0x9e2</size>
         <input_file_ref idref="fl-15"/>
      </object_component>
      <object_component id="oc-ae">
         <name>.debug_info</name>
         <load_address>0x1321a</load_address>
         <run_address>0x1321a</run_address>
         <size>0xf1</size>
         <input_file_ref idref="fl-42"/>
      </object_component>
      <object_component id="oc-b3">
         <name>.debug_info</name>
         <load_address>0x1330b</load_address>
         <run_address>0x1330b</run_address>
         <size>0x3d9</size>
         <input_file_ref idref="fl-43"/>
      </object_component>
      <object_component id="oc-ba">
         <name>.debug_info</name>
         <load_address>0x136e4</load_address>
         <run_address>0x136e4</run_address>
         <size>0x276</size>
         <input_file_ref idref="fl-44"/>
      </object_component>
      <object_component id="oc-bf">
         <name>.debug_info</name>
         <load_address>0x1395a</load_address>
         <run_address>0x1395a</run_address>
         <size>0x21b</size>
         <input_file_ref idref="fl-45"/>
      </object_component>
      <object_component id="oc-c4">
         <name>.debug_info</name>
         <load_address>0x13b75</load_address>
         <run_address>0x13b75</run_address>
         <size>0x231</size>
         <input_file_ref idref="fl-46"/>
      </object_component>
      <object_component id="oc-ca">
         <name>.debug_info</name>
         <load_address>0x13da6</load_address>
         <run_address>0x13da6</run_address>
         <size>0xcb</size>
         <input_file_ref idref="fl-47"/>
      </object_component>
      <object_component id="oc-cf">
         <name>.debug_info</name>
         <load_address>0x13e71</load_address>
         <run_address>0x13e71</run_address>
         <size>0xbe</size>
         <input_file_ref idref="fl-48"/>
      </object_component>
      <object_component id="oc-d4">
         <name>.debug_info</name>
         <load_address>0x13f2f</load_address>
         <run_address>0x13f2f</run_address>
         <size>0xc0</size>
         <input_file_ref idref="fl-49"/>
      </object_component>
      <object_component id="oc-d8">
         <name>.debug_info</name>
         <load_address>0x13fef</load_address>
         <run_address>0x13fef</run_address>
         <size>0xc7</size>
         <input_file_ref idref="fl-4a"/>
      </object_component>
      <object_component id="oc-dc">
         <name>.debug_info</name>
         <load_address>0x140b6</load_address>
         <run_address>0x140b6</run_address>
         <size>0x29b</size>
         <input_file_ref idref="fl-4b"/>
      </object_component>
      <object_component id="oc-e2">
         <name>.debug_info</name>
         <load_address>0x14351</load_address>
         <run_address>0x14351</run_address>
         <size>0xc2</size>
         <input_file_ref idref="fl-4c"/>
      </object_component>
      <object_component id="oc-e7">
         <name>.debug_info</name>
         <load_address>0x14413</load_address>
         <run_address>0x14413</run_address>
         <size>0xc2</size>
         <input_file_ref idref="fl-4d"/>
      </object_component>
      <object_component id="oc-ec">
         <name>.debug_info</name>
         <load_address>0x144d5</load_address>
         <run_address>0x144d5</run_address>
         <size>0xd4</size>
         <input_file_ref idref="fl-4e"/>
      </object_component>
      <object_component id="oc-f1">
         <name>.debug_info</name>
         <load_address>0x145a9</load_address>
         <run_address>0x145a9</run_address>
         <size>0xce</size>
         <input_file_ref idref="fl-4f"/>
      </object_component>
      <object_component id="oc-f6">
         <name>.debug_info</name>
         <load_address>0x14677</load_address>
         <run_address>0x14677</run_address>
         <size>0xc5</size>
         <input_file_ref idref="fl-50"/>
      </object_component>
      <object_component id="oc-fb">
         <name>.debug_info</name>
         <load_address>0x1473c</load_address>
         <run_address>0x1473c</run_address>
         <size>0xba</size>
         <input_file_ref idref="fl-5a"/>
      </object_component>
      <object_component id="oc-ff">
         <name>.debug_info</name>
         <load_address>0x147f6</load_address>
         <run_address>0x147f6</run_address>
         <size>0xc1</size>
         <input_file_ref idref="fl-5b"/>
      </object_component>
      <object_component id="oc-104">
         <name>.debug_info</name>
         <load_address>0x148b7</load_address>
         <run_address>0x148b7</run_address>
         <size>0xbb</size>
         <input_file_ref idref="fl-5c"/>
      </object_component>
      <object_component id="oc-108">
         <name>.debug_info</name>
         <load_address>0x14972</load_address>
         <run_address>0x14972</run_address>
         <size>0xc1</size>
         <input_file_ref idref="fl-5d"/>
      </object_component>
      <object_component id="oc-10c">
         <name>.debug_info</name>
         <load_address>0x14a33</load_address>
         <run_address>0x14a33</run_address>
         <size>0x2fd</size>
         <input_file_ref idref="fl-5e"/>
      </object_component>
      <object_component id="oc-111">
         <name>.debug_info</name>
         <load_address>0x14d30</load_address>
         <run_address>0x14d30</run_address>
         <size>0x2ba</size>
         <input_file_ref idref="fl-5f"/>
      </object_component>
      <object_component id="oc-116">
         <name>.debug_info</name>
         <load_address>0x14fea</load_address>
         <run_address>0x14fea</run_address>
         <size>0x2d5</size>
         <input_file_ref idref="fl-60"/>
      </object_component>
      <object_component id="oc-11b">
         <name>.debug_info</name>
         <load_address>0x152bf</load_address>
         <run_address>0x152bf</run_address>
         <size>0x270</size>
         <input_file_ref idref="fl-61"/>
      </object_component>
      <object_component id="oc-121">
         <name>.debug_info</name>
         <load_address>0x1552f</load_address>
         <run_address>0x1552f</run_address>
         <size>0xbe</size>
         <input_file_ref idref="fl-62"/>
      </object_component>
      <object_component id="oc-126">
         <name>.debug_info</name>
         <load_address>0x155ed</load_address>
         <run_address>0x155ed</run_address>
         <size>0xbe</size>
         <input_file_ref idref="fl-63"/>
      </object_component>
      <object_component id="oc-12a">
         <name>.debug_info</name>
         <load_address>0x156ab</load_address>
         <run_address>0x156ab</run_address>
         <size>0x22d</size>
         <input_file_ref idref="fl-64"/>
      </object_component>
      <object_component id="oc-130">
         <name>.debug_info</name>
         <load_address>0x158d8</load_address>
[...]
         <object_component_ref idref="oc-177"/>
      </symbol>
      <symbol id="sm-531">
         <name>mrfiSpiReadRxFifo</name>
         <value>0xafb0</value>
         <object_component_ref idref="oc-178"/>
      </symbol>
      <symbol id="sm-532">
         <name>MRFI_ReplyDelay</name>
         <value>0xa458</value>
         <object_component_ref idref="oc-19f"/>
      </symbol>
      <symbol id="sm-533">
         <name>MRFI_WakeUp</name>
         <value>0x9ec4</value>
         <object_component_ref idref="oc-160"/>
      </symbol>
      <symbol id="sm-534">
         <name>MRFI_Transmit</name>
         <value>0x8f48</value>
         <object_component_ref idref="oc-1b3"/>
      </symbol>
      <symbol id="sm-535">
         <name>mrfiSpiWriteReg</name>
         <value>0xade6</value>
         <object_component_ref idref="oc-18e"/>
      </symbol>
      <symbol id="sm-536">
         <name>mrfiSpiWriteTxFifo</name>
         <value>0xaf7c</value>
         <object_component_ref idref="oc-1c4"/>
      </symbol>
      <symbol id="sm-537">
         <name>MRFI_RxIdle</name>
         <value>0xacc4</value>
         <object_component_ref idref="oc-181"/>
      </symbol>
      <symbol id="sm-538">
         <name>MRFI_GetRadioState</name>
         <value>0xb006</value>
         <object_component_ref idref="oc-19e"/>
      </symbol>
      <symbol id="sm-539">
         <name>MRFI_EnableRxAddrFilter</name>
         <value>0xabfc</value>
         <object_component_ref idref="oc-164"/>
      </symbol>
      <symbol id="sm-53a">
         <name>mrfiSpiInit</name>
         <value>0xa5ea</value>
         <object_component_ref idref="oc-18c"/>
      </symbol>
      <symbol id="sm-53b">
         <name>MRFI_Receive</name>
         <value>0xaf52</value>
         <object_component_ref idref="oc-1af"/>
      </symbol>
      <symbol id="sm-53c">
         <name>BSP_GpioPort1Isr</name>
         <value>0xadcc</value>
         <object_component_ref idref="oc-140"/>
      </symbol>
      <symbol id="sm-558">
         <name>BSP_Init</name>
         <value>0xac84</value>
         <object_component_ref idref="oc-150"/>
      </symbol>
      <symbol id="sm-559">
         <name>BSP_InitButtons</name>
         <value>0xafbc</value>
         <object_component_ref idref="oc-18b"/>
      </symbol>
      <symbol id="sm-55a">
         <name>BSP_InitBoard</name>
         <value>0xabda</value>
         <object_component_ref idref="oc-15c"/>
      </symbol>
      <symbol id="sm-55b">
         <name>BSP_InitLeds</name>
         <value>0xaed8</value>
         <object_component_ref idref="oc-18a"/>
      </symbol>
      <symbol id="sm-55c">
         <name>BSP_Delay</name>
         <value>0xa57e</value>
         <object_component_ref idref="oc-1b8"/>
      </symbol>
      <symbol id="sm-55d">
         <name>BSP_InitDrivers</name>
         <value>0xafc6</value>
         <object_component_ref idref="oc-15d"/>
      </symbol>
      <symbol id="sm-56d">
         <name>L_ASR_12</name>
         <value>0xa3e8</value>
         <object_component_ref idref="oc-1a6"/>
      </symbol>
      <symbol id="sm-56e">
         <name>L_ASR_13</name>
         <value>0xa3e4</value>
         <object_component_ref idref="oc-1a6"/>
      </symbol>
      <symbol id="sm-56f">
         <name>L_ASR_10</name>
         <value>0xa3f0</value>
         <object_component_ref idref="oc-1a6"/>
      </symbol>
      <symbol id="sm-570">
         <name>L_ASR_11</name>
         <value>0xa3ec</value>
         <object_component_ref idref="oc-1a6"/>
      </symbol>
      <symbol id="sm-571">
         <name>L_ASR_14</name>
         <value>0xa3e0</value>
         <object_component_ref idref="oc-1a6"/>
      </symbol>
      <symbol id="sm-572">
         <name>L_ASR_15</name>
         <value>0xa3dc</value>
         <object_component_ref idref="oc-1a6"/>
      </symbol>
      <symbol id="sm-573">
         <name>L_ASR_3</name>
         <value>0xa40c</value>
         <object_component_ref idref="oc-1a6"/>
      </symbol>
      <symbol id="sm-574">
         <name>L_ASR_2</name>
         <value>0xa410</value>
         <object_component_ref idref="oc-1a6"/>
      </symbol>
      <symbol id="sm-575">
         <name>L_ASR_1</name>
         <value>0xa414</value>
         <object_component_ref idref="oc-1a6"/>
      </symbol>
      <symbol id="sm-576">
         <name>L_ASR_7</name>
         <value>0xa3fc</value>
         <object_component_ref idref="oc-1a6"/>
      </symbol>
      <symbol id="sm-577">
         <name>L_ASR_6</name>
         <value>0xa400</value>
         <object_component_ref idref="oc-1a6"/>
      </symbol>
      <symbol id="sm-578">
         <name>L_ASR_5</name>
         <value>0xa404</value>
         <object_component_ref idref="oc-1a6"/>
      </symbol>
      <symbol id="sm-579">
         <name>L_ASR_4</name>
         <value>0xa408</value>
         <object_component_ref idref="oc-1a6"/>
      </symbol>
      <symbol id="sm-57a">
         <name>L_ASR_9</name>
         <value>0xa3f4</value>
         <object_component_ref idref="oc-1a6"/>
      </symbol>
      <symbol id="sm-57b">
         <name>L_ASR_8</name>
         <value>0xa3f8</value>
         <object_component_ref idref="oc-1a6"/>
      </symbol>
      <symbol id="sm-57c">
         <name>L_ASR</name>
         <value>0xaf32</value>
         <object_component_ref idref="oc-192"/>
      </symbol>
      <symbol id="sm-58f">
         <name>_c_int00_noexit</name>
         <value>0xaaae</value>
         <object_component_ref idref="oc-2d"/>
      </symbol>
      <symbol id="sm-590">
         <name>_c_int00</name>
         <value>0xaaae</value>
         <object_component_ref idref="oc-2d"/>
      </symbol>
      <symbol id="sm-591">
         <name>_stack</name>
         <value>0x5b0</value>
         <object_component_ref idref="oc-b4"/>
      </symbol>
      <symbol id="sm-592">
         <name>__TI_dtors_ptr</name>
         <value>0x384</value>
         <object_component_ref idref="oc-b2"/>
      </symbol>
      <symbol id="sm-593">
         <name>__TI_cleanup_ptr</name>
         <value>0x382</value>
         <object_component_ref idref="oc-b2"/>
      </symbol>
      <symbol id="sm-594">
         <name>_reset_vector</name>
         <value>0xfffe</value>
         <object_component_ref idref="oc-b5"/>
      </symbol>
      <symbol id="sm-5bf">
         <name>__remi</name>
         <value>0xaa0a</value>
         <object_component_ref idref="oc-c9"/>
      </symbol>
      <symbol id="sm-5c0">
         <name>__divi</name>
         <value>0xaa0a</value>
         <object_component_ref idref="oc-c9"/>
      </symbol>
      <symbol id="sm-5ce">
         <name>__remu</name>
         <value>0xae60</value>
         <object_component_ref idref="oc-ce"/>
      </symbol>
      <symbol id="sm-5cf">
         <name>__divu</name>
         <value>0xae60</value>
         <object_component_ref idref="oc-ce"/>
      </symbol>
      <symbol id="sm-5e1">
         <name>__divul</name>
         <value>0x9e6c</value>
         <object_component_ref idref="oc-d3"/>
      </symbol>
      <symbol id="sm-5e2">
         <name>__remul</name>
         <value>0x9e6c</value>
         <object_component_ref idref="oc-d3"/>
      </symbol>
      <symbol id="sm-5ef">
         <name>func_epilog_1</name>
         <value>0xaf4e</value>
         <object_component_ref idref="oc-14d"/>
      </symbol>
      <symbol id="sm-5f0">
         <name>func_epilog_2</name>
         <value>0xaf4c</value>
         <object_component_ref idref="oc-14d"/>
      </symbol>
      <symbol id="sm-5f1">
         <name>func_epilog_3</name>
         <value>0xaf4a</value>
         <object_component_ref idref="oc-14d"/>
      </symbol>
      <symbol id="sm-5f2">
         <name>func_epilog_4</name>
         <value>0xaf48</value>
         <object_component_ref idref="oc-14d"/>
      </symbol>
      <symbol id="sm-5f3">
         <name>func_epilog_5</name>
         <value>0xaf46</value>
         <object_component_ref idref="oc-14d"/>
      </symbol>
      <symbol id="sm-5f4">
         <name>func_epilog_6</name>
         <value>0xaf44</value>
         <object_component_ref idref="oc-14d"/>
      </symbol>
      <symbol id="sm-5f5">
         <name>func_epilog_7</name>
         <value>0xaf42</value>
         <object_component_ref idref="oc-14d"/>
      </symbol>
      <symbol id="sm-602">
         <name>C$$EXIT</name>
         <value>0xb03a</value>
         <object_component_ref idref="oc-149"/>
      </symbol>
      <symbol id="sm-603">
         <name>abort</name>
         <value>0xb03a</value>
         <object_component_ref idref="oc-149"/>
      </symbol>
      <symbol id="sm-604">
         <name>__TI_exit</name>
         <value>0x1</value>
      </symbol>
      <symbol id="sm-623">
         <name>__fs_add</name>
         <value>0x8cf2</value>
         <object_component_ref idref="oc-e1"/>
      </symbol>
      <symbol id="sm-624">
         <name>__fs_sub</name>
         <value>0x8cec</value>
         <object_component_ref idref="oc-e1"/>
      </symbol>
      <symbol id="sm-63f">
         <name>__fs_mpy</name>
         <value>0x92f6</value>
         <object_component_ref idref="oc-e6"/>
      </symbol>
      <symbol id="sm-655">
         <name>__fs_toi</name>
         <value>0x9ce0</value>
         <object_component_ref idref="oc-eb"/>
      </symbol>
      <symbol id="sm-668">
         <name>__fs_tou</name>
         <value>0xa246</value>
         <object_component_ref idref="oc-f0"/>
      </symbol>
      <symbol id="sm-677">
         <name>__fs_utof</name>
         <value>0xabb6</value>
         <object_component_ref idref="oc-f5"/>
      </symbol>
      <symbol id="sm-67b">
         <name>__TI_int00</name>
         <value>0xffe0</value>
         <object_component_ref idref="oc-1e"/>
      </symbol>
      <symbol id="sm-67f">
         <name>__TI_int01</name>
         <value>0xffe2</value>
         <object_component_ref idref="oc-1f"/>
      </symbol>
      <symbol id="sm-683">
         <name>__TI_int04</name>
         <value>0xffe8</value>
         <object_component_ref idref="oc-22"/>
      </symbol>
      <symbol id="sm-687">
         <name>__TI_int08</name>
         <value>0xfff0</value>
         <object_component_ref idref="oc-26"/>
      </symbol>
      <symbol id="sm-68b">
         <name>__TI_int09</name>
         <value>0xfff2</value>
         <object_component_ref idref="oc-27"/>
      </symbol>
      <symbol id="sm-68f">
         <name>__TI_int10</name>
         <value>0xfff4</value>
         <object_component_ref idref="oc-28"/>
      </symbol>
      <symbol id="sm-693">
         <name>__TI_int11</name>
         <value>0xfff6</value>
         <object_component_ref idref="oc-29"/>
      </symbol>
      <symbol id="sm-697">
         <name>__TI_int12</name>
         <value>0xfff8</value>
         <object_component_ref idref="oc-2a"/>
      </symbol>
      <symbol id="sm-69b">
         <name>__TI_int14</name>
         <value>0xfffc</value>
         <object_component_ref idref="oc-2c"/>
      </symbol>
      <symbol id="sm-6a7">
         <name>__TI_ISR_TRAP</name>
         <value>0xb012</value>
         <object_component_ref idref="oc-fa"/>
      </symbol>
      <symbol id="sm-6b3">
         <name>L_LSL_3</name>
         <value>0xa44a</value>
         <object_component_ref idref="oc-1a7"/>
      </symbol>
      <symbol id="sm-6b4">
         <name>L_LSL_2</name>
         <value>0xa44e</value>
         <object_component_ref idref="oc-1a7"/>
      </symbol>
      <symbol id="sm-6b5">
         <name>L_LSL_1</name>
         <value>0xa452</value>
         <object_component_ref idref="oc-1a7"/>
      </symbol>
      <symbol id="sm-6b6">
         <name>L_LSL_7</name>
         <value>0xa43a</value>
         <object_component_ref idref="oc-1a7"/>
      </symbol>
      <symbol id="sm-6b7">
         <name>L_LSL_6</name>
         <value>0xa43e</value>
         <object_component_ref idref="oc-1a7"/>
      </symbol>
      <symbol id="sm-6b8">
         <name>L_LSL_5</name>
         <value>0xa442</value>
         <object_component_ref idref="oc-1a7"/>
      </symbol>
      <symbol id="sm-6b9">
         <name>L_LSL_4</name>
         <value>0xa446</value>
         <object_component_ref idref="oc-1a7"/>
      </symbol>
      <symbol id="sm-6ba">
         <name>L_LSL_9</name>
         <value>0xa432</value>
         <object_component_ref idref="oc-1a7"/>
      </symbol>
      <symbol id="sm-6bb">
         <name>L_LSL_8</name>
         <value>0xa436</value>
         <object_component_ref idref="oc-1a7"/>
      </symbol>
      <symbol id="sm-6bc">
         <name>L_LSL_12</name>
         <value>0xa426</value>
         <object_component_ref idref="oc-1a7"/>
      </symbol>
      <symbol id="sm-6bd">
         <name>L_LSL_13</name>
         <value>0xa422</value>
         <object_component_ref idref="oc-1a7"/>
      </symbol>
      <symbol id="sm-6be">
         <name>L_LSL_10</name>
         <value>0xa42e</value>
         <object_component_ref idref="oc-1a7"/>
      </symbol>
      <symbol id="sm-6bf">
         <name>L_LSL_11</name>
         <value>0xa42a</value>
         <object_component_ref idref="oc-1a7"/>
      </symbol>
      <symbol id="sm-6c0">
         <name>L_LSL_14</name>
         <value>0xa41e</value>
         <object_component_ref idref="oc-1a7"/>
      </symbol>
      <symbol id="sm-6c1">
         <name>L_LSL_15</name>
         <value>0xa41a</value>
         <object_component_ref idref="oc-1a7"/>
      </symbol>
      <symbol id="sm-6cd">
         <name>I_LSR</name>
         <value>0x9fbc</value>
         <object_component_ref idref="oc-103"/>
      </symbol>
      <symbol id="sm-6ce">
         <name>I_LSR_12</name>
         <value>0x9fd6</value>
         <object_component_ref idref="oc-103"/>
      </symbol>
      <symbol id="sm-6cf">
         <name>I_LSR_13</name>
         <value>0x9fd2</value>
         <object_component_ref idref="oc-103"/>
      </symbol>
      <symbol id="sm-6d0">
         <name>I_LSR_10</name>
         <value>0x9fde</value>
         <object_component_ref idref="oc-103"/>
      </symbol>
      <symbol id="sm-6d1">
         <name>I_LSR_11</name>
         <value>0x9fda</value>
         <object_component_ref idref="oc-103"/>
      </symbol>
      <symbol id="sm-6d2">
         <name>I_LSR_14</name>
         <value>0x9fce</value>
         <object_component_ref idref="oc-103"/>
      </symbol>
      <symbol id="sm-6d3">
         <name>I_LSR_15</name>
         <value>0x9fca</value>
         <object_component_ref idref="oc-103"/>
      </symbol>
      <symbol id="sm-6d4">
         <name>I_LSR_3</name>
         <value>0x9ffa</value>
         <object_component_ref idref="oc-103"/>
      </symbol>
      <symbol id="sm-6d5">
         <name>I_LSR_2</name>
         <value>0x9ffe</value>
         <object_component_ref idref="oc-103"/>
      </symbol>
      <symbol id="sm-6d6">
         <name>I_LSR_1</name>
         <value>0xa002</value>
         <object_component_ref idref="oc-103"/>
      </symbol>
      <symbol id="sm-6d7">
         <name>I_LSR_7</name>
         <value>0x9fea</value>
         <object_component_ref idref="oc-103"/>
      </symbol>
      <symbol id="sm-6d8">
         <name>I_LSR_6</name>
         <value>0x9fee</value>
         <object_component_ref idref="oc-103"/>
      </symbol>
      <symbol id="sm-6d9">
         <name>I_LSR_5</name>
         <value>0x9ff2</value>
         <object_component_ref idref="oc-103"/>
      </symbol>
      <symbol id="sm-6da">
         <name>I_LSR_4</name>
         <value>0x9ff6</value>
         <object_component_ref idref="oc-103"/>
      </symbol>
      <symbol id="sm-6db">
         <name>I_LSR_9</name>
         <value>0x9fe2</value>
         <object_component_ref idref="oc-103"/>
      </symbol>
      <symbol id="sm-6dc">
         <name>I_LSR_8</name>
         <value>0x9fe6</value>
         <object_component_ref idref="oc-103"/>
      </symbol>
      <symbol id="sm-6e8">
         <name>L_LSR_12</name>
         <value>0x9e22</value>
         <object_component_ref idref="oc-175"/>
      </symbol>
      <symbol id="sm-6e9">
         <name>L_LSR_13</name>
         <value>0x9e1c</value>
         <object_component_ref idref="oc-175"/>
      </symbol>
      <symbol id="sm-6ea">
         <name>L_LSR_10</name>
         <value>0x9e2e</value>
         <object_component_ref idref="oc-175"/>
      </symbol>
      <symbol id="sm-6eb">
         <name>L_LSR_11</name>
         <value>0x9e28</value>
         <object_component_ref idref="oc-175"/>
      </symbol>
      <symbol id="sm-6ec">
         <name>L_LSR_14</name>
         <value>0x9e16</value>
         <object_component_ref idref="oc-175"/>
      </symbol>
      <symbol id="sm-6ed">
         <name>L_LSR_15</name>
         <value>0x9e10</value>
         <object_component_ref idref="oc-175"/>
      </symbol>
      <symbol id="sm-6ee">
         <name>L_LSR_3</name>
         <value>0x9e58</value>
         <object_component_ref idref="oc-175"/>
      </symbol>
      <symbol id="sm-6ef">
         <name>L_LSR_2</name>
         <value>0x9e5e</value>
         <object_component_ref idref="oc-175"/>
      </symbol>
      <symbol id="sm-6f0">
         <name>L_LSR_1</name>
         <value>0x9e64</value>
         <object_component_ref idref="oc-175"/>
      </symbol>
      <symbol id="sm-6f1">
         <name>L_LSR_7</name>
         <value>0x9e40</value>
         <object_component_ref idref="oc-175"/>
      </symbol>
      <symbol id="sm-6f2">
         <name>L_LSR_6</name>
         <value>0x9e46</value>
         <object_component_ref idref="oc-175"/>
      </symbol>
      <symbol id="sm-6f3">
         <name>L_LSR_5</name>
         <value>0x9e4c</value>
         <object_component_ref idref="oc-175"/>
      </symbol>
      <symbol id="sm-6f4">
         <name>L_LSR_4</name>
         <value>0x9e52</value>
         <object_component_ref idref="oc-175"/>
      </symbol>
      <symbol id="sm-6f5">
         <name>L_LSR_9</name>
         <value>0x9e34</value>
         <object_component_ref idref="oc-175"/>
      </symbol>
      <symbol id="sm-6f6">
         <name>L_LSR_8</name>
         <value>0x9e3a</value>
         <object_component_ref idref="oc-175"/>
      </symbol>
      <symbol id="sm-705">
         <name>memcmp</name>
         <value>0xac62</value>
         <object_component_ref idref="oc-1b7"/>
      </symbol>
      <symbol id="sm-713">
         <name>memcpy</name>
         <value>0xaefc</value>
         <object_component_ref idref="oc-14c"/>
      </symbol>
      <symbol id="sm-721">
         <name>memset</name>
         <value>0xae9e</value>
         <object_component_ref idref="oc-179"/>
      </symbol>
      <symbol id="sm-738">
         <name>__mpyi</name>
         <value>0xaeb2</value>
         <object_component_ref idref="oc-120"/>
      </symbol>
      <symbol id="sm-746">
         <name>__mpyl</name>
         <value>0xab6c</value>
         <object_component_ref idref="oc-125"/>
      </symbol>
      <symbol id="sm-752">
         <name>_system_pre_init</name>
         <value>0xb036</value>
         <object_component_ref idref="oc-146"/>
      </symbol>
      <symbol id="sm-760">
         <name>_nop</name>
         <value>0xb046</value>
         <object_component_ref idref="oc-145"/>
      </symbol>
      <symbol id="sm-761">
         <name>_lock</name>
         <value>0x37e</value>
         <object_component_ref idref="oc-12f"/>
      </symbol>
      <symbol id="sm-762">
         <name>_unlock</name>
         <value>0x380</value>
         <object_component_ref idref="oc-12f"/>
      </symbol>
      <symbol id="sm-76c">
         <name>__TI_args_main</name>
         <value>0x1</value>
      </symbol>
      <symbol id="sm-77e">
         <name>_auto_init</name>
         <value>0xa09c</value>
         <object_component_ref idref="oc-147"/>
      </symbol>
      <symbol id="sm-77f">
         <name>__TI_auto_init</name>
         <value>0x1</value>
      </symbol>
   </symbol_table>
   <title>Link successful</title>
</link_info>
