<?xml version="1.0"?>
<link_info>
   <banner>MSP430 Linker PC v4.3.5</banner>
   <copyright>Copyright (c) 2003-2014 Texas Instruments Incorporated</copyright>
   <link_time>0x57964121</link_time>
   <link_errors>0x9</link_errors>
   <output_file>APasdatahub.out</output_file>
   <entry_point>
      <name>_c_int00</name>
      <address>0xb02c</address>
   </entry_point>
   <input_file_list>
      <input_file id="fl-2">
         <path>.\libraries\sensors\</path>
         <kind>object</kind>
         <file>sht21.obj</file>
         <name>sht21.obj</name>
      </input_file>
      <input_file id="fl-3">
         <path>.\libraries\comms\</path>
         <kind>object</kind>
         <file>i2c.obj</file>
         <name>i2c.obj</name>
      </input_file>
      <input_file id="fl-4">
         <path>.\libraries\comms\</path>
         <kind>object</kind>
         <file>isr.obj</file>
         <name>isr.obj</name>
      </input_file>
      <input_file id="fl-5">
         <path>.\Peer Applications\</path>
         <kind>object</kind>
         <file>SEH_AP_v1.5.obj</file>
         <name>SEH_AP_v1.5.obj</name>
      </input_file>
      <input_file id="fl-6">
         <path>.\Peer Applications\</path>
         <kind>object</kind>
         <file>vlo_rand.obj</file>
         <name>vlo_rand.obj</name>
      </input_file>
      <input_file id="fl-7">
         <path>.\Components\simpliciti\nwk\</path>
         <kind>object</kind>
         <file>nwk.obj</file>
         <name>nwk.obj</name>
      </input_file>
      <input_file id="fl-8">
         <path>.\Components\simpliciti\nwk\</path>
         <kind>object</kind>
         <file>nwk_QMgmt.obj</file>
         <name>nwk_QMgmt.obj</name>
      </input_file>
      <input_file id="fl-9">
         <path>.\Components\simpliciti\nwk\</path>
         <kind>object</kind>
         <file>nwk_api.obj</file>
         <name>nwk_api.obj</name>
      </input_file>
      <input_file id="fl-a">
         <path>.\Components\simpliciti\nwk\</path>
         <kind>object</kind>
         <file>nwk_frame.obj</file>
         <name>nwk_frame.obj</name>
      </input_file>
      <input_file id="fl-b">
         <path>.\Components\simpliciti\nwk\</path>
         <kind>object</kind>
         <file>nwk_globals.obj</file>
         <name>nwk_globals.obj</name>
      </input_file>
      <input_file id="fl-c">
         <path>.\Components\simpliciti\network_applications\</path>
         <kind>object</kind>
         <file>nwk_freq.obj</file>
         <name>nwk_freq.obj</name>
      </input_file>
      <input_file id="fl-d">
         <path>.\Components\simpliciti\network_applications\</path>
         <kind>object</kind>
         <file>nwk_ioctl.obj</file>
         <name>nwk_ioctl.obj</name>
      </input_file>
      <input_file id="fl-e">
         <path>.\Components\simpliciti\network_applications\</path>
         <kind>object</kind>
         <file>nwk_join.obj</file>
         <name>nwk_join.obj</name>
      </input_file>
      <input_file id="fl-f">
         <path>.\Components\simpliciti\network_applications\</path>
         <kind>object</kind>
         <file>nwk_link.obj</file>
         <name>nwk_link.obj</name>
      </input_file>
      <input_file id="fl-10">
         <path>.\Components\simpliciti\network_applications\</path>
         <kind>object</kind>
         <file>nwk_mgmt.obj</file>
         <name>nwk_mgmt.obj</name>
      </input_file>
      <input_file id="fl-11">
         <path>.\Components\simpliciti\network_applications\</path>
         <kind>object</kind>
         <file>nwk_ping.obj</file>
         <name>nwk_ping.obj</name>
      </input_file>
      <input_file id="fl-12">
         <path>.\Components\simpliciti\network_applications\</path>
         <kind>object</kind>
         <file>nwk_security.obj</file>
         <name>nwk_security.obj</name>
      </input_file>
      <input_file id="fl-13">
         <path>.\Components\mrfi\</path>
         <kind>object</kind>
         <file>mrfi.obj</file>
         <name>mrfi.obj</name>
      </input_file>
      <input_file id="fl-14">
         <path>.\Components\bsp\</path>
         <kind>object</kind>
         <file>bsp.obj</file>
         <name>bsp.obj</name>
      </input_file>
      <input_file id="fl-41">
         <path>c:\ti\ccsv6\tools\compiler\msp430_4.3.5\lib\</path>
         <kind>archive</kind>
         <file>rts430.lib</file>
         <name>asr32.obj</name>
      </input_file>
      <input_file id="fl-42">
         <path>c:\ti\ccsv6\tools\compiler\msp430_4.3.5\lib\</path>
         <kind>archive</kind>
         <file>rts430.lib</file>
         <name>boot.obj</name>
      </input_file>
      <input_file id="fl-43">
         <path>c:\ti\ccsv6\tools\compiler\msp430_4.3.5\lib\</path>
         <kind>archive</kind>
         <file>rts430.lib</file>
         <name>copy_decompress_none.obj</name>
      </input_file>
      <input_file id="fl-44">
         <path>c:\ti\ccsv6\tools\compiler\msp430_4.3.5\lib\</path>
         <kind>archive</kind>
         <file>rts430.lib</file>
         <name>copy_decompress_rle.obj</name>
      </input_file>
      <input_file id="fl-45">
         <path>c:\ti\ccsv6\tools\compiler\msp430_4.3.5\lib\</path>
         <kind>archive</kind>
         <file>rts430.lib</file>
         <name>copy_zero_init.obj</name>
      </input_file>
      <input_file id="fl-46">
         <path>c:\ti\ccsv6\tools\compiler\msp430_4.3.5\lib\</path>
         <kind>archive</kind>
         <file>rts430.lib</file>
         <name>div16s.obj</name>
      </input_file>
      <input_file id="fl-47">
         <path>c:\ti\ccsv6\tools\compiler\msp430_4.3.5\lib\</path>
         <kind>archive</kind>
         <file>rts430.lib</file>
         <name>div16u.obj</name>
      </input_file>
      <input_file id="fl-48">
         <path>c:\ti\ccsv6\tools\compiler\msp430_4.3.5\lib\</path>
         <kind>archive</kind>
         <file>rts430.lib</file>
         <name>div32s.obj</name>
      </input_file>
      <input_file id="fl-49">
         <path>c:\ti\ccsv6\tools\compiler\msp430_4.3.5\lib\</path>
         <kind>archive</kind>
         <file>rts430.lib</file>
         <name>div32u.obj</name>
      </input_file>
      <input_file id="fl-4a">
         <path>c:\ti\ccsv6\tools\compiler\msp430_4.3.5\lib\</path>
         <kind>archive</kind>
         <file>rts430.lib</file>
         <name>epilog.obj</name>
      </input_file>
      <input_file id="fl-4b">
         <path>c:\ti\ccsv6\tools\compiler\msp430_4.3.5\lib\</path>
         <kind>archive</kind>
         <file>rts430.lib</file>
         <name>exit.obj</name>
      </input_file>
      <input_file id="fl-4c">
         <path>c:\ti\ccsv6\tools\compiler\msp430_4.3.5\lib\</path>
         <kind>archive</kind>
         <file>rts430.lib</file>
         <name>fs_add.obj</name>
      </input_file>
      <input_file id="fl-4d">
         <path>c:\ti\ccsv6\tools\compiler\msp430_4.3.5\lib\</path>
         <kind>archive</kind>
         <file>rts430.lib</file>
         <name>fs_mpy.obj</name>
      </input_file>
      <input_file id="fl-4e">
         <path>c:\ti\ccsv6\tools\compiler\msp430_4.3.5\lib\</path>
         <kind>archive</kind>
         <file>rts430.lib</file>
         <name>fs_toi.obj</name>
      </input_file>
      <input_file id="fl-4f">
         <path>c:\ti\ccsv6\tools\compiler\msp430_4.3.5\lib\</path>
         <kind>archive</kind>
         <file>rts430.lib</file>
         <name>fs_tou.obj</name>
      </input_file>
      <input_file id="fl-50">
         <path>c:\ti\ccsv6\tools\compiler\msp430_4.3.5\lib\</path>
         <kind>archive</kind>
         <file>rts430.lib</file>
         <name>fs_utof.obj</name>
      </input_file>
      <input_file id="fl-51">
         <path>c:\ti\ccsv6\tools\compiler\msp430_4.3.5\lib\</path>
         <kind>archive</kind>
         <file>rts430.lib</file>
         <name>int00.obj</name>
      </input_file>
      <input_file id="fl-52">
         <path>c:\ti\ccsv6\tools\compiler\msp430_4.3.5\lib\</path>
         <kind>archive</kind>
         <file>rts430.lib</file>
         <name>int01.obj</name>
      </input_file>
      <input_file id="fl-53">
         <path>c:\ti\ccsv6\tools\compiler\msp430_4.3.5\lib\</path>
         <kind>archive</kind>
         <file>rts430.lib</file>
         <name>int02.obj</name>
      </input_file>
      <input_file id="fl-54">
         <path>c:\ti\ccsv6\tools\compiler\msp430_4.3.5\lib\</path>
         <kind>archive</kind>
         <file>rts430.lib</file>
         <name>int04.obj</name>
      </input_file>
      <input_file id="fl-55">
         <path>c:\ti\ccsv6\tools\compiler\msp430_4.3.5\lib\</path>
         <kind>archive</kind>
         <file>rts430.lib</file>
         <name>int08.obj</name>
      </input_file>
      <input_file id="fl-56">
         <path>c:\ti\ccsv6\tools\compiler\msp430_4.3.5\lib\</path>
         <kind>archive</kind>
         <file>rts430.lib</file>
         <name>int09.obj</name>
      </input_file>
      <input_file id="fl-57">
         <path>c:\ti\ccsv6\tools\compiler\msp430_4.3.5\lib\</path>
         <kind>archive</kind>
         <file>rts430.lib</file>
         <name>int10.obj</name>
      </input_file>
      <input_file id="fl-58">
         <path>c:\ti\ccsv6\tools\compiler\msp430_4.3.5\lib\</path>
         <kind>archive</kind>
         <file>rts430.lib</file>
         <name>int11.obj</name>
      </input_file>
      <input_file id="fl-59">
         <path>c:\ti\ccsv6\tools\compiler\msp430_4.3.5\lib\</path>
         <kind>archive</kind>
         <file>rts430.lib</file>
         <name>int12.obj</name>
      </input_file>
      <input_file id="fl-5a">
         <path>c:\ti\ccsv6\tools\compiler\msp430_4.3.5\lib\</path>
         <kind>archive</kind>
         <file>rts430.lib</file>
         <name>int14.obj</name>
      </input_file>
      <input_file id="fl-5b">
         <path>c:\ti\ccsv6\tools\compiler\msp430_4.3.5\lib\</path>
         <kind>archive</kind>
         <file>rts430.lib</file>
         <name>isr_trap.obj</name>
      </input_file>
      <input_file id="fl-5c">
         <path>c:\ti\ccsv6\tools\compiler\msp430_4.3.5\lib\</path>
         <kind>archive</kind>
         <file>rts430.lib</file>
         <name>lsl32.obj</name>
      </input_file>
      <input_file id="fl-5d">
         <path>c:\ti\ccsv6\tools\compiler\msp430_4.3.5\lib\</path>
         <kind>archive</kind>
         <file>rts430.lib</file>
         <name>lsr16.obj</name>
      </input_file>
      <input_file id="fl-5e">
         <path>c:\ti\ccsv6\tools\compiler\msp430_4.3.5\lib\</path>
         <kind>archive</kind>
         <file>rts430.lib</file>
         <name>memcmp.obj</name>
      </input_file>
      <input_file id="fl-5f">
         <path>c:\ti\ccsv6\tools\compiler\msp430_4.3.5\lib\</path>
         <kind>archive</kind>
         <file>rts430.lib</file>
         <name>memcpy.obj</name>
      </input_file>
      <input_file id="fl-60">
         <path>c:\ti\ccsv6\tools\compiler\msp430_4.3.5\lib\</path>
         <kind>archive</kind>
         <file>rts430.lib</file>
         <name>memset.obj</name>
      </input_file>
      <input_file id="fl-61">
         <path>c:\ti\ccsv6\tools\compiler\msp430_4.3.5\lib\</path>
         <kind>archive</kind>
         <file>rts430.lib</file>
         <name>mpu_init.obj</name>
      </input_file>
      <input_file id="fl-62">
         <path>c:\ti\ccsv6\tools\compiler\msp430_4.3.5\lib\</path>
         <kind>archive</kind>
         <file>rts430.lib</file>
         <name>mult16.obj</name>
      </input_file>
      <input_file id="fl-63">
         <path>c:\ti\ccsv6\tools\compiler\msp430_4.3.5\lib\</path>
         <kind>archive</kind>
         <file>rts430.lib</file>
         <name>mult32.obj</name>
      </input_file>
      <input_file id="fl-64">
         <path>c:\ti\ccsv6\tools\compiler\msp430_4.3.5\lib\</path>
         <kind>archive</kind>
         <file>rts430.lib</file>
         <name>pre_init.obj</name>
      </input_file>
      <input_file id="fl-65">
         <path>c:\ti\ccsv6\tools\compiler\msp430_4.3.5\lib\</path>
         <kind>archive</kind>
         <file>rts430.lib</file>
         <name>_lock.obj</name>
      </input_file>
      <input_file id="fl-66">
         <path>c:\ti\ccsv6\tools\compiler\msp430_4.3.5\lib\</path>
         <kind>archive</kind>
         <file>rts430.lib</file>
         <name>args_main.obj</name>
      </input_file>
      <input_file id="fl-67">
         <path>c:\ti\ccsv6\tools\compiler\msp430_4.3.5\lib\</path>
         <kind>archive</kind>
         <file>rts430.lib</file>
         <name>autoinit.obj</name>
      </input_file>
   </input_file_list>
   <object_component_list>
      <object_component id="oc-2e">
         <name>.bss</name>
         <uninitialized>true</uninitialized>
         <run_address>0x42c</run_address>
         <size>0x4</size>
         <input_file_ref idref="fl-2"/>
      </object_component>
      <object_component id="oc-34">
         <name>.bss</name>
         <uninitialized>true</uninitialized>
         <run_address>0x430</run_address>
         <size>0x3</size>
         <input_file_ref idref="fl-3"/>
      </object_component>
      <object_component id="oc-3b">
         <name>.bss</name>
         <uninitialized>true</uninitialized>
         <run_address>0x3c3</run_address>
         <size>0x1</size>
         <input_file_ref idref="fl-4"/>
      </object_component>
      <object_component id="oc-44">
         <name>.bss</name>
         <uninitialized>true</uninitialized>
         <run_address>0x3f4</run_address>
         <size>0x16</size>
         <input_file_ref idref="fl-5"/>
      </object_component>
      <object_component id="oc-52">
         <name>.bss</name>
         <uninitialized>true</uninitialized>
         <run_address>0x320</run_address>
         <size>0x68</size>
         <input_file_ref idref="fl-7"/>
      </object_component>
      <object_component id="oc-59">
         <name>.bss</name>
         <uninitialized>true</uninitialized>
         <run_address>0x200</run_address>
         <size>0x120</size>
         <input_file_ref idref="fl-8"/>
      </object_component>
      <object_component id="oc-5f">
         <name>.bss</name>
         <uninitialized>true</uninitialized>
         <run_address>0x413</run_address>
         <size>0x1</size>
         <input_file_ref idref="fl-9"/>
      </object_component>
      <object_component id="oc-66">
         <name>.bss</name>
         <uninitialized>true</uninitialized>
         <run_address>0x414</run_address>
         <size>0x8</size>
         <input_file_ref idref="fl-a"/>
      </object_component>
      <object_component id="oc-6d">
         <name>.bss</name>
         <uninitialized>true</uninitialized>
         <run_address>0x40a</run_address>
         <size>0x9</size>
         <input_file_ref idref="fl-b"/>
      </object_component>
      <object_component id="oc-75">
         <name>.bss</name>
         <uninitialized>true</uninitialized>
         <run_address>0x433</run_address>
         <size>0x2</size>
         <input_file_ref idref="fl-c"/>
      </object_component>
      <object_component id="oc-81">
         <name>.bss</name>
         <uninitialized>true</uninitialized>
         <run_address>0x388</run_address>
         <size>0x3b</size>
         <input_file_ref idref="fl-e"/>
      </object_component>
      <object_component id="oc-88">
         <name>.bss</name>
         <uninitialized>true</uninitialized>
         <run_address>0x41c</run_address>
         <size>0x7</size>
         <input_file_ref idref="fl-f"/>
      </object_component>
      <object_component id="oc-8f">
         <name>.bss</name>
         <uninitialized>true</uninitialized>
         <run_address>0x423</run_address>
         <size>0x1</size>
         <input_file_ref idref="fl-10"/>
      </object_component>
      <object_component id="oc-96">
         <name>.bss</name>
         <uninitialized>true</uninitialized>
         <run_address>0x435</run_address>
         <size>0x1</size>
         <input_file_ref idref="fl-11"/>
      </object_component>
      <object_component id="oc-a2">
         <name>.bss</name>
         <uninitialized>true</uninitialized>
         <run_address>0x3c4</run_address>
         <size>0x30</size>
         <input_file_ref idref="fl-13"/>
      </object_component>
      <object_component id="oc-b2">
         <name>.bss</name>
         <uninitialized>true</uninitialized>
         <run_address>0x428</run_address>
         <size>0x4</size>
         <input_file_ref idref="fl-42"/>
      </object_component>
      <object_component id="oc-130">
         <name>.bss</name>
         <uninitialized>true</uninitialized>
         <run_address>0x424</run_address>
         <size>0x4</size>
         <input_file_ref idref="fl-65"/>
      </object_component>
      <object_component id="oc-b4">
         <name>.stack</name>
         <uninitialized>true</uninitialized>
         <run_address>0x5b0</run_address>
         <size>0x2</size>
         <input_file_ref idref="fl-42"/>
      </object_component>
      <object_component id="oc-205">
         <name>.stack</name>
         <uninitialized>true</uninitialized>
         <run_address>0x5b0</run_address>
         <size>0x0</size>
      </object_component>
      <object_component id="oc-174">
         <name>.text:transmitDataString</name>
         <load_address>0x8000</load_address>
         <run_address>0x8000</run_address>
         <size>0xb08</size>
         <input_file_ref idref="fl-5"/>
      </object_component>
      <object_component id="oc-165">
         <name>.text:MRFI_Init</name>
         <load_address>0x8b08</load_address>
         <run_address>0x8b08</run_address>
         <size>0x196</size>
         <input_file_ref idref="fl-13"/>
      </object_component>
      <object_component id="oc-148">
         <name>.text:main</name>
         <load_address>0x8c9e</load_address>
         <run_address>0x8c9e</run_address>
         <size>0x174</size>
         <input_file_ref idref="fl-5"/>
      </object_component>
      <object_component id="oc-19b">
         <name>.text:nwk_QfindOldest</name>
         <load_address>0x8e12</load_address>
         <run_address>0x8e12</run_address>
         <size>0x16c</size>
         <input_file_ref idref="fl-8"/>
      </object_component>
      <object_component id="oc-1cf">
         <name>.text:smpl_send_link_reply</name>
         <load_address>0x8f7e</load_address>
         <run_address>0x8f7e</run_address>
         <size>0x16c</size>
         <input_file_ref idref="fl-f"/>
      </object_component>
      <object_component id="oc-1ae">
         <name>.text:dispatchFrame</name>
         <load_address>0x90ea</load_address>
         <run_address>0x90ea</run_address>
         <size>0x144</size>
         <input_file_ref idref="fl-a"/>
      </object_component>
      <object_component id="oc-e6">
         <name>.text</name>
         <load_address>0x922e</load_address>
         <run_address>0x922e</run_address>
         <size>0x130</size>
         <input_file_ref idref="fl-4c"/>
      </object_component>
      <object_component id="oc-1af">
         <name>.text:MRFI_Transmit</name>
         <load_address>0x935e</load_address>
         <run_address>0x935e</run_address>
         <size>0x102</size>
         <input_file_ref idref="fl-13"/>
      </object_component>
      <object_component id="oc-185">
         <name>.text:nwk_scanForChannels</name>
         <load_address>0x9460</load_address>
         <run_address>0x9460</run_address>
         <size>0xfe</size>
         <input_file_ref idref="fl-c"/>
      </object_component>
      <object_component id="oc-1d1">
         <name>.text:smpl_send_join_reply</name>
         <load_address>0x955e</load_address>
         <run_address>0x955e</run_address>
         <size>0xee</size>
         <input_file_ref idref="fl-e"/>
      </object_component>
      <object_component id="oc-159">
         <name>.text:Mrfi_SyncPinRxIsr</name>
         <load_address>0x964c</load_address>
         <run_address>0x964c</run_address>
         <size>0xd8</size>
         <input_file_ref idref="fl-13"/>
      </object_component>
      <object_component id="oc-1d6">
         <name>.text:nwk_allocateLocalRxPort</name>
         <load_address>0x9724</load_address>
         <run_address>0x9724</run_address>
         <size>0xd6</size>
         <input_file_ref idref="fl-7"/>
      </object_component>
      <object_component id="oc-158">
         <name>.text:transmitData</name>
         <load_address>0x97fa</load_address>
         <run_address>0x97fa</run_address>
         <size>0xce</size>
         <input_file_ref idref="fl-5"/>
      </object_component>
      <object_component id="oc-eb">
         <name>.text</name>
         <load_address>0x98c8</load_address>
         <run_address>0x98c8</run_address>
         <size>0xc2</size>
         <input_file_ref idref="fl-4d"/>
      </object_component>
      <object_component id="oc-4d">
         <name>.text</name>
         <load_address>0x998a</load_address>
         <run_address>0x998a</run_address>
         <size>0xba</size>
         <input_file_ref idref="fl-6"/>
      </object_component>
      <object_component id="oc-142">
         <name>.text:USCIAB0TX_ISR</name>
         <load_address>0x9a44</load_address>
         <run_address>0x9a44</run_address>
         <size>0xb0</size>
         <input_file_ref idref="fl-3"/>
      </object_component>
      <object_component id="oc-173">
         <name>.text:nwk_retrieveFrame</name>
         <load_address>0x9af4</load_address>
         <run_address>0x9af4</run_address>
         <size>0xac</size>
         <input_file_ref idref="fl-a"/>
      </object_component>
      <object_component id="oc-150">
         <name>.text:SMPL_Ioctl</name>
         <load_address>0x9ba0</load_address>
         <run_address>0x9ba0</run_address>
         <size>0xa8</size>
         <input_file_ref idref="fl-9"/>
      </object_component>
      <object_component id="oc-1dc">
         <name>.text:nwk_SendEmptyPollRspFrame</name>
         <load_address>0x9c48</load_address>
         <run_address>0x9c48</run_address>
         <size>0xa4</size>
         <input_file_ref idref="fl-a"/>
      </object_component>
      <object_component id="oc-1bb">
         <name>.text:isDupSandFFrame</name>
         <load_address>0x9cec</load_address>
         <run_address>0x9cec</run_address>
         <size>0xa0</size>
         <input_file_ref idref="fl-a"/>
      </object_component>
      <object_component id="oc-1d5">
         <name>.text:nwk_getNextConnection</name>
         <load_address>0x9d8c</load_address>
         <run_address>0x9d8c</run_address>
         <size>0x98</size>
         <input_file_ref idref="fl-7"/>
      </object_component>
      <object_component id="oc-183">
         <name>.text:nwk_buildFrame</name>
         <load_address>0x9e24</load_address>
         <run_address>0x9e24</run_address>
         <size>0x8c</size>
         <input_file_ref idref="fl-a"/>
      </object_component>
      <object_component id="oc-1ac">
         <name>.text:nwk_QfindSlot</name>
         <load_address>0x9eb0</load_address>
         <run_address>0x9eb0</run_address>
         <size>0x86</size>
         <input_file_ref idref="fl-8"/>
      </object_component>
      <object_component id="oc-1aa">
         <name>.text:spiBurstFifoAccess</name>
         <load_address>0x9f36</load_address>
         <run_address>0x9f36</run_address>
         <size>0x82</size>
         <input_file_ref idref="fl-13"/>
      </object_component>
      <object_component id="oc-1db">
         <name>.text:nwk_getSandFFrame</name>
         <load_address>0x9fb8</load_address>
         <run_address>0x9fb8</run_address>
         <size>0x7c</size>
         <input_file_ref idref="fl-a"/>
      </object_component>
      <object_component id="oc-161">
         <name>.text:nwk_radioControl</name>
         <load_address>0xa034</load_address>
         <run_address>0xa034</run_address>
         <size>0x7c</size>
         <input_file_ref idref="fl-d"/>
      </object_component>
      <object_component id="oc-156">
         <name>.text:SMPL_LinkListen</name>
         <load_address>0xa0b0</load_address>
         <run_address>0xa0b0</run_address>
         <size>0x76</size>
         <input_file_ref idref="fl-9"/>
      </object_component>
      <object_component id="oc-1d0">
         <name>.text:smpl_send_unlink_reply</name>
         <load_address>0xa126</load_address>
         <run_address>0xa126</run_address>
         <size>0x76</size>
         <input_file_ref idref="fl-f"/>
      </object_component>
      <object_component id="oc-14f">
         <name>.text:createRandomAddress</name>
         <load_address>0xa19c</load_address>
         <run_address>0xa19c</run_address>
         <size>0x6a</size>
         <input_file_ref idref="fl-5"/>
      </object_component>
      <object_component id="oc-166">
         <name>.text:nwk_nwkInit</name>
         <load_address>0xa206</load_address>
         <run_address>0xa206</run_address>
         <size>0x6a</size>
         <input_file_ref idref="fl-7"/>
      </object_component>
      <object_component id="oc-f0">
         <name>.text</name>
         <load_address>0xa270</load_address>
         <run_address>0xa270</run_address>
         <size>0x68</size>
         <input_file_ref idref="fl-4e"/>
      </object_component>
      <object_component id="oc-1bc">
         <name>.text:nwk_isConnectionValid</name>
         <load_address>0xa2d8</load_address>
         <run_address>0xa2d8</run_address>
         <size>0x64</size>
         <input_file_ref idref="fl-7"/>
      </object_component>
      <object_component id="oc-d8">
         <name>.text</name>
         <load_address>0xa33c</load_address>
         <run_address>0xa33c</run_address>
         <size>0x58</size>
         <input_file_ref idref="fl-49"/>
      </object_component>
      <object_component id="oc-1d2">
         <name>.text:send_ping_reply</name>
         <load_address>0xa394</load_address>
         <run_address>0xa394</run_address>
         <size>0x56</size>
         <input_file_ref idref="fl-c"/>
      </object_component>
      <object_component id="oc-167">
         <name>.text:MRFI_WakeUp</name>
         <load_address>0xa3ea</load_address>
         <run_address>0xa3ea</run_address>
         <size>0x54</size>
         <input_file_ref idref="fl-13"/>
      </object_component>
      <object_component id="oc-162">
         <name>.text:nwk_rawSend</name>
         <load_address>0xa43e</load_address>
         <run_address>0xa43e</run_address>
         <size>0x54</size>
         <input_file_ref idref="fl-d"/>
      </object_component>
      <object_component id="oc-14a">
         <name>.text:USCI0RX_ISR</name>
         <load_address>0xa492</load_address>
         <run_address>0xa492</run_address>
         <size>0x50</size>
         <input_file_ref idref="fl-5"/>
      </object_component>
      <object_component id="oc-1d3">
         <name>.text:send_poll_reply</name>
         <load_address>0xa4e2</load_address>
         <run_address>0xa4e2</run_address>
         <size>0x4e</size>
         <input_file_ref idref="fl-10"/>
      </object_component>
      <object_component id="oc-151">
         <name>.text:MCU_Init</name>
         <load_address>0xa530</load_address>
         <run_address>0xa530</run_address>
         <size>0x4c</size>
         <input_file_ref idref="fl-5"/>
      </object_component>
      <object_component id="oc-157">
         <name>.text:SMPL_Receive</name>
         <load_address>0xa57c</load_address>
         <run_address>0xa57c</run_address>
         <size>0x4c</size>
         <input_file_ref idref="fl-9"/>
      </object_component>
      <object_component id="oc-108">
         <name>.text</name>
         <load_address>0xa5c8</load_address>
         <run_address>0xa5c8</run_address>
         <size>0x4c</size>
         <input_file_ref idref="fl-5d"/>
      </object_component>
      <object_component id="oc-1d8">
         <name>.text:nwk_findPeer</name>
         <load_address>0xa614</load_address>
         <run_address>0xa614</run_address>
         <size>0x4a</size>
         <input_file_ref idref="fl-7"/>
      </object_component>
      <object_component id="oc-147">
         <name>.text:_auto_init</name>
         <load_address>0xa65e</load_address>
         <run_address>0xa65e</run_address>
         <size>0x48</size>
         <input_file_ref idref="fl-67"/>
      </object_component>
      <object_component id="oc-17b">
         <name>.text:mrfiSpiCmdStrobe</name>
         <load_address>0xa6a6</load_address>
         <run_address>0xa6a6</run_address>
         <size>0x48</size>
         <input_file_ref idref="fl-13"/>
      </object_component>
      <object_component id="oc-1c6">
         <name>.text:nwk_processMgmt</name>
         <load_address>0xa6ee</load_address>
         <run_address>0xa6ee</run_address>
         <size>0x48</size>
         <input_file_ref idref="fl-10"/>
      </object_component>
      <object_component id="oc-178">
         <name>.text:MRFI_RxAddrIsFiltered</name>
         <load_address>0xa736</load_address>
         <run_address>0xa736</run_address>
         <size>0x46</size>
         <input_file_ref idref="fl-13"/>
      </object_component>
      <object_component id="oc-1d4">
         <name>.text:nwk_isLinkDuplicate</name>
         <load_address>0xa77c</load_address>
         <run_address>0xa77c</run_address>
         <size>0x46</size>
         <input_file_ref idref="fl-7"/>
      </object_component>
      <object_component id="oc-f5">
         <name>.text</name>
         <load_address>0xa7c2</load_address>
         <run_address>0xa7c2</run_address>
         <size>0x46</size>
         <input_file_ref idref="fl-4f"/>
      </object_component>
      <object_component id="oc-1ce">
         <name>.text:smpl_send_ping_reply</name>
         <load_address>0xa808</load_address>
         <run_address>0xa808</run_address>
         <size>0x46</size>
         <input_file_ref idref="fl-11"/>
      </object_component>
      <object_component id="oc-182">
         <name>.text:MRFI_Rssi</name>
         <load_address>0xa84e</load_address>
         <run_address>0xa84e</run_address>
         <size>0x44</size>
         <input_file_ref idref="fl-13"/>
      </object_component>
      <object_component id="oc-1a9">
         <name>.text:spiRegAccess</name>
         <load_address>0xa892</load_address>
         <run_address>0xa892</run_address>
         <size>0x42</size>
         <input_file_ref idref="fl-13"/>
      </object_component>
      <object_component id="oc-164">
         <name>.text:nwk_freqControl</name>
         <load_address>0xa8d4</load_address>
         <run_address>0xa8d4</run_address>
         <size>0x40</size>
         <input_file_ref idref="fl-c"/>
      </object_component>
      <object_component id="oc-d3">
         <name>.text</name>
         <load_address>0xa914</load_address>
         <run_address>0xa914</run_address>
         <size>0x40</size>
         <input_file_ref idref="fl-48"/>
      </object_component>
      <object_component id="oc-1a8">
         <name>.text:l_lsl_const</name>
         <load_address>0xa954</load_address>
         <run_address>0xa954</run_address>
         <size>0x3e</size>
         <input_file_ref idref="fl-5c"/>
      </object_component>
      <object_component id="oc-1c3">
         <name>.text:nwk_processJoin</name>
         <load_address>0xa992</load_address>
         <run_address>0xa992</run_address>
         <size>0x3e</size>
         <input_file_ref idref="fl-e"/>
      </object_component>
      <object_component id="oc-1da">
         <name>.text:saveAddress</name>
         <load_address>0xa9d0</load_address>
         <run_address>0xa9d0</run_address>
         <size>0x3e</size>
         <input_file_ref idref="fl-e"/>
      </object_component>
      <object_component id="oc-1b1">
         <name>.text:MRFI_ReplyDelay</name>
         <load_address>0xaa0e</load_address>
         <run_address>0xaa0e</run_address>
         <size>0x3c</size>
         <input_file_ref idref="fl-13"/>
      </object_component>
      <object_component id="oc-155">
         <name>.text:SMPL_Init</name>
         <load_address>0xaa4a</load_address>
         <run_address>0xaa4a</run_address>
         <size>0x3a</size>
         <input_file_ref idref="fl-9"/>
      </object_component>
      <object_component id="oc-187">
         <name>.text:broadcast_channel_change</name>
         <load_address>0xaa84</load_address>
         <run_address>0xaa84</run_address>
         <size>0x3a</size>
         <input_file_ref idref="fl-c"/>
      </object_component>
      <object_component id="oc-1ca">
         <name>.text:handleLinkRequest</name>
         <load_address>0xaabe</load_address>
         <run_address>0xaabe</run_address>
         <size>0x3a</size>
         <input_file_ref idref="fl-f"/>
      </object_component>
      <object_component id="oc-1c8">
         <name>.text:nwk_isValidReply</name>
         <load_address>0xaaf8</load_address>
         <run_address>0xaaf8</run_address>
         <size>0x3a</size>
         <input_file_ref idref="fl-7"/>
      </object_component>
      <object_component id="oc-1c5">
         <name>.text:nwk_processFreq</name>
         <load_address>0xab32</load_address>
         <run_address>0xab32</run_address>
         <size>0x3a</size>
         <input_file_ref idref="fl-c"/>
      </object_component>
      <object_component id="oc-1b9">
         <name>.text:nwk_replayFrame</name>
         <load_address>0xab6c</load_address>
         <run_address>0xab6c</run_address>
         <size>0x3a</size>
         <input_file_ref idref="fl-a"/>
      </object_component>
      <object_component id="oc-1b3">
         <name>.text:BSP_Delay</name>
         <load_address>0xaba6</load_address>
         <run_address>0xaba6</run_address>
         <size>0x38</size>
         <input_file_ref idref="fl-14"/>
      </object_component>
      <object_component id="oc-1dd">
         <name>.text:isJoined</name>
         <load_address>0xabde</load_address>
         <run_address>0xabde</run_address>
         <size>0x36</size>
         <input_file_ref idref="fl-e"/>
      </object_component>
      <object_component id="oc-1ba">
         <name>.text:nwk_isSandFClient</name>
         <load_address>0xac14</load_address>
         <run_address>0xac14</run_address>
         <size>0x36</size>
         <input_file_ref idref="fl-e"/>
      </object_component>
      <object_component id="oc-188">
         <name>.text:mrfiSpiInit</name>
         <load_address>0xac4a</load_address>
         <run_address>0xac4a</run_address>
         <size>0x34</size>
         <input_file_ref idref="fl-13"/>
      </object_component>
      <object_component id="oc-19c">
         <name>.text:nwk_QadjustOrder</name>
         <load_address>0xac7e</load_address>
         <run_address>0xac7e</run_address>
         <size>0x34</size>
         <input_file_ref idref="fl-8"/>
      </object_component>
      <object_component id="oc-15f">
         <name>.text:nwk_deviceAddress</name>
         <load_address>0xacb2</load_address>
         <run_address>0xacb2</run_address>
         <size>0x34</size>
         <input_file_ref idref="fl-d"/>
      </object_component>
      <object_component id="oc-1b0">
         <name>.text:nwk_getAPAddress</name>
         <load_address>0xace6</load_address>
         <run_address>0xace6</run_address>
         <size>0x34</size>
         <input_file_ref idref="fl-b"/>
      </object_component>
      <object_component id="oc-18c">
         <name>.text:MRFI_SetLogicalChannel</name>
         <load_address>0xad1a</load_address>
         <run_address>0xad1a</run_address>
         <size>0x32</size>
         <input_file_ref idref="fl-13"/>
      </object_component>
      <object_component id="oc-1c0">
         <name>.text:Mrfi_DelayUsecSem</name>
         <load_address>0xad4c</load_address>
         <run_address>0xad4c</run_address>
         <size>0x32</size>
         <input_file_ref idref="fl-13"/>
      </object_component>
      <object_component id="oc-143">
         <name>.text:USCIAB0RX_ISR</name>
         <load_address>0xad7e</load_address>
         <run_address>0xad7e</run_address>
         <size>0x32</size>
         <input_file_ref idref="fl-3"/>
      </object_component>
      <object_component id="oc-171">
         <name>.text:nwk_getConnInfo</name>
         <load_address>0xadb0</load_address>
         <run_address>0xadb0</run_address>
         <size>0x32</size>
         <input_file_ref idref="fl-7"/>
      </object_component>
      <object_component id="oc-19a">
         <name>.text:map_lid2idx</name>
         <load_address>0xade2</load_address>
         <run_address>0xade2</run_address>
         <size>0x30</size>
         <input_file_ref idref="fl-7"/>
      </object_component>
      <object_component id="oc-1c1">
         <name>.text:nwk_processPing</name>
         <load_address>0xae12</load_address>
         <run_address>0xae12</run_address>
         <size>0x30</size>
         <input_file_ref idref="fl-11"/>
      </object_component>
      <object_component id="oc-163">
         <name>.text:nwk_rawReceive</name>
         <load_address>0xae42</load_address>
         <run_address>0xae42</run_address>
         <size>0x30</size>
         <input_file_ref idref="fl-d"/>
      </object_component>
      <object_component id="oc-184">
         <name>.text:nwk_sendFrame</name>
         <load_address>0xae72</load_address>
         <run_address>0xae72</run_address>
         <size>0x30</size>
         <input_file_ref idref="fl-a"/>
      </object_component>
      <object_component id="oc-179">
         <name>.text:Mrfi_CalculateRssi</name>
         <load_address>0xaea2</load_address>
         <run_address>0xaea2</run_address>
         <size>0x2e</size>
         <input_file_ref idref="fl-13"/>
      </object_component>
      <object_component id="oc-194">
         <name>.text:nwk_joinInit</name>
         <load_address>0xaed0</load_address>
         <run_address>0xaed0</run_address>
         <size>0x2e</size>
         <input_file_ref idref="fl-e"/>
      </object_component>
      <object_component id="oc-1c2">
         <name>.text:nwk_processLink</name>
         <load_address>0xaefe</load_address>
         <run_address>0xaefe</run_address>
         <size>0x2e</size>
         <input_file_ref idref="fl-f"/>
      </object_component>
      <object_component id="oc-189">
         <name>.text:Mrfi_DelayUsec</name>
         <load_address>0xaf2c</load_address>
         <run_address>0xaf2c</run_address>
         <size>0x2c</size>
         <input_file_ref idref="fl-13"/>
      </object_component>
      <object_component id="oc-18d">
         <name>.text:Mrfi_RxModeOff</name>
         <load_address>0xaf58</load_address>
         <run_address>0xaf58</run_address>
         <size>0x2c</size>
         <input_file_ref idref="fl-13"/>
      </object_component>
      <object_component id="oc-18f">
         <name>.text:nwk_globalsInit</name>
         <load_address>0xaf84</load_address>
         <run_address>0xaf84</run_address>
         <size>0x2c</size>
         <input_file_ref idref="fl-b"/>
      </object_component>
      <object_component id="oc-c9">
         <name>.text</name>
         <load_address>0xafb0</load_address>
         <run_address>0xafb0</run_address>
         <size>0x2c</size>
         <input_file_ref idref="fl-46"/>
      </object_component>
      <object_component id="oc-172">
         <name>.text:nwk_checkConnInfo</name>
         <load_address>0xafdc</load_address>
         <run_address>0xafdc</run_address>
         <size>0x2a</size>
         <input_file_ref idref="fl-7"/>
      </object_component>
      <object_component id="oc-1bf">
         <name>.text:Mrfi_RandomBackoffDelay</name>
         <load_address>0xb006</load_address>
         <run_address>0xb006</run_address>
         <size>0x26</size>
         <input_file_ref idref="fl-13"/>
      </object_component>
      <object_component id="oc-2d">
         <name>.text:_c_int00_noexit</name>
         <load_address>0xb02c</load_address>
         <run_address>0xb02c</run_address>
         <size>0x26</size>
         <input_file_ref idref="fl-42"/>
      </object_component>
      <object_component id="oc-15e">
         <name>.text:nwk_connectionControl</name>
         <load_address>0xb052</load_address>
         <run_address>0xb052</run_address>
         <size>0x26</size>
         <input_file_ref idref="fl-d"/>
      </object_component>
      <object_component id="oc-196">
         <name>.text:nwk_linkInit</name>
         <load_address>0xb078</load_address>
         <run_address>0xb078</run_address>
         <size>0x26</size>
         <input_file_ref idref="fl-f"/>
      </object_component>
      <object_component id="oc-126">
         <name>.text</name>
         <load_address>0xb09e</load_address>
         <run_address>0xb09e</run_address>
         <size>0x26</size>
         <input_file_ref idref="fl-63"/>
      </object_component>
      <object_component id="oc-170">
         <name>.text:MRFI_Sleep</name>
         <load_address>0xb0c4</load_address>
         <run_address>0xb0c4</run_address>
         <size>0x24</size>
         <input_file_ref idref="fl-13"/>
      </object_component>
      <object_component id="oc-fa">
         <name>.text</name>
         <load_address>0xb0e8</load_address>
         <run_address>0xb0e8</run_address>
         <size>0x24</size>
         <input_file_ref idref="fl-50"/>
      </object_component>
      <object_component id="oc-15a">
         <name>.text:BSP_InitBoard</name>
         <load_address>0xb10c</load_address>
         <run_address>0xb10c</run_address>
         <size>0x22</size>
         <input_file_ref idref="fl-14"/>
      </object_component>
      <object_component id="oc-169">
         <name>.text:MRFI_RxOn</name>
         <load_address>0xb12e</load_address>
         <run_address>0xb12e</run_address>
         <size>0x22</size>
         <input_file_ref idref="fl-13"/>
      </object_component>
      <object_component id="oc-1b2">
         <name>.text:memcmp</name>
         <load_address>0xb150</load_address>
         <run_address>0xb150</run_address>
         <size>0x22</size>
         <input_file_ref idref="fl-5e"/>
      </object_component>
      <object_component id="oc-14e">
         <name>.text:BSP_Init</name>
         <load_address>0xb172</load_address>
         <run_address>0xb172</run_address>
         <size>0x20</size>
         <input_file_ref idref="fl-14"/>
      </object_component>
      <object_component id="oc-17a">
         <name>.text:MRFI_RxCompleteISR</name>
         <load_address>0xb192</load_address>
         <run_address>0xb192</run_address>
         <size>0x20</size>
         <input_file_ref idref="fl-a"/>
      </object_component>
      <object_component id="oc-16f">
         <name>.text:MRFI_RxIdle</name>
         <load_address>0xb1b2</load_address>
         <run_address>0xb1b2</run_address>
         <size>0x20</size>
         <input_file_ref idref="fl-13"/>
      </object_component>
      <object_component id="oc-190">
         <name>.text:nwk_frameInit</name>
         <load_address>0xb1d2</load_address>
         <run_address>0xb1d2</run_address>
         <size>0x20</size>
         <input_file_ref idref="fl-a"/>
      </object_component>
      <object_component id="oc-175">
         <name>.text:mrfiSpiReadReg</name>
         <load_address>0xb1f2</load_address>
         <run_address>0xb1f2</run_address>
         <size>0x1e</size>
         <input_file_ref idref="fl-13"/>
      </object_component>
      <object_component id="oc-191">
         <name>.text:nwk_QInit</name>
         <load_address>0xb210</load_address>
         <run_address>0xb210</run_address>
         <size>0x1e</size>
         <input_file_ref idref="fl-8"/>
      </object_component>
      <object_component id="oc-16d">
         <name>.text:nwk_getLocalLinkID</name>
         <load_address>0xb22e</load_address>
         <run_address>0xb22e</run_address>
         <size>0x1e</size>
         <input_file_ref idref="fl-f"/>
      </object_component>
      <object_component id="oc-14b">
         <name>.text:MRFI_GpioIsr</name>
         <load_address>0xb24c</load_address>
         <run_address>0xb24c</run_address>
         <size>0x1c</size>
         <input_file_ref idref="fl-13"/>
      </object_component>
      <object_component id="oc-153">
         <name>.text:TXString</name>
         <load_address>0xb268</load_address>
         <run_address>0xb268</run_address>
         <size>0x1c</size>
         <input_file_ref idref="fl-5"/>
      </object_component>
      <object_component id="oc-168">
         <name>.text:nwk_setChannel</name>
         <load_address>0xb284</load_address>
         <run_address>0xb284</run_address>
         <size>0x1c</size>
         <input_file_ref idref="fl-c"/>
      </object_component>
      <object_component id="oc-17f">
         <name>.text:nwk_setMyAddress</name>
         <load_address>0xb2a0</load_address>
         <run_address>0xb2a0</run_address>
         <size>0x1c</size>
         <input_file_ref idref="fl-b"/>
      </object_component>
      <object_component id="oc-140">
         <name>.text:BSP_GpioPort1Isr</name>
         <load_address>0xb2bc</load_address>
         <run_address>0xb2bc</run_address>
         <size>0x1a</size>
         <input_file_ref idref="fl-13"/>
      </object_component>
      <object_component id="oc-18a">
         <name>.text:mrfiSpiWriteReg</name>
         <load_address>0xb2d6</load_address>
         <run_address>0xb2d6</run_address>
         <size>0x1a</size>
         <input_file_ref idref="fl-13"/>
      </object_component>
      <object_component id="oc-16e">
         <name>.text:MRFI_DelayMs</name>
         <load_address>0xb2f0</load_address>
         <run_address>0xb2f0</run_address>
         <size>0x18</size>
         <input_file_ref idref="fl-13"/>
      </object_component>
      <object_component id="oc-1cb">
         <name>.text:handleJoinRequest</name>
         <load_address>0xb308</load_address>
         <run_address>0xb308</run_address>
         <size>0x18</size>
         <input_file_ref idref="fl-e"/>
      </object_component>
      <object_component id="oc-1b5">
         <name>.text:MRFI_RandomByte</name>
         <load_address>0xb320</load_address>
         <run_address>0xb320</run_address>
         <size>0x16</size>
         <input_file_ref idref="fl-13"/>
      </object_component>
      <object_component id="oc-199">
         <name>.text:Mrfi_RxModeOn</name>
         <load_address>0xb336</load_address>
         <run_address>0xb336</run_address>
         <size>0x16</size>
         <input_file_ref idref="fl-13"/>
      </object_component>
      <object_component id="oc-ce">
         <name>.text</name>
         <load_address>0xb34c</load_address>
         <run_address>0xb34c</run_address>
         <size>0x16</size>
         <input_file_ref idref="fl-47"/>
      </object_component>
      <object_component id="oc-177">
         <name>.text:memset</name>
         <load_address>0xb362</load_address>
         <run_address>0xb362</run_address>
         <size>0x14</size>
         <input_file_ref idref="fl-60"/>
      </object_component>
      <object_component id="oc-160">
         <name>.text:nwk_joinContext</name>
         <load_address>0xb376</load_address>
         <run_address>0xb376</run_address>
         <size>0x14</size>
         <input_file_ref idref="fl-d"/>
      </object_component>
      <object_component id="oc-121">
         <name>.text</name>
         <load_address>0xb38a</load_address>
         <run_address>0xb38a</run_address>
         <size>0x14</size>
         <input_file_ref idref="fl-62"/>
      </object_component>
      <object_component id="oc-17c">
         <name>.text:BSP_InitLeds</name>
         <load_address>0xb39e</load_address>
         <run_address>0xb39e</run_address>
         <size>0x12</size>
         <input_file_ref idref="fl-14"/>
      </object_component>
      <object_component id="oc-1cc">
         <name>.text:handle_freq_cmd</name>
         <load_address>0xb3b0</load_address>
         <run_address>0xb3b0</run_address>
         <size>0x12</size>
         <input_file_ref idref="fl-c"/>
      </object_component>
      <object_component id="oc-14c">
         <name>.text:memcpy</name>
         <load_address>0xb3c2</load_address>
         <run_address>0xb3c2</run_address>
         <size>0x12</size>
         <input_file_ref idref="fl-5f"/>
      </object_component>
      <object_component id="oc-180">
         <name>.text:nwk_getMyAddress</name>
         <load_address>0xb3d4</load_address>
         <run_address>0xb3d4</run_address>
         <size>0x12</size>
         <input_file_ref idref="fl-b"/>
      </object_component>
      <object_component id="oc-1b7">
         <name>.text:nwk_setLinkToken</name>
         <load_address>0xb3e6</load_address>
         <run_address>0xb3e6</run_address>
         <size>0x12</size>
         <input_file_ref idref="fl-f"/>
      </object_component>
      <object_component id="oc-154">
         <name>.text:sCB</name>
         <load_address>0xb3f8</load_address>
         <run_address>0xb3f8</run_address>
         <size>0x12</size>
         <input_file_ref idref="fl-5"/>
      </object_component>
      <object_component id="oc-18e">
         <name>.text:l_asr</name>
         <load_address>0xb40a</load_address>
         <run_address>0xb40a</run_address>
         <size>0x10</size>
         <input_file_ref idref="fl-41"/>
      </object_component>
      <object_component id="oc-1c7">
         <name>.text:nwk_getQ</name>
         <load_address>0xb41a</load_address>
         <run_address>0xb41a</run_address>
         <size>0x10</size>
         <input_file_ref idref="fl-8"/>
      </object_component>
      <object_component id="oc-14d">
         <name>.text</name>
         <load_address>0xb42a</load_address>
         <run_address>0xb42a</run_address>
         <size>0x10</size>
         <input_file_ref idref="fl-4a"/>
      </object_component>
      <object_component id="oc-1ad">
         <name>.text:MRFI_Receive</name>
         <load_address>0xb43a</load_address>
         <run_address>0xb43a</run_address>
         <size>0xe</size>
         <input_file_ref idref="fl-13"/>
      </object_component>
      <object_component id="oc-1b6">
         <name>.text:generateLinkToken</name>
         <load_address>0xb448</load_address>
         <run_address>0xb448</run_address>
         <size>0xe</size>
         <input_file_ref idref="fl-e"/>
      </object_component>
      <object_component id="oc-1be">
         <name>.text:mrfiSpiWriteTxFifo</name>
         <load_address>0xb456</load_address>
         <run_address>0xb456</run_address>
         <size>0xe</size>
         <input_file_ref idref="fl-13"/>
      </object_component>
      <object_component id="oc-181">
         <name>.text:nwk_setJoinContext</name>
         <load_address>0xb464</load_address>
         <run_address>0xb464</run_address>
         <size>0xe</size>
         <input_file_ref idref="fl-e"/>
      </object_component>
      <object_component id="oc-16c">
         <name>.text:nwk_setListenContext</name>
         <load_address>0xb472</load_address>
         <run_address>0xb472</run_address>
         <size>0xe</size>
         <input_file_ref idref="fl-f"/>
      </object_component>
      <object_component id="oc-1bd">
         <name>.text:MRFI_PostKillSem</name>
         <load_address>0xb480</load_address>
         <run_address>0xb480</run_address>
         <size>0xc</size>
         <input_file_ref idref="fl-13"/>
      </object_component>
      <object_component id="oc-1c9">
         <name>.text:handlePingRequest</name>
         <load_address>0xb48c</load_address>
         <run_address>0xb48c</run_address>
         <size>0xc</size>
         <input_file_ref idref="fl-11"/>
      </object_component>
      <object_component id="oc-176">
         <name>.text:mrfiSpiReadRxFifo</name>
         <load_address>0xb498</load_address>
         <run_address>0xb498</run_address>
         <size>0xc</size>
         <input_file_ref idref="fl-13"/>
      </object_component>
      <object_component id="oc-1cd">
         <name>.text:smpl_send_mgmt_reply</name>
         <load_address>0xb4a4</load_address>
         <run_address>0xb4a4</run_address>
         <size>0xc</size>
         <input_file_ref idref="fl-10"/>
      </object_component>
      <object_component id="oc-17d">
         <name>.text:BSP_InitButtons</name>
         <load_address>0xb4b0</load_address>
         <run_address>0xb4b0</run_address>
         <size>0xa</size>
         <input_file_ref idref="fl-14"/>
      </object_component>
      <object_component id="oc-15b">
         <name>.text:BSP_InitDrivers</name>
         <load_address>0xb4ba</load_address>
         <run_address>0xb4ba</run_address>
         <size>0xa</size>
         <input_file_ref idref="fl-14"/>
      </object_component>
      <object_component id="oc-192">
         <name>.text:nwk_freqInit</name>
         <load_address>0xb4c4</load_address>
         <run_address>0xb4c4</run_address>
         <size>0xa</size>
         <input_file_ref idref="fl-c"/>
      </object_component>
      <object_component id="oc-195">
         <name>.text:nwk_mgmtInit</name>
         <load_address>0xb4ce</load_address>
         <run_address>0xb4ce</run_address>
         <size>0xa</size>
         <input_file_ref idref="fl-10"/>
      </object_component>
      <object_component id="oc-193">
         <name>.text:nwk_pingInit</name>
         <load_address>0xb4d8</load_address>
         <run_address>0xb4d8</run_address>
         <size>0xa</size>
         <input_file_ref idref="fl-11"/>
      </object_component>
      <object_component id="oc-141">
         <name>.text:ADC10_ISR</name>
         <load_address>0xb4e2</load_address>
         <run_address>0xb4e2</run_address>
         <size>0x8</size>
         <input_file_ref idref="fl-5"/>
      </object_component>
      <object_component id="oc-186">
         <name>.text:nwk_getChannel</name>
         <load_address>0xb4ea</load_address>
         <run_address>0xb4ea</run_address>
         <size>0x8</size>
         <input_file_ref idref="fl-c"/>
      </object_component>
      <object_component id="oc-16b">
         <name>.text:MRFI_GetRadioState</name>
         <load_address>0xb4f2</load_address>
         <run_address>0xb4f2</run_address>
         <size>0x6</size>
         <input_file_ref idref="fl-13"/>
      </object_component>
      <object_component id="oc-144">
         <name>.text:Timer_B</name>
         <load_address>0xb4f8</load_address>
         <run_address>0xb4f8</run_address>
         <size>0x6</size>
         <input_file_ref idref="fl-5"/>
      </object_component>
      <object_component id="oc-ff">
         <name>.text:_isr:__TI_ISR_TRAP</name>
         <load_address>0xb4fe</load_address>
         <run_address>0xb4fe</run_address>
         <size>0x6</size>
         <input_file_ref idref="fl-5b"/>
      </object_component>
      <object_component id="oc-17e">
         <name>.text:nwk_freeConnection</name>
         <load_address>0xb504</load_address>
         <run_address>0xb504</run_address>
         <size>0x6</size>
         <input_file_ref idref="fl-7"/>
      </object_component>
      <object_component id="oc-198">
         <name>.text:nwk_getBCastAddress</name>
         <load_address>0xb50a</load_address>
         <run_address>0xb50a</run_address>
         <size>0x6</size>
         <input_file_ref idref="fl-b"/>
      </object_component>
      <object_component id="oc-15d">
         <name>.text:nwk_getFWVersion</name>
         <load_address>0xb510</load_address>
         <run_address>0xb510</run_address>
         <size>0x6</size>
         <input_file_ref idref="fl-b"/>
      </object_component>
      <object_component id="oc-1d7">
         <name>.text:nwk_getMyRxType</name>
         <load_address>0xb516</load_address>
         <run_address>0xb516</run_address>
         <size>0x6</size>
         <input_file_ref idref="fl-a"/>
      </object_component>
      <object_component id="oc-15c">
         <name>.text:nwk_getProtocolVersion</name>
         <load_address>0xb51c</load_address>
         <run_address>0xb51c</run_address>
         <size>0x6</size>
         <input_file_ref idref="fl-b"/>
      </object_component>
      <object_component id="oc-146">
         <name>.text:_system_pre_init</name>
         <load_address>0xb522</load_address>
         <run_address>0xb522</run_address>
         <size>0x4</size>
         <input_file_ref idref="fl-64"/>
      </object_component>
      <object_component id="oc-149">
         <name>.text:abort</name>
         <load_address>0xb526</load_address>
         <run_address>0xb526</run_address>
         <size>0x4</size>
         <input_file_ref idref="fl-4b"/>
      </object_component>
      <object_component id="oc-16a">
         <name>.text:nwk_join</name>
         <load_address>0xb52a</load_address>
         <run_address>0xb52a</run_address>
         <size>0x4</size>
         <input_file_ref idref="fl-e"/>
      </object_component>
      <object_component id="oc-1c4">
         <name>.text:nwk_processSecurity</name>
         <load_address>0xb52e</load_address>
         <run_address>0xb52e</run_address>
         <size>0x4</size>
         <input_file_ref idref="fl-12"/>
      </object_component>
      <object_component id="oc-145">
         <name>.text:_nop</name>
         <load_address>0xb532</load_address>
         <run_address>0xb532</run_address>
         <size>0x2</size>
         <input_file_ref idref="fl-65"/>
      </object_component>
      <object_component id="oc-1d9">
         <name>.text:nwk_purgeJoined</name>
         <load_address>0xb534</load_address>
         <run_address>0xb534</run_address>
         <size>0x2</size>
         <input_file_ref idref="fl-e"/>
      </object_component>
      <object_component id="oc-197">
         <name>.text:nwk_securityInit</name>
         <load_address>0xb536</load_address>
         <run_address>0xb536</run_address>
         <size>0x2</size>
         <input_file_ref idref="fl-12"/>
      </object_component>
      <object_component id="oc-83">
         <name>.cinit</name>
         <load_address>0xb812</load_address>
         <run_address>0xb812</run_address>
         <size>0x39</size>
         <input_file_ref idref="fl-e"/>
      </object_component>
      <object_component id="oc-47">
         <name>.cinit</name>
         <load_address>0xb84c</load_address>
         <run_address>0xb84c</run_address>
         <size>0x30</size>
         <input_file_ref idref="fl-5"/>
      </object_component>
      <object_component id="oc-8a">
         <name>.cinit</name>
         <load_address>0xb87c</load_address>
         <run_address>0xb87c</run_address>
         <size>0x19</size>
         <input_file_ref idref="fl-f"/>
      </object_component>
      <object_component id="oc-a4">
         <name>.cinit</name>
         <load_address>0xb896</load_address>
         <run_address>0xb896</run_address>
         <size>0x17</size>
         <input_file_ref idref="fl-13"/>
      </object_component>
      <object_component id="oc-54">
         <name>.cinit</name>
         <load_address>0xb8ae</load_address>
         <run_address>0xb8ae</run_address>
         <size>0x13</size>
         <input_file_ref idref="fl-7"/>
      </object_component>
      <object_component id="oc-36">
         <name>.cinit</name>
         <load_address>0xb8c2</load_address>
         <run_address>0xb8c2</run_address>
         <size>0x11</size>
         <input_file_ref idref="fl-3"/>
      </object_component>
      <object_component id="oc-77">
         <name>.cinit</name>
         <load_address>0xb8d4</load_address>
         <run_address>0xb8d4</run_address>
         <size>0xb</size>
         <input_file_ref idref="fl-c"/>
      </object_component>
      <object_component id="oc-68">
         <name>.cinit</name>
         <load_address>0xb8e0</load_address>
         <run_address>0xb8e0</run_address>
         <size>0x6</size>
         <input_file_ref idref="fl-a"/>
      </object_component>
      <object_component id="oc-3f">
         <name>.cinit</name>
         <load_address>0xb8e6</load_address>
         <run_address>0xb8e6</run_address>
         <size>0x5</size>
         <input_file_ref idref="fl-4"/>
      </object_component>
      <object_component id="oc-61">
         <name>.cinit</name>
         <load_address>0xb8ec</load_address>
         <run_address>0xb8ec</run_address>
         <size>0x5</size>
         <input_file_ref idref="fl-9"/>
      </object_component>
      <object_component id="oc-6f">
         <name>.cinit</name>
         <load_address>0xb8f2</load_address>
         <run_address>0xb8f2</run_address>
         <size>0x5</size>
         <input_file_ref idref="fl-b"/>
      </object_component>
      <object_component id="oc-91">
         <name>.cinit</name>
         <load_address>0xb8f8</load_address>
         <run_address>0xb8f8</run_address>
         <size>0x5</size>
         <input_file_ref idref="fl-10"/>
      </object_component>
      <object_component id="oc-98">
         <name>.cinit</name>
         <load_address>0xb8fe</load_address>
         <run_address>0xb8fe</run_address>
         <size>0x5</size>
         <input_file_ref idref="fl-11"/>
      </object_component>
      <object_component id="oc-152">
         <name>.const:.string:splash</name>
         <load_address>0xb538</load_address>
         <run_address>0xb538</run_address>
         <size>0x187</size>
         <input_file_ref idref="fl-5"/>
      </object_component>
      <object_component id="oc-19d">
         <name>.const:.string:$P$T0$1</name>
         <load_address>0xb6c0</load_address>
         <run_address>0xb6c0</run_address>
         <size>0x7a</size>
         <input_file_ref idref="fl-5"/>
      </object_component>
      <object_component id="oc-18b">
         <name>.const:mrfiRadioCfg</name>
         <load_address>0xb73a</load_address>
         <run_address>0xb73a</run_address>
         <size>0x3e</size>
         <input_file_ref idref="fl-13"/>
      </object_component>
      <object_component id="oc-48">
         <name>.const:.string</name>
         <load_address>0xb778</load_address>
         <run_address>0xb778</run_address>
         <size>0x24</size>
         <input_file_ref idref="fl-5"/>
      </object_component>
      <object_component id="oc-70">
         <name>.const</name>
         <load_address>0xb79c</load_address>
         <run_address>0xb79c</run_address>
         <size>0xd</size>
         <input_file_ref idref="fl-b"/>
      </object_component>
      <object_component id="oc-1b8">
         <name>.const:func</name>
         <load_address>0xb7aa</load_address>
         <run_address>0xb7aa</run_address>
         <size>0xc</size>
         <input_file_ref idref="fl-a"/>
      </object_component>
      <object_component id="oc-1a6">
         <name>.const:.string:$P$T9$10</name>
         <load_address>0xb7b6</load_address>
         <run_address>0xb7b6</run_address>
         <size>0xb</size>
         <input_file_ref idref="fl-5"/>
      </object_component>
      <object_component id="oc-1a2">
         <name>.const:.string:$P$T5$6</name>
         <load_address>0xb7c2</load_address>
         <run_address>0xb7c2</run_address>
         <size>0x9</size>
         <input_file_ref idref="fl-5"/>
      </object_component>
      <object_component id="oc-1a3">
         <name>.const:.string:$P$T6$7</name>
         <load_address>0xb7cc</load_address>
         <run_address>0xb7cc</run_address>
         <size>0x9</size>
         <input_file_ref idref="fl-5"/>
      </object_component>
      <object_component id="oc-1a4">
         <name>.const:.string:$P$T7$8</name>
         <load_address>0xb7d6</load_address>
         <run_address>0xb7d6</run_address>
         <size>0x9</size>
         <input_file_ref idref="fl-5"/>
      </object_component>
      <object_component id="oc-1a5">
         <name>.const:.string:$P$T8$9</name>
         <load_address>0xb7e0</load_address>
         <run_address>0xb7e0</run_address>
         <size>0x8</size>
         <input_file_ref idref="fl-5"/>
      </object_component>
      <object_component id="oc-1a7">
         <name>.const:.string:$P$T10$11</name>
         <load_address>0xb7e8</load_address>
         <run_address>0xb7e8</run_address>
         <size>0x7</size>
         <input_file_ref idref="fl-5"/>
      </object_component>
      <object_component id="oc-1a0">
         <name>.const:.string:$P$T3$4</name>
         <load_address>0xb7f0</load_address>
         <run_address>0xb7f0</run_address>
         <size>0x7</size>
         <input_file_ref idref="fl-5"/>
      </object_component>
      <object_component id="oc-19f">
         <name>.const:.string:$P$T2$3</name>
         <load_address>0xb7f8</load_address>
         <run_address>0xb7f8</run_address>
         <size>0x6</size>
         <input_file_ref idref="fl-5"/>
      </object_component>
      <object_component id="oc-1a1">
         <name>.const:.string:$P$T4$5</name>
         <load_address>0xb7fe</load_address>
         <run_address>0xb7fe</run_address>
         <size>0x6</size>
         <input_file_ref idref="fl-5"/>
      </object_component>
      <object_component id="oc-19e">
         <name>.const:.string:$P$T1$2</name>
         <load_address>0xb804</load_address>
         <run_address>0xb804</run_address>
         <size>0x5</size>
         <input_file_ref idref="fl-5"/>
      </object_component>
      <object_component id="oc-1ab">
         <name>.const:.string:mrfiBroadcastAddr</name>
         <load_address>0xb80a</load_address>
         <run_address>0xb80a</run_address>
         <size>0x4</size>
         <input_file_ref idref="fl-13"/>
      </object_component>
      <object_component id="oc-1b4">
         <name>.const:.string:mrfiLogicalChanTable</name>
         <load_address>0xb80e</load_address>
         <run_address>0xb80e</run_address>
         <size>0x4</size>
         <input_file_ref idref="fl-13"/>
      </object_component>
      <object_component id="oc-1e">
         <name>.int00</name>
         <load_address>0xffe0</load_address>
         <run_address>0xffe0</run_address>
         <size>0x2</size>
         <input_file_ref idref="fl-51"/>
      </object_component>
      <object_component id="oc-1f">
         <name>.int01</name>
         <load_address>0xffe2</load_address>
         <run_address>0xffe2</run_address>
         <size>0x2</size>
         <input_file_ref idref="fl-52"/>
      </object_component>
      <object_component id="oc-20">
         <name>.int02</name>
         <load_address>0xffe4</load_address>
         <run_address>0xffe4</run_address>
         <size>0x2</size>
         <input_file_ref idref="fl-53"/>
      </object_component>
      <object_component id="oc-21">
         <name>.int03</name>
         <load_address>0xffe6</load_address>
         <run_address>0xffe6</run_address>
         <size>0x2</size>
         <input_file_ref idref="fl-13"/>
      </object_component>
      <object_component id="oc-22">
         <name>.int04</name>
         <load_address>0xffe8</load_address>
         <run_address>0xffe8</run_address>
         <size>0x2</size>
         <input_file_ref idref="fl-54"/>
      </object_component>
      <object_component id="oc-23">
         <name>.int05</name>
         <load_address>0xffea</load_address>
         <run_address>0xffea</run_address>
         <size>0x2</size>
         <input_file_ref idref="fl-5"/>
      </object_component>
      <object_component id="oc-24">
         <name>.int06</name>
         <load_address>0x0</load_address>
         <run_address>0x0</run_address>
         <size>0x2</size>
         <input_file_ref idref="fl-3"/>
      </object_component>
      <object_component id="oc-3d">
         <name>.int06</name>
         <load_address>0x2</load_address>
         <run_address>0x2</run_address>
         <size>0x2</size>
         <input_file_ref idref="fl-4"/>
      </object_component>
      <object_component id="oc-25">
         <name>.int07</name>
         <load_address>0x2</load_address>
         <run_address>0x2</run_address>
         <size>0x2</size>
         <input_file_ref idref="fl-3"/>
      </object_component>
      <object_component id="oc-3e">
         <name>.int07</name>
         <load_address>0x4</load_address>
         <run_address>0x4</run_address>
         <size>0x2</size>
         <input_file_ref idref="fl-4"/>
      </object_component>
      <object_component id="oc-46">
         <name>.int07</name>
         <load_address>0x0</load_address>
         <run_address>0x0</run_address>
         <size>0x2</size>
         <input_file_ref idref="fl-5"/>
      </object_component>
      <object_component id="oc-26">
         <name>.int08</name>
         <load_address>0xfff0</load_address>
         <run_address>0xfff0</run_address>
         <size>0x2</size>
         <input_file_ref idref="fl-55"/>
      </object_component>
      <object_component id="oc-27">
         <name>.int09</name>
         <load_address>0xfff2</load_address>
         <run_address>0xfff2</run_address>
         <size>0x2</size>
         <input_file_ref idref="fl-56"/>
      </object_component>
      <object_component id="oc-28">
         <name>.int10</name>
         <load_address>0xfff4</load_address>
         <run_address>0xfff4</run_address>
         <size>0x2</size>
         <input_file_ref idref="fl-57"/>
      </object_component>
      <object_component id="oc-29">
         <name>.int11</name>
         <load_address>0xfff6</load_address>
         <run_address>0xfff6</run_address>
         <size>0x2</size>
         <input_file_ref idref="fl-58"/>
      </object_component>
      <object_component id="oc-2a">
         <name>.int12</name>
         <load_address>0xfff8</load_address>
         <run_address>0xfff8</run_address>
         <size>0x2</size>
         <input_file_ref idref="fl-59"/>
      </object_component>
      <object_component id="oc-2b">
         <name>.int13</name>
         <load_address>0xfffa</load_address>
         <run_address>0xfffa</run_address>
         <size>0x2</size>
         <input_file_ref idref="fl-5"/>
      </object_component>
      <object_component id="oc-2c">
         <name>.int14</name>
         <load_address>0xfffc</load_address>
         <run_address>0xfffc</run_address>
         <size>0x2</size>
         <input_file_ref idref="fl-5a"/>
      </object_component>
      <object_component id="oc-b5">
         <name>.reset</name>
         <load_address>0xfffe</load_address>
         <run_address>0xfffe</run_address>
         <size>0x2</size>
         <input_file_ref idref="fl-42"/>
      </object_component>
      <object_component id="oc-2f">
         <name>.debug_info</name>
         <load_address>0x0</load_address>
         <run_address>0x0</run_address>
         <size>0x438</size>
         <input_file_ref idref="fl-2"/>
      </object_component>
      <object_component id="oc-35">
         <name>.debug_info</name>
         <load_address>0x438</load_address>
         <run_address>0x438</run_address>
         <size>0x708</size>
         <input_file_ref idref="fl-3"/>
      </object_component>
      <object_component id="oc-3c">
         <name>.debug_info</name>
         <load_address>0xb40</load_address>
         <run_address>0xb40</run_address>
         <size>0x40d</size>
         <input_file_ref idref="fl-4"/>
      </object_component>
      <object_component id="oc-45">
         <name>.debug_info</name>
         <load_address>0xf4d</load_address>
         <run_address>0xf4d</run_address>
         <size>0x1f83</size>
         <input_file_ref idref="fl-5"/>
      </object_component>
      <object_component id="oc-4e">
         <name>.debug_info</name>
         <load_address>0x2ed0</load_address>
         <run_address>0x2ed0</run_address>
         <size>0x12d</size>
         <input_file_ref idref="fl-6"/>
      </object_component>
      <object_component id="oc-53">
         <name>.debug_info</name>
         <load_address>0x2ffd</load_address>
         <run_address>0x2ffd</run_address>
         <size>0x140d</size>
         <input_file_ref idref="fl-7"/>
      </object_component>
      <object_component id="oc-5a">
         <name>.debug_info</name>
         <load_address>0x440a</load_address>
         <run_address>0x440a</run_address>
         <size>0xcc6</size>
         <input_file_ref idref="fl-8"/>
      </object_component>
      <object_component id="oc-60">
         <name>.debug_info</name>
         <load_address>0x50d0</load_address>
         <run_address>0x50d0</run_address>
         <size>0x1511</size>
         <input_file_ref idref="fl-9"/>
      </object_component>
      <object_component id="oc-67">
         <name>.debug_info</name>
         <load_address>0x65e1</load_address>
         <run_address>0x65e1</run_address>
         <size>0x191c</size>
         <input_file_ref idref="fl-a"/>
      </object_component>
      <object_component id="oc-6e">
         <name>.debug_info</name>
         <load_address>0x7efd</load_address>
         <run_address>0x7efd</run_address>
         <size>0x91a</size>
         <input_file_ref idref="fl-b"/>
      </object_component>
      <object_component id="oc-76">
         <name>.debug_info</name>
         <load_address>0x8817</load_address>
         <run_address>0x8817</run_address>
         <size>0x16a2</size>
         <input_file_ref idref="fl-c"/>
      </object_component>
      <object_component id="oc-7c">
         <name>.debug_info</name>
         <load_address>0x9eb9</load_address>
         <run_address>0x9eb9</run_address>
         <size>0x1304</size>
         <input_file_ref idref="fl-d"/>
      </object_component>
      <object_component id="oc-82">
         <name>.debug_info</name>
         <load_address>0xb1bd</load_address>
         <run_address>0xb1bd</run_address>
         <size>0x12a5</size>
         <input_file_ref idref="fl-e"/>
      </object_component>
      <object_component id="oc-89">
         <name>.debug_info</name>
         <load_address>0xc462</load_address>
         <run_address>0xc462</run_address>
         <size>0x1836</size>
         <input_file_ref idref="fl-f"/>
      </object_component>
      <object_component id="oc-90">
         <name>.debug_info</name>
         <load_address>0xdc98</load_address>
         <run_address>0xdc98</run_address>
         <size>0xb50</size>
         <input_file_ref idref="fl-10"/>
      </object_component>
      <object_component id="oc-97">
         <name>.debug_info</name>
         <load_address>0xe7e8</load_address>
         <run_address>0xe7e8</run_address>
         <size>0xf9b</size>
         <input_file_ref idref="fl-11"/>
      </object_component>
      <object_component id="oc-9d">
         <name>.debug_info</name>
         <load_address>0xf783</load_address>
         <run_address>0xf783</run_address>
         <size>0x48d</size>
         <input_file_ref idref="fl-12"/>
      </object_component>
      <object_component id="oc-a3">
         <name>.debug_info</name>
         <load_address>0xfc10</load_address>
         <run_address>0xfc10</run_address>
         <size>0x28e6</size>
         <input_file_ref idref="fl-13"/>
      </object_component>
      <object_component id="oc-a9">
         <name>.debug_info</name>
         <load_address>0x124f6</load_address>
         <run_address>0x124f6</run_address>
         <size>0x9e4</size>
         <input_file_ref idref="fl-14"/>
      </object_component>
      <object_component id="oc-ae">
         <name>.debug_info</name>
         <load_address>0x12eda</load_address>
         <run_address>0x12eda</run_address>
         <size>0xbb</size>
         <input_file_ref idref="fl-41"/>
      </object_component>
      <object_component id="oc-b3">
         <name>.debug_info</name>
         <load_address>0x12f95</load_address>
         <run_address>0x12f95</run_address>
         <size>0x3d9</size>
         <input_file_ref idref="fl-42"/>
      </object_component>
      <object_component id="oc-ba">
         <name>.debug_info</name>
         <load_address>0x1336e</load_address>
         <run_address>0x1336e</run_address>
         <size>0x276</size>
         <input_file_ref idref="fl-43"/>
      </object_component>
      <object_component id="oc-bf">
         <name>.debug_info</name>
         <load_address>0x135e4</load_address>
         <run_address>0x135e4</run_address>
         <size>0x21b</size>
         <input_file_ref idref="fl-44"/>
      </object_component>
      <object_component id="oc-c4">
         <name>.debug_info</name>
         <load_address>0x137ff</load_address>
         <run_address>0x137ff</run_address>
         <size>0x231</size>
         <input_file_ref idref="fl-45"/>
      </object_component>
      <object_component id="oc-ca">
         <name>.debug_info</name>
         <load_address>0x13a30</load_address>
         <run_address>0x13a30</run_address>
         <size>0xcb</size>
         <input_file_ref idref="fl-46"/>
      </object_component>
      <object_component id="oc-cf">
         <name>.debug_info</name>
         <load_address>0x13afb</load_address>
         <run_address>0x13afb</run_address>
         <size>0xbe</size>
         <input_file_ref idref="fl-47"/>
      </object_component>
      <object_component id="oc-d4">
         <name>.debug_info</name>
         <load_address>0x13bb9</load_address>
         <run_address>0x13bb9</run_address>
         <size>0xce</size>
         <input_file_ref idref="fl-48"/>
      </object_component>
      <object_component id="oc-d9">
         <name>.debug_info</name>
         <load_address>0x13c87</load_address>
         <run_address>0x13c87</run_address>
         <size>0xc0</size>
         <input_file_ref idref="fl-49"/>
      </object_component>
      <object_component id="oc-dd">
         <name>.debug_info</name>
         <load_address>0x13d47</load_address>
         <run_address>0x13d47</run_address>
         <size>0xc7</size>
         <input_file_ref idref="fl-4a"/>
      </object_component>
      <object_component id="oc-e1">
         <name>.debug_info</name>
         <load_address>0x13e0e</load_address>
         <run_address>0x13e0e</run_address>
         <size>0x29b</size>
         <input_file_ref idref="fl-4b"/>
      </object_component>
      <object_component id="oc-e7">
         <name>.debug_info</name>
         <load_address>0x140a9</load_address>
         <run_address>0x140a9</run_address>
         <size>0xc2</size>
         <input_file_ref idref="fl-4c"/>
      </object_component>
      <object_component id="oc-ec">
         <name>.debug_info</name>
         <load_address>0x1416b</load_address>
         <run_address>0x1416b</run_address>
         <size>0xc2</size>
         <input_file_ref idref="fl-4d"/>
      </object_component>
      <object_component id="oc-f1">
         <name>.debug_info</name>
         <load_address>0x1422d</load_address>
         <run_address>0x1422d</run_address>
         <size>0xd4</size>
         <input_file_ref idref="fl-4e"/>
      </object_component>
      <object_component id="oc-f6">
         <name>.debug_info</name>
         <load_address>0x14301</load_address>
         <run_address>0x14301</run_address>
         <size>0xce</size>
         <input_file_ref idref="fl-4f"/>
      </object_component>
      <object_component id="oc-fb">
         <name>.debug_info</name>
         <load_address>0x143cf</load_address>
         <run_address>0x143cf</run_address>
         <size>0xc5</size>
         <input_file_ref idref="fl-50"/>
      </object_component>
      <object_component id="oc-100">
         <name>.debug_info</name>
         <load_address>0x14494</load_address>
         <run_address>0x14494</run_address>
         <size>0xba</size>
         <input_file_ref idref="fl-5b"/>
      </object_component>
      <object_component id="oc-104">
         <name>.debug_info</name>
         <load_address>0x1454e</load_address>
         <run_address>0x1454e</run_address>
         <size>0xc1</size>
         <input_file_ref idref="fl-5c"/>
      </object_component>
      <object_component id="oc-109">
         <name>.debug_info</name>
[...]
      <symbol id="sm-3d0">
         <name>nwk_setJoinContext</name>
         <value>0xb464</value>
         <object_component_ref idref="oc-181"/>
      </symbol>
      <symbol id="sm-3d1">
         <name>nwk_join</name>
         <value>0xb52a</value>
         <object_component_ref idref="oc-16a"/>
      </symbol>
      <symbol id="sm-40f">
         <name>nwk_linkInit</name>
         <value>0xb078</value>
         <object_component_ref idref="oc-196"/>
      </symbol>
      <symbol id="sm-410">
         <name>nwk_setLinkToken</name>
         <value>0xb3e6</value>
         <object_component_ref idref="oc-1b7"/>
      </symbol>
      <symbol id="sm-411">
         <name>nwk_getLocalLinkID</name>
         <value>0xb22e</value>
         <object_component_ref idref="oc-16d"/>
      </symbol>
      <symbol id="sm-412">
         <name>nwk_setListenContext</name>
         <value>0xb472</value>
         <object_component_ref idref="oc-16c"/>
      </symbol>
      <symbol id="sm-413">
         <name>nwk_processLink</name>
         <value>0xaefe</value>
         <object_component_ref idref="oc-1c2"/>
      </symbol>
      <symbol id="sm-433">
         <name>nwk_mgmtInit</name>
         <value>0xb4ce</value>
         <object_component_ref idref="oc-195"/>
      </symbol>
      <symbol id="sm-434">
         <name>nwk_processMgmt</name>
         <value>0xa6ee</value>
         <object_component_ref idref="oc-1c6"/>
      </symbol>
      <symbol id="sm-452">
         <name>nwk_processPing</name>
         <value>0xae12</value>
         <object_component_ref idref="oc-1c1"/>
      </symbol>
      <symbol id="sm-453">
         <name>nwk_pingInit</name>
         <value>0xb4d8</value>
         <object_component_ref idref="oc-193"/>
      </symbol>
      <symbol id="sm-461">
         <name>nwk_securityInit</name>
         <value>0xb536</value>
         <object_component_ref idref="oc-197"/>
      </symbol>
      <symbol id="sm-462">
         <name>nwk_processSecurity</name>
         <value>0xb52e</value>
         <object_component_ref idref="oc-1c4"/>
      </symbol>
      <symbol id="sm-53b">
         <name>MRFI_Sleep</name>
         <value>0xb0c4</value>
         <object_component_ref idref="oc-170"/>
      </symbol>
      <symbol id="sm-53c">
         <name>MRFI_PostKillSem</name>
         <value>0xb480</value>
         <object_component_ref idref="oc-1bd"/>
      </symbol>
      <symbol id="sm-53d">
         <name>MRFI_SetLogicalChannel</name>
         <value>0xad1a</value>
         <object_component_ref idref="oc-18c"/>
      </symbol>
      <symbol id="sm-53e">
         <name>MRFI_Rssi</name>
         <value>0xa84e</value>
         <object_component_ref idref="oc-182"/>
      </symbol>
      <symbol id="sm-53f">
         <name>MRFI_Init</name>
         <value>0x8b08</value>
         <object_component_ref idref="oc-165"/>
      </symbol>
      <symbol id="sm-540">
         <name>mrfiSpiCmdStrobe</name>
         <value>0xa6a6</value>
         <object_component_ref idref="oc-17b"/>
      </symbol>
      <symbol id="sm-541">
         <name>__TI_int03</name>
         <value>0xffe6</value>
         <object_component_ref idref="oc-21"/>
      </symbol>
      <symbol id="sm-542">
         <name>MRFI_RxAddrIsFiltered</name>
         <value>0xa736</value>
         <object_component_ref idref="oc-178"/>
      </symbol>
      <symbol id="sm-543">
         <name>MRFI_RandomByte</name>
         <value>0xb320</value>
         <object_component_ref idref="oc-1b5"/>
      </symbol>
      <symbol id="sm-544">
         <name>MRFI_RxOn</name>
         <value>0xb12e</value>
         <object_component_ref idref="oc-169"/>
      </symbol>
      <symbol id="sm-545">
         <name>MRFI_GpioIsr</name>
         <value>0xb24c</value>
         <object_component_ref idref="oc-14b"/>
      </symbol>
      <symbol id="sm-546">
         <name>mrfiBroadcastAddr</name>
         <value>0xb80a</value>
         <object_component_ref idref="oc-1ab"/>
      </symbol>
      <symbol id="sm-547">
         <name>mrfiSpiReadReg</name>
         <value>0xb1f2</value>
         <object_component_ref idref="oc-175"/>
      </symbol>
      <symbol id="sm-548">
         <name>mrfiSpiReadRxFifo</name>
         <value>0xb498</value>
         <object_component_ref idref="oc-176"/>
      </symbol>
      <symbol id="sm-549">
         <name>MRFI_ReplyDelay</name>
         <value>0xaa0e</value>
         <object_component_ref idref="oc-1b1"/>
      </symbol>
      <symbol id="sm-54a">
         <name>MRFI_WakeUp</name>
         <value>0xa3ea</value>
         <object_component_ref idref="oc-167"/>
      </symbol>
      <symbol id="sm-54b">
         <name>MRFI_Transmit</name>
         <value>0x935e</value>
         <object_component_ref idref="oc-1af"/>
      </symbol>
      <symbol id="sm-54c">
         <name>mrfiSpiWriteReg</name>
         <value>0xb2d6</value>
         <object_component_ref idref="oc-18a"/>
      </symbol>
      <symbol id="sm-54d">
         <name>mrfiSpiWriteTxFifo</name>
         <value>0xb456</value>
         <object_component_ref idref="oc-1be"/>
      </symbol>
      <symbol id="sm-54e">
         <name>MRFI_RxIdle</name>
         <value>0xb1b2</value>
         <object_component_ref idref="oc-16f"/>
      </symbol>
      <symbol id="sm-54f">
         <name>MRFI_GetRadioState</name>
         <value>0xb4f2</value>
         <object_component_ref idref="oc-16b"/>
      </symbol>
      <symbol id="sm-550">
         <name>MRFI_DelayMs</name>
         <value>0xb2f0</value>
         <object_component_ref idref="oc-16e"/>
      </symbol>
      <symbol id="sm-551">
         <name>mrfiSpiInit</name>
         <value>0xac4a</value>
         <object_component_ref idref="oc-188"/>
      </symbol>
      <symbol id="sm-552">
         <name>MRFI_Receive</name>
         <value>0xb43a</value>
         <object_component_ref idref="oc-1ad"/>
      </symbol>
      <symbol id="sm-553">
         <name>BSP_GpioPort1Isr</name>
         <value>0xb2bc</value>
         <object_component_ref idref="oc-140"/>
      </symbol>
      <symbol id="sm-56f">
         <name>BSP_Init</name>
         <value>0xb172</value>
         <object_component_ref idref="oc-14e"/>
      </symbol>
      <symbol id="sm-570">
         <name>BSP_InitButtons</name>
         <value>0xb4b0</value>
         <object_component_ref idref="oc-17d"/>
      </symbol>
      <symbol id="sm-571">
         <name>BSP_InitBoard</name>
         <value>0xb10c</value>
         <object_component_ref idref="oc-15a"/>
      </symbol>
      <symbol id="sm-572">
         <name>BSP_InitLeds</name>
         <value>0xb39e</value>
         <object_component_ref idref="oc-17c"/>
      </symbol>
      <symbol id="sm-573">
         <name>BSP_Delay</name>
         <value>0xaba6</value>
         <object_component_ref idref="oc-1b3"/>
      </symbol>
      <symbol id="sm-574">
         <name>BSP_InitDrivers</name>
         <value>0xb4ba</value>
         <object_component_ref idref="oc-15b"/>
      </symbol>
      <symbol id="sm-582">
         <name>L_ASR</name>
         <value>0xb40a</value>
         <object_component_ref idref="oc-18e"/>
      </symbol>
      <symbol id="sm-595">
         <name>_c_int00_noexit</name>
         <value>0xb02c</value>
         <object_component_ref idref="oc-2d"/>
      </symbol>
      <symbol id="sm-596">
         <name>_c_int00</name>
         <value>0xb02c</value>
         <object_component_ref idref="oc-2d"/>
      </symbol>
      <symbol id="sm-597">
         <name>_stack</name>
         <value>0x5b0</value>
         <object_component_ref idref="oc-b4"/>
      </symbol>
      <symbol id="sm-598">
         <name>__TI_dtors_ptr</name>
         <value>0x42a</value>
         <object_component_ref idref="oc-b2"/>
      </symbol>
      <symbol id="sm-599">
         <name>__TI_cleanup_ptr</name>
         <value>0x428</value>
         <object_component_ref idref="oc-b2"/>
      </symbol>
      <symbol id="sm-59a">
         <name>_reset_vector</name>
         <value>0xfffe</value>
         <object_component_ref idref="oc-b5"/>
      </symbol>
      <symbol id="sm-5c5">
         <name>__remi</name>
         <value>0xafb0</value>
         <object_component_ref idref="oc-c9"/>
      </symbol>
      <symbol id="sm-5c6">
         <name>__divi</name>
         <value>0xafb0</value>
         <object_component_ref idref="oc-c9"/>
      </symbol>
      <symbol id="sm-5d4">
         <name>__remu</name>
         <value>0xb34c</value>
         <object_component_ref idref="oc-ce"/>
      </symbol>
      <symbol id="sm-5d5">
         <name>__divu</name>
         <value>0xb34c</value>
         <object_component_ref idref="oc-ce"/>
      </symbol>
      <symbol id="sm-5e5">
         <name>__remli</name>
         <value>0xa914</value>
         <object_component_ref idref="oc-d3"/>
      </symbol>
      <symbol id="sm-5e6">
         <name>__divli</name>
         <value>0xa914</value>
         <object_component_ref idref="oc-d3"/>
      </symbol>
      <symbol id="sm-5f8">
         <name>__divul</name>
         <value>0xa33c</value>
         <object_component_ref idref="oc-d8"/>
      </symbol>
      <symbol id="sm-5f9">
         <name>__remul</name>
         <value>0xa33c</value>
         <object_component_ref idref="oc-d8"/>
      </symbol>
      <symbol id="sm-606">
         <name>func_epilog_1</name>
         <value>0xb436</value>
         <object_component_ref idref="oc-14d"/>
      </symbol>
      <symbol id="sm-607">
         <name>func_epilog_2</name>
         <value>0xb434</value>
         <object_component_ref idref="oc-14d"/>
      </symbol>
      <symbol id="sm-608">
         <name>func_epilog_3</name>
         <value>0xb432</value>
         <object_component_ref idref="oc-14d"/>
      </symbol>
      <symbol id="sm-609">
         <name>func_epilog_4</name>
         <value>0xb430</value>
         <object_component_ref idref="oc-14d"/>
      </symbol>
      <symbol id="sm-60a">
         <name>func_epilog_5</name>
         <value>0xb42e</value>
         <object_component_ref idref="oc-14d"/>
      </symbol>
      <symbol id="sm-60b">
         <name>func_epilog_6</name>
         <value>0xb42c</value>
         <object_component_ref idref="oc-14d"/>
      </symbol>
      <symbol id="sm-60c">
         <name>func_epilog_7</name>
         <value>0xb42a</value>
         <object_component_ref idref="oc-14d"/>
      </symbol>
      <symbol id="sm-619">
         <name>C$$EXIT</name>
         <value>0xb526</value>
         <object_component_ref idref="oc-149"/>
      </symbol>
      <symbol id="sm-61a">
         <name>abort</name>
         <value>0xb526</value>
         <object_component_ref idref="oc-149"/>
      </symbol>
      <symbol id="sm-61b">
         <name>__TI_exit</name>
         <value>0x1</value>
      </symbol>
      <symbol id="sm-63a">
         <name>__fs_add</name>
         <value>0x9234</value>
         <object_component_ref idref="oc-e6"/>
      </symbol>
      <symbol id="sm-63b">
         <name>__fs_sub</name>
         <value>0x922e</value>
         <object_component_ref idref="oc-e6"/>
      </symbol>
      <symbol id="sm-656">
         <name>__fs_mpy</name>
         <value>0x98c8</value>
         <object_component_ref idref="oc-eb"/>
      </symbol>
      <symbol id="sm-66c">
         <name>__fs_toi</name>
         <value>0xa270</value>
         <object_component_ref idref="oc-f0"/>
      </symbol>
      <symbol id="sm-67f">
         <name>__fs_tou</name>
         <value>0xa7c2</value>
         <object_component_ref idref="oc-f5"/>
      </symbol>
      <symbol id="sm-68e">
         <name>__fs_utof</name>
         <value>0xb0e8</value>
         <object_component_ref idref="oc-fa"/>
      </symbol>
      <symbol id="sm-692">
         <name>__TI_int00</name>
         <value>0xffe0</value>
         <object_component_ref idref="oc-1e"/>
      </symbol>
      <symbol id="sm-696">
         <name>__TI_int01</name>
         <value>0xffe2</value>
         <object_component_ref idref="oc-1f"/>
      </symbol>
      <symbol id="sm-69a">
         <name>__TI_int02</name>
         <value>0xffe4</value>
         <object_component_ref idref="oc-20"/>
      </symbol>
      <symbol id="sm-69e">
         <name>__TI_int04</name>
         <value>0xffe8</value>
         <object_component_ref idref="oc-22"/>
      </symbol>
      <symbol id="sm-6a2">
         <name>__TI_int08</name>
         <value>0xfff0</value>
         <object_component_ref idref="oc-26"/>
      </symbol>
      <symbol id="sm-6a6">
         <name>__TI_int09</name>
         <value>0xfff2</value>
         <object_component_ref idref="oc-27"/>
      </symbol>
      <symbol id="sm-6aa">
         <name>__TI_int10</name>
         <value>0xfff4</value>
         <object_component_ref idref="oc-28"/>
      </symbol>
      <symbol id="sm-6ae">
         <name>__TI_int11</name>
         <value>0xfff6</value>
         <object_component_ref idref="oc-29"/>
      </symbol>
      <symbol id="sm-6b2">
         <name>__TI_int12</name>
         <value>0xfff8</value>
         <object_component_ref idref="oc-2a"/>
      </symbol>
      <symbol id="sm-6b6">
         <name>__TI_int14</name>
         <value>0xfffc</value>
         <object_component_ref idref="oc-2c"/>
      </symbol>
      <symbol id="sm-6c2">
         <name>__TI_ISR_TRAP</name>
         <value>0xb4fe</value>
         <object_component_ref idref="oc-ff"/>
      </symbol>
      <symbol id="sm-6ce">
         <name>L_LSL_3</name>
         <value>0xa984</value>
         <object_component_ref idref="oc-1a8"/>
      </symbol>
      <symbol id="sm-6cf">
         <name>L_LSL_2</name>
         <value>0xa988</value>
         <object_component_ref idref="oc-1a8"/>
      </symbol>
      <symbol id="sm-6d0">
         <name>L_LSL_1</name>
         <value>0xa98c</value>
         <object_component_ref idref="oc-1a8"/>
      </symbol>
      <symbol id="sm-6d1">
         <name>L_LSL_7</name>
         <value>0xa974</value>
         <object_component_ref idref="oc-1a8"/>
      </symbol>
      <symbol id="sm-6d2">
         <name>L_LSL_6</name>
         <value>0xa978</value>
         <object_component_ref idref="oc-1a8"/>
      </symbol>
      <symbol id="sm-6d3">
         <name>L_LSL_5</name>
         <value>0xa97c</value>
         <object_component_ref idref="oc-1a8"/>
      </symbol>
      <symbol id="sm-6d4">
         <name>L_LSL_4</name>
         <value>0xa980</value>
         <object_component_ref idref="oc-1a8"/>
      </symbol>
      <symbol id="sm-6d5">
         <name>L_LSL_9</name>
         <value>0xa96c</value>
         <object_component_ref idref="oc-1a8"/>
      </symbol>
      <symbol id="sm-6d6">
         <name>L_LSL_8</name>
         <value>0xa970</value>
         <object_component_ref idref="oc-1a8"/>
      </symbol>
      <symbol id="sm-6d7">
         <name>L_LSL_12</name>
         <value>0xa960</value>
         <object_component_ref idref="oc-1a8"/>
      </symbol>
      <symbol id="sm-6d8">
         <name>L_LSL_13</name>
         <value>0xa95c</value>
         <object_component_ref idref="oc-1a8"/>
      </symbol>
      <symbol id="sm-6d9">
         <name>L_LSL_10</name>
         <value>0xa968</value>
         <object_component_ref idref="oc-1a8"/>
      </symbol>
      <symbol id="sm-6da">
         <name>L_LSL_11</name>
         <value>0xa964</value>
         <object_component_ref idref="oc-1a8"/>
      </symbol>
      <symbol id="sm-6db">
         <name>L_LSL_14</name>
         <value>0xa958</value>
         <object_component_ref idref="oc-1a8"/>
      </symbol>
      <symbol id="sm-6dc">
         <name>L_LSL_15</name>
         <value>0xa954</value>
         <object_component_ref idref="oc-1a8"/>
      </symbol>
      <symbol id="sm-6e8">
         <name>I_LSR</name>
         <value>0xa5c8</value>
         <object_component_ref idref="oc-108"/>
      </symbol>
      <symbol id="sm-6e9">
         <name>I_LSR_12</name>
         <value>0xa5e2</value>
         <object_component_ref idref="oc-108"/>
      </symbol>
      <symbol id="sm-6ea">
         <name>I_LSR_13</name>
         <value>0xa5de</value>
         <object_component_ref idref="oc-108"/>
      </symbol>
      <symbol id="sm-6eb">
         <name>I_LSR_10</name>
         <value>0xa5ea</value>
         <object_component_ref idref="oc-108"/>
      </symbol>
      <symbol id="sm-6ec">
         <name>I_LSR_11</name>
         <value>0xa5e6</value>
         <object_component_ref idref="oc-108"/>
      </symbol>
      <symbol id="sm-6ed">
         <name>I_LSR_14</name>
         <value>0xa5da</value>
         <object_component_ref idref="oc-108"/>
      </symbol>
      <symbol id="sm-6ee">
         <name>I_LSR_15</name>
         <value>0xa5d6</value>
         <object_component_ref idref="oc-108"/>
      </symbol>
      <symbol id="sm-6ef">
         <name>I_LSR_3</name>
         <value>0xa606</value>
         <object_component_ref idref="oc-108"/>
      </symbol>
      <symbol id="sm-6f0">
         <name>I_LSR_2</name>
         <value>0xa60a</value>
         <object_component_ref idref="oc-108"/>
      </symbol>
      <symbol id="sm-6f1">
         <name>I_LSR_1</name>
         <value>0xa60e</value>
         <object_component_ref idref="oc-108"/>
      </symbol>
      <symbol id="sm-6f2">
         <name>I_LSR_7</name>
         <value>0xa5f6</value>
         <object_component_ref idref="oc-108"/>
      </symbol>
      <symbol id="sm-6f3">
         <name>I_LSR_6</name>
         <value>0xa5fa</value>
         <object_component_ref idref="oc-108"/>
      </symbol>
      <symbol id="sm-6f4">
         <name>I_LSR_5</name>
         <value>0xa5fe</value>
         <object_component_ref idref="oc-108"/>
      </symbol>
      <symbol id="sm-6f5">
         <name>I_LSR_4</name>
         <value>0xa602</value>
         <object_component_ref idref="oc-108"/>
      </symbol>
      <symbol id="sm-6f6">
         <name>I_LSR_9</name>
         <value>0xa5ee</value>
         <object_component_ref idref="oc-108"/>
      </symbol>
      <symbol id="sm-6f7">
         <name>I_LSR_8</name>
         <value>0xa5f2</value>
         <object_component_ref idref="oc-108"/>
      </symbol>
      <symbol id="sm-706">
         <name>memcmp</name>
         <value>0xb150</value>
         <object_component_ref idref="oc-1b2"/>
      </symbol>
      <symbol id="sm-714">
         <name>memcpy</name>
         <value>0xb3c2</value>
         <object_component_ref idref="oc-14c"/>
      </symbol>
      <symbol id="sm-722">
         <name>memset</name>
         <value>0xb362</value>
         <object_component_ref idref="oc-177"/>
      </symbol>
      <symbol id="sm-739">
         <name>__mpyi</name>
         <value>0xb38a</value>
         <object_component_ref idref="oc-121"/>
      </symbol>
      <symbol id="sm-747">
         <name>__mpyl</name>
         <value>0xb09e</value>
         <object_component_ref idref="oc-126"/>
      </symbol>
      <symbol id="sm-753">
         <name>_system_pre_init</name>
         <value>0xb522</value>
         <object_component_ref idref="oc-146"/>
      </symbol>
      <symbol id="sm-761">
         <name>_nop</name>
         <value>0xb532</value>
         <object_component_ref idref="oc-145"/>
      </symbol>
      <symbol id="sm-762">
         <name>_lock</name>
         <value>0x424</value>
         <object_component_ref idref="oc-130"/>
      </symbol>
      <symbol id="sm-763">
         <name>_unlock</name>
         <value>0x426</value>
         <object_component_ref idref="oc-130"/>
      </symbol>
      <symbol id="sm-76d">
         <name>__TI_args_main</name>
         <value>0x1</value>
      </symbol>
      <symbol id="sm-77f">
         <name>_auto_init</name>
         <value>0xa65e</value>
         <object_component_ref idref="oc-147"/>
      </symbol>
      <symbol id="sm-780">
         <name>__TI_auto_init</name>
         <value>0x1</value>
      </symbol>
   </symbol_table>
   <title>Link errors: red sections failed placement,available memory ranges in purple</title>
</link_info>
